done Pitt_0050058
done CMU_b_0050652
done Leuven_2_0050722
done Leuven_2_0050755
done Leuven_1_0050708
done Leuven_1_0050682
done Leuven_2_0050757
done Caltech_0051473
done UM_1_0050297
done SBL_0051556
done SBL_0051585
done KKI_0050792
done KKI_0050825
done UCLA_1_0051261
done MaxMun_d_0051361
done NYU_0050952
done UM_1_0050272
done USM_0050433
done KKI_0050772
         file_id      tr  T_1d  T_nii  nfft       df       fs      nyq  bins_slow5  bins_slow4  bins_classical  min_valid_vox  max_valid_vox  OLD_max_abs  OLD_mean_abs  OLD_max_rel  OLD_mean_rel   M1_max_abs  M1_mean_abs   M1_max_rel  M1_mean_rel   M2_max_abs  M2_mean_abs   M2_max_rel  M2_mean_rel    bins_excl  excl_vs_incl_max_abs
    Pitt_0050058 1.50000   196    196   256 0.002604 0.666667 0.333333           7          18              27             62           1493 1.776357e-15  2.356140e-16 5.120434e-16  8.110838e-17 2.664535e-15 2.639864e-16 4.684603e-16 6.449825e-17 3.552714e-15 6.118562e-16 3.742545e-16 5.787812e-17  [7, 18, 27]                   0.0
   CMU_b_0050652 1.50000   316    316   512 0.001302 0.666667 0.333333          13          36              54             11           1444 1.776357e-15  2.450715e-16 4.069913e-16  7.169119e-17 2.664535e-15 2.763222e-16 4.296286e-16 6.845435e-17 5.329071e-15 6.250144e-16 4.028803e-16 6.257669e-17 [13, 36, 54]                   0.0
Leuven_2_0050722 1.65191   246    246   256 0.002365 0.605360 0.302680           7          19              29             62           1503 2.664535e-15  2.800229e-16 4.180739e-16  8.511183e-17 1.776357e-15 2.919475e-16 4.143011e-16 6.842543e-17 5.329071e-15 6.102115e-16 5.609746e-16 6.589326e-17  [7, 19, 29]                   0.0
Leuven_2_0050755 1.65126   246    246   256 0.002366 0.605598 0.302799           7          19              29             62           1505 1.776357e-15  2.972931e-16 5.411905e-16  7.148334e-17 3.552714e-15 3.634952e-16 3.919621e-16 7.127963e-17 3.552714e-15 6.579099e-16 4.387622e-16 6.764189e-17  [7, 19, 29]                   0.0
Leuven_1_0050708 1.66452   246    246   256 0.002347 0.600774 0.300387           7          20              30             19           1489 1.776357e-15  2.122659e-16 4.672637e-16  7.308321e-17 1.776357e-15 2.586408e-16 4.289148e-16 6.687599e-17 3.552714e-15 5.230384e-16 5.071755e-16 6.708589e-17  [7, 20, 30]                   0.0
Leuven_1_0050682 1.66665   246    246   256 0.002344 0.600006 0.300003           7          20              30             15           1485 3.552714e-15  3.237123e-16 3.533074e-16  5.872087e-17 3.552714e-15 4.778071e-16 4.232646e-16 6.556963e-17 5.329071e-15 6.694234e-16 3.682844e-16 5.541295e-17  [7, 20, 30]                   0.0
Leuven_2_0050757 1.66649   246    246   256 0.002344 0.600064 0.300032           7          20              30             42           1502 2.664535e-15  2.619304e-16 4.652916e-16  7.098702e-17 2.664535e-15 3.380012e-16 4.947276e-16 7.464821e-17 3.552714e-15 6.102115e-16 4.618098e-16 7.157967e-17  [7, 20, 30]                   0.0
 Caltech_0051473 2.00000   146    146   256 0.001953 0.500000 0.250000           8          24              35              6           1450 1.776357e-15  2.384956e-16 4.706053e-16  7.641788e-17 2.664535e-15 2.960595e-16 4.445015e-16 6.547712e-17 3.552714e-15 6.167906e-16 4.339853e-16 5.577443e-17  [8, 24, 35]                   0.0
    UM_1_0050297 2.00000   296    296   512 0.000977 0.500000 0.250000          17          47              71             62           1495 3.552714e-15  4.704056e-16 4.422917e-16  7.149938e-17 3.552714e-15 3.832325e-16 3.757157e-16 5.418269e-17 1.065814e-14 1.032919e-15 4.356435e-16 5.471542e-17 [17, 47, 71]                   0.0
     SBL_0051556 2.20000   196    196   256 0.001776 0.454545 0.227273          10          26              40             62           1434 3.552714e-15  5.320847e-16 4.274827e-16  6.705255e-17 7.105427e-15 7.056084e-16 4.771745e-16 6.733350e-17 1.065814e-14 1.125026e-15 4.758127e-16 6.152804e-17 [10, 26, 40]                   0.0
     SBL_0051585 2.20000   196    196   256 0.001776 0.454545 0.227273          10          26              40             62           1430 3.552714e-15  3.297774e-16 4.836951e-16  7.871455e-17 3.552714e-15 3.848773e-16 4.327051e-16 6.688224e-17 1.065814e-14 8.585725e-16 5.123739e-16 6.590397e-17 [10, 26, 40]                   0.0
     KKI_0050792 2.50000   124    124   128 0.003125 0.400000 0.200000           5          15              22             62           1507 5.329071e-15  4.070818e-16 4.697112e-16  7.843687e-17 7.105427e-15 4.786295e-16 4.251779e-16 7.656519e-17 1.421085e-14 1.013181e-15 5.808536e-16 5.680770e-17  [5, 15, 22]                   0.0
     KKI_0050825 2.50000   152    152   256 0.001563 0.400000 0.200000          11          29              45             62           1509 5.329071e-15  2.475386e-16 4.649719e-16  6.526183e-17 2.664535e-15 2.870132e-16 3.906850e-16 6.819552e-17 7.105427e-15 7.829128e-16 3.900913e-16 6.157867e-17 [11, 29, 45]                   0.0
  UCLA_1_0051261 3.00000   116    116   128 0.002604 0.333333 0.166667           7          18              27             62           1509 3.552714e-15  3.190863e-16 3.946914e-16  7.122866e-17 3.552714e-15 3.865221e-16 4.781451e-16 7.107097e-17 5.329071e-15 7.105427e-16 4.219864e-16 5.783156e-17  [7, 18, 27]                   0.0
MaxMun_d_0051361 3.00000   196    196   256 0.001302 0.333333 0.166667          13          36              54             62           1500 5.329071e-15  5.016563e-16 6.351221e-16  9.588580e-17 3.552714e-15 5.098802e-16 4.577872e-16 7.421902e-17 7.105427e-15 1.296083e-15 4.337606e-16 7.293314e-17 [13, 36, 54]                   0.0
     NYU_0050952 2.00000   176    176   256 0.001953 0.500000 0.250000           8          24              35             62           1510 3.552714e-15  6.052771e-16 4.269266e-16  7.569112e-17 3.552714e-15 5.641578e-16 3.402449e-16 6.022001e-17 1.065814e-14 1.348715e-15 5.318343e-16 6.607612e-17  [8, 24, 35]                   0.0
    UM_1_0050272 2.00000   296    296   512 0.000977 0.500000 0.250000          17          47              71             62           1510 3.552714e-15  4.029698e-16 4.079164e-16  7.979233e-17 2.664535e-15 3.207311e-16 3.558119e-16 5.072625e-17 1.065814e-14 1.131605e-15 4.318056e-16 6.682158e-17 [17, 47, 71]                   0.0
     USM_0050433 2.00000   236    236   256 0.001953 0.500000 0.250000           8          24              35             62           1509 1.776357e-15  2.763222e-16 4.883567e-16  7.513681e-17 3.552714e-15 3.042833e-16 4.225517e-16 6.533682e-17 7.105427e-15 9.144948e-16 4.639383e-16 6.795420e-17  [8, 24, 35]                   0.0
     KKI_0050772 2.50000   152    152   256 0.001563 0.400000 0.200000          11          29              45             62           1509 3.552714e-15  3.931012e-16 7.387592e-16  8.673307e-17 3.552714e-15 3.815878e-16 5.921547e-16 6.910441e-17 7.105427e-15 8.289665e-16 4.578451e-16 6.025178e-17 [11, 29, 45]                   0.0
