{'slow5': 979, 'slow4': 979, 'classical': 979}
done CMU_a_0050642 0.582715034563161
done KKI_0050788 0.6415511665242343
done Leuven_2_0050728 0.7646312757483548
done MaxMun_d_0051329 0.5763271385065764
done NYU_0051010 0.57204511521454
done NYU_0051079 0.6168715705593182
done Olin_0050109 0.5415364082380891
done Pitt_0050043 0.6385465150509978
done SDSU_0050202 0.6824810638901795
done Trinity_0050246 0.7011697645515266
done UCLA_1_0051236 0.47168364344918656
done UM_1_0050277 0.6267393836354952
done UM_1_0050352 0.5602929943628636
done USM_0050435 0.6645133991384076
done USM_0050529 0.5440455521086313
         file_id  max_abs  pearson  spearman  raw_min  raw_max
   CMU_a_0050642 2.615252 0.582715  0.602630 0.507715 1.620251
     KKI_0050788 2.692544 0.641551  0.664462 0.452373 1.539585
Leuven_2_0050728 1.966957 0.764631  0.735817 0.136144 1.580179
MaxMun_d_0051329 2.327335 0.576327  0.511757 0.478351 1.382348
     NYU_0051010 3.190475 0.572045  0.605549 0.512619 1.740405
     NYU_0051079 3.302056 0.616872  0.675648 0.408179 1.833274
    Olin_0050109 2.260538 0.541536  0.538035 0.442875 1.688384
    Pitt_0050043 3.389940 0.638547  0.653754 0.423302 1.868396
    SDSU_0050202 2.219887 0.682481  0.576928 0.184324 1.793136
 Trinity_0050246 2.571792 0.701170  0.679066 0.175748 1.492977
  UCLA_1_0051236 2.541142 0.471684  0.372203 0.398919 1.300371
    UM_1_0050277 2.572037 0.626739  0.587863 0.536367 1.640628
    UM_1_0050352 3.183176 0.560293  0.522534 0.436757 1.690043
     USM_0050435 2.806609 0.664513  0.609488 0.439413 1.369353
     USM_0050529 3.183350 0.544046  0.501305 0.418699 1.608528

SUMMARY n=15  pearson min=0.471684 median=0.616872
         max_abs min=1.9670 max=3.3899
