[T2_K2_wd0.0001_s0] arm=T2 K=2 wd=0.0001 seed=20260818 folds=24 host=node08.cognition.gla.alces.network cores=4
skip T2_K2_wd0.0001_s0 o0
skip T2_K2_wd0.0001_s0 o1
[T2_K2_wd0.0001_s0/o2] ep20 vl 0.6970 va 0.6411 clip 10/10
DONE T2_K2_wd0.0001_s0 o2 head 0.5060 probe 0.6123 val 0.6531 ep1 UNDERFIT 32.4s
[T2_K2_wd0.0001_s0/o3] ep20 vl 0.6752 va 0.6539 clip 10/10
[T2_K2_wd0.0001_s0/o3] ep40 vl 0.8694 va 0.6312 clip 10/10
DONE T2_K2_wd0.0001_s0 o3 head 0.6158 probe 0.6286 val 0.6639 ep23 OVERFIT 54.6s
[T2_K2_wd0.0001_s0/o4] ep20 vl 0.6686 va 0.6611 clip 10/10
[T2_K2_wd0.0001_s0/o4] ep40 vl 0.7935 va 0.6586 clip 10/10
DONE T2_K2_wd0.0001_s0 o4 head 0.6105 probe 0.6185 val 0.6738 ep24 HEALTHY 56.5s
[T2_K2_wd0.0001_s0/l0] ep20 vl 0.6534 va 0.6868 clip 12/12
DONE T2_K2_wd0.0001_s0 l0 head 0.3906 probe 0.5365 val 0.7106 ep19 HEALTHY 59.6s
[T2_K2_wd0.0001_s0/l1] ep20 vl 0.6754 va 0.6406 clip 12/12
[T2_K2_wd0.0001_s0/l1] ep40 vl 0.8165 va 0.6593 clip 12/12
[T2_K2_wd0.0001_s0/l1] ep60 vl 0.9150 va 0.6650 clip 12/12
DONE T2_K2_wd0.0001_s0 l1 head 0.8788 probe 0.8788 val 0.6767 ep54 OVERFIT 106.3s
[T2_K2_wd0.0001_s0/l2] ep20 vl 0.6752 va 0.6682 clip 12/12
[T2_K2_wd0.0001_s0/l2] ep40 vl 0.7318 va 0.6849 clip 12/12
DONE T2_K2_wd0.0001_s0 l2 head 0.6372 probe 0.6335 val 0.6940 ep35 OVERFIT 76.4s
[T2_K2_wd0.0001_s0/l3] ep20 vl 0.6748 va 0.6788 clip 12/12
DONE T2_K2_wd0.0001_s0 l3 head 0.7194 probe 0.7347 val 0.6823 ep19 HEALTHY 55.9s
[T2_K2_wd0.0001_s0/l4] ep20 vl 0.7323 va 0.6223 clip 12/12
