[T2_K4_wd0.001_s1] arm=T2 K=4 wd=0.001 seed=20260819 folds=24 host=node05.cognition.gla.alces.network cores=4
[T2_K4_wd0.001_s1/o0] ep20 vl 0.7065 va 0.6115 clip 10/10
[T2_K4_wd0.001_s1/o0] ep40 vl 0.8655 va 0.6257 clip 10/10
DONE T2_K4_wd0.001_s1 o0 head 0.6756 probe 0.6733 val 0.6307 ep22 HEALTHY 79.0s
[T2_K4_wd0.001_s1/o1] ep20 vl 0.6957 va 0.5753 clip 10/10
[T2_K4_wd0.001_s1/o1] ep40 vl 0.8802 va 0.6329 clip 10/10
[T2_K4_wd0.001_s1/o1] ep60 vl 1.0178 va 0.6248 clip 10/10
DONE T2_K4_wd0.001_s1 o1 head 0.6795 probe 0.6940 val 0.6408 ep44 OVERFIT 82.3s
[T2_K4_wd0.001_s1/o2] ep20 vl 0.6705 va 0.6490 clip 10/10
DONE T2_K4_wd0.001_s1 o2 head 0.6379 probe 0.6553 val 0.6577 ep19 HEALTHY 53.7s
[T2_K4_wd0.001_s1/o3] ep20 vl 0.6857 va 0.6276 clip 10/10
[T2_K4_wd0.001_s1/o3] ep40 vl 0.7851 va 0.6533 clip 10/10
[T2_K4_wd0.001_s1/o3] ep60 vl 0.9143 va 0.6711 clip 10/10
[T2_K4_wd0.001_s1/o3] ep80 vl 1.0627 va 0.6868 clip 10/10
DONE T2_K4_wd0.001_s1 o3 head 0.6635 probe 0.6366 val 0.6920 ep79 OVERFIT 98.8s
[T2_K4_wd0.001_s1/o4] ep20 vl 0.7532 va 0.6289 clip 10/10
[T2_K4_wd0.001_s1/o4] ep40 vl 0.9412 va 0.6635 clip 10/10
DONE T2_K4_wd0.001_s1 o4 head 0.6219 probe 0.6193 val 0.6738 ep36 OVERFIT 68.5s
[T2_K4_wd0.001_s1/l0] ep20 vl 0.6794 va 0.6943 clip 12/12
[T2_K4_wd0.001_s1/l0] ep40 vl 0.8656 va 0.6766 clip 12/12
DONE T2_K4_wd0.001_s1 l0 head 0.3385 probe 0.3854 val 0.7081 ep26 HEALTHY 79.7s
[T2_K4_wd0.001_s1/l1] ep20 vl 0.6866 va 0.6366 clip 11/12
[T2_K4_wd0.001_s1/l1] ep40 vl 0.9746 va 0.6398 clip 12/12
[T2_K4_wd0.001_s1/l1] ep60 vl 1.0920 va 0.6427 clip 12/12
DONE T2_K4_wd0.001_s1 l1 head 0.7576 probe 0.7576 val 0.6628 ep58 OVERFIT 105.3s
[T2_K4_wd0.001_s1/l2] ep20 vl 0.8178 va 0.6453 clip 12/12
[T2_K4_wd0.001_s1/l2] ep40 vl 0.8945 va 0.6566 clip 12/12
[T2_K4_wd0.001_s1/l2] ep60 vl 1.0878 va 0.6949 clip 12/12
[T2_K4_wd0.001_s1/l2] ep80 vl 1.1613 va 0.6739 clip 12/12
DONE T2_K4_wd0.001_s1 l2 head 0.6278 probe 0.6729 val 0.7062 ep67 OVERFIT 103.0s
[T2_K4_wd0.001_s1/l3] ep20 vl 0.6882 va 0.6328 clip 12/12
[T2_K4_wd0.001_s1/l3] ep40 vl 0.8833 va 0.6465 clip 12/12
[T2_K4_wd0.001_s1/l3] ep60 vl 1.0417 va 0.6601 clip 12/12
[T2_K4_wd0.001_s1/l3] ep80 vl 1.0864 va 0.6608 clip 12/12
DONE T2_K4_wd0.001_s1 l3 head 0.7653 probe 0.7347 val 0.6759 ep66 OVERFIT 108.5s
[T2_K4_wd0.001_s1/l4] ep20 vl 0.7008 va 0.6175 clip 12/12
[T2_K4_wd0.001_s1/l4] ep40 vl 0.8698 va 0.6514 clip 12/12
[T2_K4_wd0.001_s1/l4] ep60 vl 1.0308 va 0.6511 clip 12/12
DONE T2_K4_wd0.001_s1 l4 head 0.5333 probe 0.5667 val 0.6586 ep58 OVERFIT 97.8s
[T2_K4_wd0.001_s1/l5] ep20 vl 0.7195 va 0.5875 clip 12/12
[T2_K4_wd0.001_s1/l5] ep40 vl 0.8709 va 0.6256 clip 12/12
[T2_K4_wd0.001_s1/l5] ep60 vl 1.0136 va 0.6295 clip 12/12
[T2_K4_wd0.001_s1/l5] ep80 vl 1.1238 va 0.6485 clip 12/12
DONE T2_K4_wd0.001_s1 l5 head 0.6371 probe 0.6756 val 0.6603 ep65 OVERFIT 108.8s
[T2_K4_wd0.001_s1/l6] ep20 vl 0.6608 va 0.6534 clip 10/10
[T2_K4_wd0.001_s1/l6] ep40 vl 0.8438 va 0.6669 clip 10/10
DONE T2_K4_wd0.001_s1 l6 head 0.6276 probe 0.6269 val 0.6859 ep29 HEALTHY 68.7s
[T2_K4_wd0.001_s1/l7] ep20 vl 0.6726 va 0.6751 clip 12/12
[T2_K4_wd0.001_s1/l7] ep40 vl 0.7996 va 0.6716 clip 12/12
[T2_K4_wd0.001_s1/l7] ep60 vl 0.9467 va 0.6546 clip 12/12
DONE T2_K4_wd0.001_s1 l7 head 0.7185 probe 0.7111 val 0.6846 ep46 OVERFIT 96.3s
[T2_K4_wd0.001_s1/l8] ep20 vl 0.6946 va 0.5921 clip 12/12
[T2_K4_wd0.001_s1/l8] ep40 vl 0.9256 va 0.6097 clip 12/12
[T2_K4_wd0.001_s1/l8] ep60 vl 1.1941 va 0.6026 clip 12/12
[T2_K4_wd0.001_s1/l8] ep80 vl 1.2782 va 0.6258 clip 12/12
[T2_K4_wd0.001_s1/l8] ep100 vl 1.2877 va 0.6103 clip 12/12
DONE T2_K4_wd0.001_s1 l8 head 0.7135 probe 0.6910 val 0.6372 ep81 OVERFIT 124.2s
[T2_K4_wd0.001_s1/l9] ep20 vl 0.6613 va 0.6780 clip 12/12
[T2_K4_wd0.001_s1/l9] ep40 vl 0.7957 va 0.6850 clip 12/12
DONE T2_K4_wd0.001_s1 l9 head 0.7524 probe 0.7667 val 0.6963 ep25 HEALTHY 75.8s
[T2_K4_wd0.001_s1/l10] ep20 vl 0.6947 va 0.6426 clip 12/12
[T2_K4_wd0.001_s1/l10] ep40 vl 0.9081 va 0.6589 clip 12/12
DONE T2_K4_wd0.001_s1 l10 head 0.5636 probe 0.5773 val 0.6713 ep27 OVERFIT 91.8s
[T2_K4_wd0.001_s1/l11] ep20 vl 0.7128 va 0.6466 clip 12/12
[T2_K4_wd0.001_s1/l11] ep40 vl 0.8580 va 0.6407 clip 12/12
DONE T2_K4_wd0.001_s1 l11 head 0.6000 probe 0.6316 val 0.6664 ep30 OVERFIT 82.0s
[T2_K4_wd0.001_s1/l12] ep20 vl 0.7182 va 0.6237 clip 12/12
[T2_K4_wd0.001_s1/l12] ep40 vl 0.9668 va 0.6397 clip 12/12
[T2_K4_wd0.001_s1/l12] ep60 vl 1.0866 va 0.6396 clip 12/12
[T2_K4_wd0.001_s1/l12] ep80 vl 1.0340 va 0.6555 clip 12/12
DONE T2_K4_wd0.001_s1 l12 head 0.5397 probe 0.5556 val 0.6665 ep77 OVERFIT 117.7s
[T2_K4_wd0.001_s1/l13] ep20 vl 0.7139 va 0.6373 clip 12/12
[T2_K4_wd0.001_s1/l13] ep40 vl 0.9832 va 0.6234 clip 12/12
DONE T2_K4_wd0.001_s1 l13 head 0.6589 probe 0.6598 val 0.6374 ep25 OVERFIT 96.2s
[T2_K4_wd0.001_s1/l14] ep20 vl 0.7484 va 0.5637 clip 12/12
[T2_K4_wd0.001_s1/l14] ep40 vl 1.0482 va 0.6001 clip 12/12
[T2_K4_wd0.001_s1/l14] ep60 vl 1.1677 va 0.6148 clip 12/12
[T2_K4_wd0.001_s1/l14] ep80 vl 1.1159 va 0.6141 clip 12/12
[T2_K4_wd0.001_s1/l14] ep100 vl 1.1377 va 0.6275 clip 12/12
[T2_K4_wd0.001_s1/l14] ep120 vl 1.1000 va 0.6085 clip 11/12
DONE T2_K4_wd0.001_s1 l14 head 0.7462 probe 0.6923 val 0.6469 ep113 OVERFIT 165.3s
[T2_K4_wd0.001_s1/l15] ep20 vl 0.6857 va 0.6194 clip 11/11
[T2_K4_wd0.001_s1/l15] ep40 vl 0.8313 va 0.6424 clip 11/11
DONE T2_K4_wd0.001_s1 l15 head 0.7249 probe 0.7421 val 0.6648 ep36 OVERFIT 75.0s
[T2_K4_wd0.001_s1/l16] ep20 vl 0.7085 va 0.6305 clip 12/12
DONE T2_K4_wd0.001_s1 l16 head 0.5769 probe 0.6385 val 0.6408 ep17 HEALTHY 78.5s
[T2_K4_wd0.001_s1/l17] ep20 vl 0.8151 va 0.5869 clip 12/12
[T2_K4_wd0.001_s1/l17] ep40 vl 0.9738 va 0.6204 clip 12/12
[T2_K4_wd0.001_s1/l17] ep60 vl 1.0681 va 0.6574 clip 12/12
[T2_K4_wd0.001_s1/l17] ep80 vl 1.0291 va 0.6751 clip 12/12
[T2_K4_wd0.001_s1/l17] ep100 vl 0.9966 va 0.6813 clip 12/12
[T2_K4_wd0.001_s1/l17] ep120 vl 0.9471 va 0.6913 clip 11/12
[T2_K4_wd0.001_s1/l17] ep140 vl 0.9817 va 0.6944 clip 8/12
[T2_K4_wd0.001_s1/l17] ep160 vl 0.9332 va 0.6863 clip 10/12
DONE T2_K4_wd0.001_s1 l17 head 0.5736 probe 0.6200 val 0.7100 ep141 OVERFIT 182.0s
[T2_K4_wd0.001_s1/l18] ep20 vl 0.7445 va 0.5816 clip 12/12
[T2_K4_wd0.001_s1/l18] ep40 vl 1.1208 va 0.5956 clip 12/12
[T2_K4_wd0.001_s1/l18] ep60 vl 1.0946 va 0.6082 clip 12/12
[T2_K4_wd0.001_s1/l18] ep80 vl 1.1887 va 0.6269 clip 12/12
DONE T2_K4_wd0.001_s1 l18 head 0.6653 probe 0.6667 val 0.6269 ep80 OVERFIT 116.4s
UNIT_COMPLETE T2_K4_wd0.001_s1 total 2358s
