[T2_K8_wd0.0001_s0] arm=T2 K=8 wd=0.0001 seed=20260818 folds=24 host=node05.cognition.gla.alces.network cores=4
[T2_K8_wd0.0001_s0/o0] ep20 vl 0.6732 va 0.6521 clip 10/10
[T2_K8_wd0.0001_s0/o0] ep40 vl 0.7376 va 0.6877 clip 10/10
DONE T2_K8_wd0.0001_s0 o0 head 0.6432 probe 0.6509 val 0.7118 ep36 OVERFIT 83.7s
[T2_K8_wd0.0001_s0/o1] ep20 vl 0.6775 va 0.6308 clip 10/10
[T2_K8_wd0.0001_s0/o1] ep40 vl 0.7635 va 0.6844 clip 10/10
[T2_K8_wd0.0001_s0/o1] ep60 vl 0.9261 va 0.6471 clip 10/10
DONE T2_K8_wd0.0001_s0 o1 head 0.6899 probe 0.7007 val 0.6885 ep47 OVERFIT 84.7s
[T2_K8_wd0.0001_s0/o2] ep20 vl 0.6856 va 0.6346 clip 10/10
[T2_K8_wd0.0001_s0/o2] ep40 vl 0.8969 va 0.6130 clip 10/10
DONE T2_K8_wd0.0001_s0 o2 head 0.6434 probe 0.6393 val 0.6678 ep29 OVERFIT 72.3s
[T2_K8_wd0.0001_s0/o3] ep20 vl 0.6705 va 0.6413 clip 10/10
[T2_K8_wd0.0001_s0/o3] ep40 vl 0.8068 va 0.6421 clip 10/10
DONE T2_K8_wd0.0001_s0 o3 head 0.6068 probe 0.6407 val 0.6687 ep30 OVERFIT 78.0s
[T2_K8_wd0.0001_s0/o4] ep20 vl 0.7216 va 0.6308 clip 10/10
[T2_K8_wd0.0001_s0/o4] ep40 vl 0.7537 va 0.7161 clip 10/10
DONE T2_K8_wd0.0001_s0 o4 head 0.6702 probe 0.6717 val 0.7228 ep37 OVERFIT 81.4s
[T2_K8_wd0.0001_s0/l0] ep20 vl 0.6607 va 0.7113 clip 12/12
[T2_K8_wd0.0001_s0/l0] ep40 vl 0.8527 va 0.6786 clip 12/12
DONE T2_K8_wd0.0001_s0 l0 head 0.3750 probe 0.3229 val 0.7160 ep27 HEALTHY 104.8s
[T2_K8_wd0.0001_s0/l1] ep20 vl 0.7128 va 0.6079 clip 12/12
DONE T2_K8_wd0.0001_s0 l1 head 0.6263 probe 0.8081 val 0.6235 ep4 UNDERFIT 100.8s
[T2_K8_wd0.0001_s0/l2] ep20 vl 0.6904 va 0.6592 clip 12/12
[T2_K8_wd0.0001_s0/l2] ep40 vl 0.7989 va 0.6672 clip 12/12
DONE T2_K8_wd0.0001_s0 l2 head 0.5508 probe 0.5602 val 0.7036 ep37 OVERFIT 99.1s
[T2_K8_wd0.0001_s0/l3] ep20 vl 0.7088 va 0.6348 clip 12/12
[T2_K8_wd0.0001_s0/l3] ep40 vl 0.8536 va 0.6325 clip 12/12
DONE T2_K8_wd0.0001_s0 l3 head 0.5969 probe 0.6173 val 0.6547 ep25 OVERFIT 102.0s
[T2_K8_wd0.0001_s0/l4] ep20 vl 0.7776 va 0.6043 clip 12/12
[T2_K8_wd0.0001_s0/l4] ep40 vl 0.9545 va 0.5935 clip 12/12
DONE T2_K8_wd0.0001_s0 l4 head 0.6444 probe 0.6370 val 0.6108 ep22 OVERFIT 104.0s
[T2_K8_wd0.0001_s0/l5] ep20 vl 0.7141 va 0.6011 clip 12/12
DONE T2_K8_wd0.0001_s0 l5 head 0.5502 probe 0.5251 val 0.6513 ep10 HEALTHY 95.4s
[T2_K8_wd0.0001_s0/l6] ep20 vl 0.6741 va 0.6479 clip 10/10
[T2_K8_wd0.0001_s0/l6] ep40 vl 0.7290 va 0.6932 clip 10/10
[T2_K8_wd0.0001_s0/l6] ep60 vl 0.9852 va 0.6532 clip 10/10
DONE T2_K8_wd0.0001_s0 l6 head 0.6518 probe 0.6470 val 0.7190 ep41 OVERFIT 77.9s
[T2_K8_wd0.0001_s0/l7] ep20 vl 0.7055 va 0.6597 clip 12/12
[T2_K8_wd0.0001_s0/l7] ep40 vl 0.8485 va 0.6835 clip 12/12
[T2_K8_wd0.0001_s0/l7] ep60 vl 0.9231 va 0.6858 clip 12/12
DONE T2_K8_wd0.0001_s0 l7 head 0.5741 probe 0.6370 val 0.6945 ep55 OVERFIT 102.4s
[T2_K8_wd0.0001_s0/l8] ep20 vl 0.7263 va 0.6157 clip 12/12
[T2_K8_wd0.0001_s0/l8] ep40 vl 0.9042 va 0.6452 clip 12/12
[T2_K8_wd0.0001_s0/l8] ep60 vl 1.0836 va 0.6568 clip 12/12
DONE T2_K8_wd0.0001_s0 l8 head 0.6180 probe 0.5889 val 0.6612 ep44 OVERFIT 99.3s
[T2_K8_wd0.0001_s0/l9] ep20 vl 0.7412 va 0.6543 clip 12/12
[T2_K8_wd0.0001_s0/l9] ep40 vl 0.8550 va 0.6612 clip 12/12
[T2_K8_wd0.0001_s0/l9] ep60 vl 0.9277 va 0.6722 clip 12/12
DONE T2_K8_wd0.0001_s0 l9 head 0.6333 probe 0.6524 val 0.6966 ep46 OVERFIT 102.4s
[T2_K8_wd0.0001_s0/l10] ep20 vl 0.7155 va 0.6257 clip 12/12
[T2_K8_wd0.0001_s0/l10] ep40 vl 0.8485 va 0.6640 clip 12/12
DONE T2_K8_wd0.0001_s0 l10 head 0.6455 probe 0.6364 val 0.6729 ep39 OVERFIT 108.6s
[T2_K8_wd0.0001_s0/l11] ep20 vl 0.6853 va 0.6509 clip 12/12
[T2_K8_wd0.0001_s0/l11] ep40 vl 0.8922 va 0.6512 clip 12/12
DONE T2_K8_wd0.0001_s0 l11 head 0.4579 probe 0.4368 val 0.6634 ep26 OVERFIT 95.9s
[T2_K8_wd0.0001_s0/l12] ep20 vl 0.7032 va 0.6353 clip 12/12
[T2_K8_wd0.0001_s0/l12] ep40 vl 0.8029 va 0.6760 clip 12/12
[T2_K8_wd0.0001_s0/l12] ep60 vl 0.9277 va 0.6776 clip 12/12
DONE T2_K8_wd0.0001_s0 l12 head 0.6984 probe 0.7440 val 0.6933 ep45 OVERFIT 103.2s
[T2_K8_wd0.0001_s0/l13] ep20 vl 0.7321 va 0.6316 clip 12/12
[T2_K8_wd0.0001_s0/l13] ep40 vl 0.9408 va 0.6691 clip 12/12
[T2_K8_wd0.0001_s0/l13] ep60 vl 1.0137 va 0.6515 clip 12/12
DONE T2_K8_wd0.0001_s0 l13 head 0.7139 probe 0.7251 val 0.6740 ep50 OVERFIT 103.9s
[T2_K8_wd0.0001_s0/l14] ep20 vl 0.7447 va 0.5967 clip 12/12
[T2_K8_wd0.0001_s0/l14] ep40 vl 0.9240 va 0.6261 clip 12/12
[T2_K8_wd0.0001_s0/l14] ep60 vl 1.0592 va 0.6408 clip 12/12
[T2_K8_wd0.0001_s0/l14] ep80 vl 1.0306 va 0.6212 clip 12/12
DONE T2_K8_wd0.0001_s0 l14 head 0.6692 probe 0.6538 val 0.6494 ep65 OVERFIT 115.5s
[T2_K8_wd0.0001_s0/l15] ep20 vl 0.6943 va 0.5927 clip 11/11
[T2_K8_wd0.0001_s0/l15] ep40 vl 0.8188 va 0.6756 clip 11/11
DONE T2_K8_wd0.0001_s0 l15 head 0.7157 probe 0.7702 val 0.6756 ep40 OVERFIT 95.1s
[T2_K8_wd0.0001_s0/l16] ep20 vl 0.7125 va 0.6390 clip 12/12
[T2_K8_wd0.0001_s0/l16] ep40 vl 0.8415 va 0.6505 clip 12/12
[T2_K8_wd0.0001_s0/l16] ep60 vl 0.9204 va 0.6798 clip 12/12
[T2_K8_wd0.0001_s0/l16] ep80 vl 0.9343 va 0.6745 clip 12/12
[T2_K8_wd0.0001_s0/l16] ep100 vl 0.8995 va 0.6523 clip 12/12
DONE T2_K8_wd0.0001_s0 l16 head 0.6538 probe 0.6692 val 0.6909 ep81 OVERFIT 126.5s
[T2_K8_wd0.0001_s0/l17] ep20 vl 0.7368 va 0.5589 clip 12/12
[T2_K8_wd0.0001_s0/l17] ep40 vl 0.9564 va 0.5815 clip 12/12
DONE T2_K8_wd0.0001_s0 l17 head 0.8218 probe 0.8264 val 0.5986 ep29 OVERFIT 99.8s
[T2_K8_wd0.0001_s0/l18] ep20 vl 0.7156 va 0.6018 clip 12/12
[T2_K8_wd0.0001_s0/l18] ep40 vl 0.9393 va 0.6032 clip 12/12
DONE T2_K8_wd0.0001_s0 l18 head 0.8069 probe 0.8122 val 0.6136 ep30 OVERFIT 100.6s
UNIT_COMPLETE T2_K8_wd0.0001_s0 total 2341s
