[T2_K8_wd0.001_s1] arm=T2 K=8 wd=0.001 seed=20260819 folds=24 host=node09.cognition.gla.alces.network cores=4
[T2_K8_wd0.001_s1/o0] ep20 vl 0.7303 va 0.6296 clip 10/10
[T2_K8_wd0.001_s1/o0] ep40 vl 0.8402 va 0.6502 clip 10/10
[T2_K8_wd0.001_s1/o0] ep60 vl 1.0050 va 0.6570 clip 10/10
[T2_K8_wd0.001_s1/o0] ep80 vl 1.0371 va 0.6603 clip 10/10
DONE T2_K8_wd0.001_s1 o0 head 0.6167 probe 0.6118 val 0.6714 ep74 OVERFIT 103.6s
[T2_K8_wd0.001_s1/o1] ep20 vl 0.6955 va 0.5906 clip 10/10
[T2_K8_wd0.001_s1/o1] ep40 vl 0.7161 va 0.6529 clip 10/10
DONE T2_K8_wd0.001_s1 o1 head 0.6840 probe 0.6998 val 0.6692 ep33 OVERFIT 83.5s
[T2_K8_wd0.001_s1/o2] ep20 vl 0.6840 va 0.5974 clip 10/10
[T2_K8_wd0.001_s1/o2] ep40 vl 0.9760 va 0.6067 clip 10/10
DONE T2_K8_wd0.001_s1 o2 head 0.6867 probe 0.6629 val 0.6324 ep29 OVERFIT 78.5s
[T2_K8_wd0.001_s1/o3] ep20 vl 0.6700 va 0.6646 clip 10/10
[T2_K8_wd0.001_s1/o3] ep40 vl 0.7905 va 0.6539 clip 10/10
[T2_K8_wd0.001_s1/o3] ep60 vl 0.9095 va 0.6563 clip 10/10
DONE T2_K8_wd0.001_s1 o3 head 0.5805 probe 0.6059 val 0.6712 ep43 OVERFIT 76.8s
[T2_K8_wd0.001_s1/o4] ep20 vl 0.7337 va 0.5793 clip 10/10
[T2_K8_wd0.001_s1/o4] ep40 vl 0.9607 va 0.6113 clip 10/10
[T2_K8_wd0.001_s1/o4] ep60 vl 1.0629 va 0.6113 clip 10/10
[T2_K8_wd0.001_s1/o4] ep80 vl 1.1092 va 0.6375 clip 10/10
[T2_K8_wd0.001_s1/o4] ep100 vl 1.0554 va 0.6377 clip 10/10
DONE T2_K8_wd0.001_s1 o4 head 0.6375 probe 0.6397 val 0.6635 ep97 OVERFIT 117.7s
[T2_K8_wd0.001_s1/l0] ep20 vl 0.6933 va 0.6672 clip 12/12
DONE T2_K8_wd0.001_s1 l0 head 0.4010 probe 0.4688 val 0.6937 ep17 HEALTHY 106.7s
[T2_K8_wd0.001_s1/l1] ep20 vl 0.7401 va 0.5941 clip 12/12
[T2_K8_wd0.001_s1/l1] ep40 vl 0.9854 va 0.6219 clip 12/12
[T2_K8_wd0.001_s1/l1] ep60 vl 1.0526 va 0.6372 clip 12/12
DONE T2_K8_wd0.001_s1 l1 head 0.6970 probe 0.6869 val 0.6519 ep46 OVERFIT 110.9s
[T2_K8_wd0.001_s1/l2] ep20 vl 0.7095 va 0.6457 clip 12/12
[T2_K8_wd0.001_s1/l2] ep40 vl 0.9925 va 0.6282 clip 12/12
DONE T2_K8_wd0.001_s1 l2 head 0.4981 probe 0.5113 val 0.6617 ep27 OVERFIT 97.3s
[T2_K8_wd0.001_s1/l3] ep20 vl 0.7243 va 0.6182 clip 12/12
DONE T2_K8_wd0.001_s1 l3 head 0.6429 probe 0.7347 val 0.6707 ep7 UNDERFIT 103.0s
[T2_K8_wd0.001_s1/l4] ep20 vl 0.7001 va 0.6548 clip 12/12
[T2_K8_wd0.001_s1/l4] ep40 vl 0.7763 va 0.6757 clip 12/12
DONE T2_K8_wd0.001_s1 l4 head 0.6333 probe 0.6481 val 0.6893 ep27 OVERFIT 98.8s
[T2_K8_wd0.001_s1/l5] ep20 vl 0.6953 va 0.6330 clip 12/12
[T2_K8_wd0.001_s1/l5] ep40 vl 0.7969 va 0.6280 clip 12/12
[T2_K8_wd0.001_s1/l5] ep60 vl 0.8962 va 0.6394 clip 12/12
[T2_K8_wd0.001_s1/l5] ep80 vl 0.9601 va 0.6534 clip 12/12
DONE T2_K8_wd0.001_s1 l5 head 0.6505 probe 0.6639 val 0.6819 ep76 OVERFIT 116.4s
[T2_K8_wd0.001_s1/l6] ep20 vl 0.6746 va 0.6271 clip 10/10
[T2_K8_wd0.001_s1/l6] ep40 vl 0.7889 va 0.6403 clip 10/10
DONE T2_K8_wd0.001_s1 l6 head 0.6332 probe 0.6256 val 0.6742 ep32 OVERFIT 76.9s
[T2_K8_wd0.001_s1/l7] ep20 vl 0.6780 va 0.6557 clip 12/12
[T2_K8_wd0.001_s1/l7] ep40 vl 0.7045 va 0.7015 clip 12/12
[T2_K8_wd0.001_s1/l7] ep60 vl 0.8669 va 0.6833 clip 12/12
DONE T2_K8_wd0.001_s1 l7 head 0.7222 probe 0.7444 val 0.7242 ep46 OVERFIT 101.5s
[T2_K8_wd0.001_s1/l8] ep20 vl 0.6628 va 0.6660 clip 12/12
DONE T2_K8_wd0.001_s1 l8 head 0.6592 probe 0.6592 val 0.6697 ep17 HEALTHY 97.8s
[T2_K8_wd0.001_s1/l9] ep20 vl 0.6712 va 0.6758 clip 12/12
DONE T2_K8_wd0.001_s1 l9 head 0.6190 probe 0.6571 val 0.6954 ep13 HEALTHY 96.8s
[T2_K8_wd0.001_s1/l10] ep20 vl 0.6588 va 0.6712 clip 12/12
[T2_K8_wd0.001_s1/l10] ep40 vl 0.8161 va 0.6731 clip 12/12
DONE T2_K8_wd0.001_s1 l10 head 0.6182 probe 0.6227 val 0.6938 ep22 HEALTHY 97.2s
[T2_K8_wd0.001_s1/l11] ep20 vl 0.6480 va 0.6907 clip 12/12
[T2_K8_wd0.001_s1/l11] ep40 vl 0.7455 va 0.6869 clip 12/12
DONE T2_K8_wd0.001_s1 l11 head 0.4447 probe 0.4737 val 0.7081 ep23 HEALTHY 100.1s
[T2_K8_wd0.001_s1/l12] ep20 vl 0.6915 va 0.6304 clip 12/12
[T2_K8_wd0.001_s1/l12] ep40 vl 0.8086 va 0.6596 clip 12/12
[T2_K8_wd0.001_s1/l12] ep60 vl 0.9146 va 0.6705 clip 12/12
DONE T2_K8_wd0.001_s1 l12 head 0.7163 probe 0.6726 val 0.6809 ep47 OVERFIT 97.2s
[T2_K8_wd0.001_s1/l13] ep20 vl 0.6649 va 0.6421 clip 12/12
[T2_K8_wd0.001_s1/l13] ep40 vl 0.7857 va 0.6791 clip 12/12
[T2_K8_wd0.001_s1/l13] ep60 vl 1.0334 va 0.6492 clip 12/12
DONE T2_K8_wd0.001_s1 l13 head 0.6813 probe 0.6813 val 0.6931 ep44 OVERFIT 94.5s
[T2_K8_wd0.001_s1/l14] ep20 vl 0.7151 va 0.5864 clip 12/12
[T2_K8_wd0.001_s1/l14] ep40 vl 0.8470 va 0.6425 clip 12/12
[T2_K8_wd0.001_s1/l14] ep60 vl 1.0736 va 0.6155 clip 12/12
DONE T2_K8_wd0.001_s1 l14 head 0.6692 probe 0.6692 val 0.6537 ep41 OVERFIT 96.8s
[T2_K8_wd0.001_s1/l15] ep20 vl 0.6673 va 0.6508 clip 11/11
[T2_K8_wd0.001_s1/l15] ep40 vl 0.7273 va 0.6789 clip 11/11
DONE T2_K8_wd0.001_s1 l15 head 0.7631 probe 0.7644 val 0.6985 ep38 OVERFIT 86.7s
[T2_K8_wd0.001_s1/l16] ep20 vl 0.6631 va 0.6507 clip 12/12
[T2_K8_wd0.001_s1/l16] ep40 vl 0.8398 va 0.6537 clip 12/12
DONE T2_K8_wd0.001_s1 l16 head 0.6423 probe 0.6538 val 0.6820 ep36 OVERFIT 88.4s
[T2_K8_wd0.001_s1/l17] ep20 vl 0.6887 va 0.6300 clip 12/12
DONE T2_K8_wd0.001_s1 l17 head 0.7273 probe 0.7118 val 0.6300 ep20 OVERFIT 95.1s
[T2_K8_wd0.001_s1/l18] ep20 vl 0.7555 va 0.5786 clip 12/12
DONE T2_K8_wd0.001_s1 l18 head 0.6217 probe 0.6521 val 0.6072 ep6 UNDERFIT 101.2s
UNIT_COMPLETE T2_K8_wd0.001_s1 total 2328s
