[T2_K8_wd0.001_s2] arm=T2 K=8 wd=0.001 seed=20260820 folds=24 host=node09.cognition.gla.alces.network cores=4
[T2_K8_wd0.001_s2/o0] ep20 vl 0.7545 va 0.6199 clip 10/10
[T2_K8_wd0.001_s2/o0] ep40 vl 0.7350 va 0.6125 clip 10/10
[T2_K8_wd0.001_s2/o0] ep60 vl 0.9348 va 0.6300 clip 10/10
[T2_K8_wd0.001_s2/o0] ep80 vl 1.0446 va 0.6567 clip 10/10
[T2_K8_wd0.001_s2/o0] ep100 vl 1.1251 va 0.6652 clip 10/10
DONE T2_K8_wd0.001_s2 o0 head 0.6529 probe 0.6684 val 0.6926 ep92 OVERFIT 117.2s
[T2_K8_wd0.001_s2/o1] ep20 vl 0.6691 va 0.6704 clip 10/10
[T2_K8_wd0.001_s2/o1] ep40 vl 0.9256 va 0.6342 clip 10/10
DONE T2_K8_wd0.001_s2 o1 head 0.6804 probe 0.6979 val 0.6808 ep25 HEALTHY 84.0s
[T2_K8_wd0.001_s2/o2] ep20 vl 0.6948 va 0.6137 clip 10/10
[T2_K8_wd0.001_s2/o2] ep40 vl 0.8271 va 0.6265 clip 10/10
DONE T2_K8_wd0.001_s2 o2 head 0.6124 probe 0.6182 val 0.6423 ep39 OVERFIT 71.2s
[T2_K8_wd0.001_s2/o3] ep20 vl 0.6715 va 0.6425 clip 10/10
[T2_K8_wd0.001_s2/o3] ep40 vl 0.7768 va 0.6443 clip 10/10
[T2_K8_wd0.001_s2/o3] ep60 vl 0.9299 va 0.6656 clip 10/10
[T2_K8_wd0.001_s2/o3] ep80 vl 0.9963 va 0.6762 clip 10/10
DONE T2_K8_wd0.001_s2 o3 head 0.5914 probe 0.5767 val 0.6858 ep65 OVERFIT 90.3s
[T2_K8_wd0.001_s2/o4] ep20 vl 0.6888 va 0.6394 clip 10/10
[T2_K8_wd0.001_s2/o4] ep40 vl 0.8163 va 0.6274 clip 10/10
DONE T2_K8_wd0.001_s2 o4 head 0.6500 probe 0.6530 val 0.6630 ep23 HEALTHY 82.7s
[T2_K8_wd0.001_s2/l0] ep20 vl 0.6926 va 0.6657 clip 12/12
[T2_K8_wd0.001_s2/l0] ep40 vl 0.8088 va 0.6473 clip 12/12
DONE T2_K8_wd0.001_s2 l0 head 0.3854 probe 0.3438 val 0.6713 ep21 HEALTHY 108.2s
[T2_K8_wd0.001_s2/l1] ep20 vl 0.6799 va 0.6468 clip 12/12
[T2_K8_wd0.001_s2/l1] ep40 vl 0.8680 va 0.6267 clip 12/12
DONE T2_K8_wd0.001_s2 l1 head 0.8586 probe 0.8788 val 0.6504 ep26 OVERFIT 107.8s
[T2_K8_wd0.001_s2/l2] ep20 vl 0.6836 va 0.6339 clip 12/12
DONE T2_K8_wd0.001_s2 l2 head 0.6109 probe 0.5902 val 0.6786 ep16 HEALTHY 105.0s
[T2_K8_wd0.001_s2/l3] ep20 vl 0.6986 va 0.6237 clip 12/12
[T2_K8_wd0.001_s2/l3] ep40 vl 0.8133 va 0.6219 clip 12/12
[T2_K8_wd0.001_s2/l3] ep60 vl 0.9821 va 0.6265 clip 12/12
DONE T2_K8_wd0.001_s2 l3 head 0.5867 probe 0.5561 val 0.6325 ep44 OVERFIT 104.2s
[T2_K8_wd0.001_s2/l4] ep20 vl 0.6930 va 0.6310 clip 12/12
[T2_K8_wd0.001_s2/l4] ep40 vl 0.7878 va 0.6466 clip 12/12
DONE T2_K8_wd0.001_s2 l4 head 0.5593 probe 0.5926 val 0.6683 ep32 OVERFIT 113.4s
[T2_K8_wd0.001_s2/l5] ep20 vl 0.7390 va 0.5574 clip 12/12
[T2_K8_wd0.001_s2/l5] ep40 vl 0.9880 va 0.5641 clip 12/12
DONE T2_K8_wd0.001_s2 l5 head 0.5535 probe 0.5886 val 0.5776 ep25 OVERFIT 105.2s
[T2_K8_wd0.001_s2/l6] ep20 vl 0.6702 va 0.6344 clip 10/10
[T2_K8_wd0.001_s2/l6] ep40 vl 0.7599 va 0.6808 clip 10/10
[T2_K8_wd0.001_s2/l6] ep60 vl 0.8749 va 0.6492 clip 10/10
DONE T2_K8_wd0.001_s2 l6 head 0.6308 probe 0.6448 val 0.6856 ep44 OVERFIT 80.8s
[T2_K8_wd0.001_s2/l7] ep20 vl 0.6553 va 0.6608 clip 12/12
[T2_K8_wd0.001_s2/l7] ep40 vl 0.7537 va 0.6874 clip 12/12
[T2_K8_wd0.001_s2/l7] ep60 vl 0.8728 va 0.6830 clip 12/12
DONE T2_K8_wd0.001_s2 l7 head 0.7556 probe 0.7630 val 0.6922 ep42 OVERFIT 100.6s
[T2_K8_wd0.001_s2/l8] ep20 vl 0.7523 va 0.5921 clip 12/12
[T2_K8_wd0.001_s2/l8] ep40 vl 0.8734 va 0.5912 clip 12/12
[T2_K8_wd0.001_s2/l8] ep60 vl 1.0441 va 0.6015 clip 12/12
DONE T2_K8_wd0.001_s2 l8 head 0.7215 probe 0.7454 val 0.6033 ep54 OVERFIT 95.7s
[T2_K8_wd0.001_s2/l9] ep20 vl 0.6836 va 0.6502 clip 12/12
[T2_K8_wd0.001_s2/l9] ep40 vl 0.7980 va 0.6348 clip 12/12
DONE T2_K8_wd0.001_s2 l9 head 0.6286 probe 0.6429 val 0.6542 ep23 OVERFIT 107.0s
[T2_K8_wd0.001_s2/l10] ep20 vl 0.7404 va 0.6209 clip 12/12
[T2_K8_wd0.001_s2/l10] ep40 vl 0.8487 va 0.6506 clip 12/12
DONE T2_K8_wd0.001_s2 l10 head 0.5591 probe 0.5636 val 0.6571 ep31 OVERFIT 106.8s
[T2_K8_wd0.001_s2/l11] ep20 vl 0.6701 va 0.6489 clip 12/12
[T2_K8_wd0.001_s2/l11] ep40 vl 0.7976 va 0.6539 clip 12/12
DONE T2_K8_wd0.001_s2 l11 head 0.4474 probe 0.4684 val 0.6709 ep36 OVERFIT 98.6s
[T2_K8_wd0.001_s2/l12] ep20 vl 0.6990 va 0.6543 clip 12/12
[T2_K8_wd0.001_s2/l12] ep40 vl 0.8110 va 0.6825 clip 12/12
[T2_K8_wd0.001_s2/l12] ep60 vl 0.9227 va 0.6854 clip 12/12
DONE T2_K8_wd0.001_s2 l12 head 0.6706 probe 0.7044 val 0.6935 ep50 OVERFIT 102.4s
[T2_K8_wd0.001_s2/l13] ep20 vl 0.6793 va 0.6160 clip 12/12
[T2_K8_wd0.001_s2/l13] ep40 vl 0.8133 va 0.6563 clip 12/12
[T2_K8_wd0.001_s2/l13] ep60 vl 0.8191 va 0.6551 clip 12/12
[T2_K8_wd0.001_s2/l13] ep80 vl 0.8628 va 0.6676 clip 12/12
[T2_K8_wd0.001_s2/l13] ep100 vl 0.9000 va 0.6772 clip 12/12
[T2_K8_wd0.001_s2/l13] ep120 vl 0.9255 va 0.6753 clip 12/12
DONE T2_K8_wd0.001_s2 l13 head 0.5508 probe 0.5890 val 0.6948 ep117 OVERFIT 161.9s
[T2_K8_wd0.001_s2/l14] ep20 vl 0.7214 va 0.5671 clip 12/12
[T2_K8_wd0.001_s2/l14] ep40 vl 0.8719 va 0.6136 clip 12/12
[T2_K8_wd0.001_s2/l14] ep60 vl 1.0277 va 0.6176 clip 12/12
DONE T2_K8_wd0.001_s2 l14 head 0.5154 probe 0.5385 val 0.6286 ep44 OVERFIT 104.8s
[T2_K8_wd0.001_s2/l15] ep20 vl 0.7146 va 0.5879 clip 11/11
[T2_K8_wd0.001_s2/l15] ep40 vl 0.7963 va 0.6178 clip 11/11
[T2_K8_wd0.001_s2/l15] ep60 vl 1.0381 va 0.6359 clip 11/11
DONE T2_K8_wd0.001_s2 l15 head 0.6725 probe 0.6642 val 0.6512 ep56 OVERFIT 93.9s
[T2_K8_wd0.001_s2/l16] ep20 vl 0.6966 va 0.6161 clip 12/12
[T2_K8_wd0.001_s2/l16] ep40 vl 0.8535 va 0.6149 clip 12/12
[T2_K8_wd0.001_s2/l16] ep60 vl 0.9655 va 0.6321 clip 12/12
[T2_K8_wd0.001_s2/l16] ep80 vl 1.0191 va 0.6113 clip 12/12
DONE T2_K8_wd0.001_s2 l16 head 0.7885 probe 0.8346 val 0.6434 ep70 OVERFIT 119.0s
[T2_K8_wd0.001_s2/l17] ep20 vl 0.7261 va 0.5696 clip 12/12
[T2_K8_wd0.001_s2/l17] ep40 vl 1.1887 va 0.6202 clip 12/12
[T2_K8_wd0.001_s2/l17] ep60 vl 1.0622 va 0.6157 clip 12/12
[T2_K8_wd0.001_s2/l17] ep80 vl 1.0789 va 0.6154 clip 12/12
DONE T2_K8_wd0.001_s2 l17 head 0.7173 probe 0.7136 val 0.6248 ep77 OVERFIT 112.9s
[T2_K8_wd0.001_s2/l18] ep20 vl 0.6972 va 0.5955 clip 12/12
[T2_K8_wd0.001_s2/l18] ep40 vl 0.8987 va 0.5881 clip 12/12
DONE T2_K8_wd0.001_s2 l18 head 0.7817 probe 0.7685 val 0.6119 ep23 OVERFIT 86.1s
UNIT_COMPLETE T2_K8_wd0.001_s2 total 2464s
