[T2_K2_wd0.0001_s2] arm=T2 K=2 wd=0.0001 seed=20260820 folds=24 host=node04.cognition.gla.alces.network cores=4
[T2_K2_wd0.0001_s2/o0] ep20 vl 0.6793 va 0.6777 clip 10/10
[T2_K2_wd0.0001_s2/o0] ep40 vl 0.7947 va 0.6873 clip 10/10
[T2_K2_wd0.0001_s2/o0] ep60 vl 0.9909 va 0.6918 clip 10/10
DONE T2_K2_wd0.0001_s2 o0 head 0.6546 probe 0.6338 val 0.7096 ep45 OVERFIT 76.1s
[T2_K2_wd0.0001_s2/o1] ep20 vl 0.6624 va 0.6849 clip 10/10
[T2_K2_wd0.0001_s2/o1] ep40 vl 0.8708 va 0.6892 clip 10/10
DONE T2_K2_wd0.0001_s2 o1 head 0.7013 probe 0.7153 val 0.7033 ep21 HEALTHY 44.6s
[T2_K2_wd0.0001_s2/o2] ep20 vl 0.6901 va 0.6481 clip 10/10
[T2_K2_wd0.0001_s2/o2] ep40 vl 0.9054 va 0.6426 clip 10/10
DONE T2_K2_wd0.0001_s2 o2 head 0.6649 probe 0.6515 val 0.6750 ep30 OVERFIT 55.5s
[T2_K2_wd0.0001_s2/o3] ep20 vl 0.6503 va 0.6973 clip 10/10
[T2_K2_wd0.0001_s2/o3] ep40 vl 0.9151 va 0.6296 clip 10/10
DONE T2_K2_wd0.0001_s2 o3 head 0.6191 probe 0.6271 val 0.7007 ep22 HEALTHY 48.8s
[T2_K2_wd0.0001_s2/o4] ep20 vl 0.6484 va 0.6817 clip 10/10
[T2_K2_wd0.0001_s2/o4] ep40 vl 0.8871 va 0.6693 clip 10/10
DONE T2_K2_wd0.0001_s2 o4 head 0.6096 probe 0.6293 val 0.6824 ep32 OVERFIT 57.9s
[T2_K2_wd0.0001_s2/l0] ep20 vl 0.7262 va 0.6608 clip 12/12
DONE T2_K2_wd0.0001_s2 l0 head 0.3073 probe 0.3594 val 0.6973 ep19 HEALTHY 49.2s
[T2_K2_wd0.0001_s2/l1] ep20 vl 0.6925 va 0.6684 clip 12/12
[T2_K2_wd0.0001_s2/l1] ep40 vl 0.7944 va 0.6609 clip 12/12
DONE T2_K2_wd0.0001_s2 l1 head 0.8586 probe 0.8586 val 0.6768 ep22 HEALTHY 52.2s
[T2_K2_wd0.0001_s2/l2] ep20 vl 0.6848 va 0.6841 clip 12/12
[T2_K2_wd0.0001_s2/l2] ep40 vl 0.8294 va 0.6737 clip 12/12
[T2_K2_wd0.0001_s2/l2] ep60 vl 1.0362 va 0.6921 clip 12/12
DONE T2_K2_wd0.0001_s2 l2 head 0.6466 probe 0.6128 val 0.7164 ep41 OVERFIT 75.5s
[T2_K2_wd0.0001_s2/l3] ep20 vl 0.6933 va 0.6644 clip 12/12
[T2_K2_wd0.0001_s2/l3] ep40 vl 0.8633 va 0.6648 clip 12/12
DONE T2_K2_wd0.0001_s2 l3 head 0.5714 probe 0.6480 val 0.6898 ep26 HEALTHY 58.5s
[T2_K2_wd0.0001_s2/l4] ep20 vl 0.6955 va 0.6150 clip 12/12
DONE T2_K2_wd0.0001_s2 l4 head 0.6370 probe 0.6963 val 0.6336 ep17 HEALTHY 46.8s
[T2_K2_wd0.0001_s2/l5] ep20 vl 0.7327 va 0.6239 clip 12/12
[T2_K2_wd0.0001_s2/l5] ep40 vl 0.8854 va 0.6319 clip 12/12
DONE T2_K2_wd0.0001_s2 l5 head 0.6338 probe 0.6555 val 0.6454 ep25 OVERFIT 55.6s
[T2_K2_wd0.0001_s2/l6] ep20 vl 0.6853 va 0.6601 clip 10/10
DONE T2_K2_wd0.0001_s2 l6 head 0.6575 probe 0.6461 val 0.6601 ep20 HEALTHY 48.5s
[T2_K2_wd0.0001_s2/l7] ep20 vl 0.6752 va 0.6917 clip 12/12
DONE T2_K2_wd0.0001_s2 l7 head 0.6815 probe 0.7667 val 0.7172 ep8 HEALTHY 37.1s
[T2_K2_wd0.0001_s2/l8] ep20 vl 0.7659 va 0.6215 clip 12/12
[T2_K2_wd0.0001_s2/l8] ep40 vl 0.9767 va 0.6478 clip 12/12
DONE T2_K2_wd0.0001_s2 l8 head 0.6645 probe 0.6711 val 0.6499 ep27 OVERFIT 58.5s
[T2_K2_wd0.0001_s2/l9] ep20 vl 0.7077 va 0.6572 clip 12/12
[T2_K2_wd0.0001_s2/l9] ep40 vl 0.8947 va 0.6897 clip 12/12
DONE T2_K2_wd0.0001_s2 l9 head 0.6000 probe 0.5667 val 0.6967 ep38 OVERFIT 72.4s
[T2_K2_wd0.0001_s2/l10] ep20 vl 0.7631 va 0.6365 clip 12/12
[T2_K2_wd0.0001_s2/l10] ep40 vl 0.8215 va 0.7021 clip 12/12
[T2_K2_wd0.0001_s2/l10] ep60 vl 0.9927 va 0.7003 clip 12/12
DONE T2_K2_wd0.0001_s2 l10 head 0.6818 probe 0.7227 val 0.7092 ep41 OVERFIT 77.1s
[T2_K2_wd0.0001_s2/l11] ep20 vl 0.7024 va 0.6553 clip 12/12
[T2_K2_wd0.0001_s2/l11] ep40 vl 0.8941 va 0.6768 clip 12/12
DONE T2_K2_wd0.0001_s2 l11 head 0.5000 probe 0.4737 val 0.6843 ep34 OVERFIT 67.3s
[T2_K2_wd0.0001_s2/l12] ep20 vl 0.7035 va 0.6432 clip 12/12
[T2_K2_wd0.0001_s2/l12] ep40 vl 0.8229 va 0.6703 clip 12/12
[T2_K2_wd0.0001_s2/l12] ep60 vl 1.0725 va 0.6645 clip 12/12
DONE T2_K2_wd0.0001_s2 l12 head 0.5675 probe 0.5933 val 0.6860 ep52 OVERFIT 89.1s
[T2_K2_wd0.0001_s2/l13] ep20 vl 0.7599 va 0.6220 clip 12/12
[T2_K2_wd0.0001_s2/l13] ep40 vl 0.8927 va 0.6674 clip 12/12
[T2_K2_wd0.0001_s2/l13] ep60 vl 0.9937 va 0.6606 clip 12/12
DONE T2_K2_wd0.0001_s2 l13 head 0.7801 probe 0.7726 val 0.6769 ep50 OVERFIT 86.5s
[T2_K2_wd0.0001_s2/l14] ep20 vl 0.7158 va 0.6351 clip 12/12
[T2_K2_wd0.0001_s2/l14] ep40 vl 0.8347 va 0.6787 clip 12/12
[T2_K2_wd0.0001_s2/l14] ep60 vl 1.0176 va 0.6828 clip 12/12
[T2_K2_wd0.0001_s2/l14] ep80 vl 1.1255 va 0.6626 clip 12/12
DONE T2_K2_wd0.0001_s2 l14 head 0.6000 probe 0.6385 val 0.6895 ep67 OVERFIT 108.7s
[T2_K2_wd0.0001_s2/l15] ep20 vl 0.7778 va 0.6068 clip 11/11
[T2_K2_wd0.0001_s2/l15] ep40 vl 0.9752 va 0.6568 clip 11/11
[T2_K2_wd0.0001_s2/l15] ep60 vl 1.0751 va 0.6686 clip 11/11
DONE T2_K2_wd0.0001_s2 l15 head 0.7258 probe 0.7136 val 0.6738 ep42 OVERFIT 77.4s
[T2_K2_wd0.0001_s2/l16] ep20 vl 0.7459 va 0.6511 clip 12/12
[T2_K2_wd0.0001_s2/l16] ep40 vl 0.9516 va 0.6567 clip 12/12
DONE T2_K2_wd0.0001_s2 l16 head 0.5654 probe 0.6000 val 0.6715 ep37 OVERFIT 73.7s
[T2_K2_wd0.0001_s2/l17] ep20 vl 0.7605 va 0.5760 clip 12/12
[T2_K2_wd0.0001_s2/l17] ep40 vl 1.1700 va 0.6402 clip 12/12
[T2_K2_wd0.0001_s2/l17] ep60 vl 1.1799 va 0.6036 clip 12/12
DONE T2_K2_wd0.0001_s2 l17 head 0.7836 probe 0.7973 val 0.6521 ep41 OVERFIT 77.9s
[T2_K2_wd0.0001_s2/l18] ep20 vl 0.7480 va 0.6275 clip 12/12
[T2_K2_wd0.0001_s2/l18] ep40 vl 0.9901 va 0.6482 clip 12/12
DONE T2_K2_wd0.0001_s2 l18 head 0.6548 probe 0.7196 val 0.6691 ep36 OVERFIT 71.3s
UNIT_COMPLETE T2_K2_wd0.0001_s2 total 1568s
