[T4_K4_wd0.0001_s0] arm=T4 K=4 wd=0.0001 seed=20260818 folds=24 host=node15.cognition.gla.alces.network cores=4
[T4_K4_wd0.0001_s0/o0] ep20 vl 0.6753 va 0.6502 clip 10/10
[T4_K4_wd0.0001_s0/o0] ep40 vl 0.8476 va 0.6861 clip 10/10
DONE T4_K4_wd0.0001_s0 o0 head 0.6609 probe 0.6703 val 0.6918 ep38 OVERFIT 74.9s
[T4_K4_wd0.0001_s0/o1] ep20 vl 0.6796 va 0.6051 clip 10/10
[T4_K4_wd0.0001_s0/o1] ep40 vl 0.8660 va 0.6687 clip 10/10
DONE T4_K4_wd0.0001_s0 o1 head 0.7126 probe 0.7218 val 0.6851 ep37 OVERFIT 98.7s
[T4_K4_wd0.0001_s0/o2] ep20 vl 0.7409 va 0.6082 clip 10/10
[T4_K4_wd0.0001_s0/o2] ep40 vl 0.9165 va 0.6125 clip 10/10
DONE T4_K4_wd0.0001_s0 o2 head 0.6115 probe 0.6036 val 0.6394 ep30 OVERFIT 65.5s
[T4_K4_wd0.0001_s0/o3] ep20 vl 0.7094 va 0.6740 clip 10/10
DONE T4_K4_wd0.0001_s0 o3 head 0.5825 probe 0.6079 val 0.6759 ep18 HEALTHY 57.4s
[T4_K4_wd0.0001_s0/o4] ep20 vl 0.7128 va 0.6440 clip 10/10
[T4_K4_wd0.0001_s0/o4] ep40 vl 0.9437 va 0.6476 clip 10/10
DONE T4_K4_wd0.0001_s0 o4 head 0.7117 probe 0.7106 val 0.6767 ep27 HEALTHY 99.2s
[T4_K4_wd0.0001_s0/l0] ep20 vl 0.6608 va 0.6885 clip 12/12
DONE T4_K4_wd0.0001_s0 l0 head 0.5104 probe 0.5365 val 0.6943 ep18 HEALTHY 74.9s
[T4_K4_wd0.0001_s0/l1] ep20 vl 0.6888 va 0.6518 clip 12/12
[T4_K4_wd0.0001_s0/l1] ep40 vl 0.8526 va 0.6868 clip 12/12
DONE T4_K4_wd0.0001_s0 l1 head 0.7172 probe 0.6869 val 0.6933 ep33 OVERFIT 115.7s
[T4_K4_wd0.0001_s0/l2] ep20 vl 0.6396 va 0.7137 clip 12/12
[T4_K4_wd0.0001_s0/l2] ep40 vl 0.7871 va 0.7129 clip 12/12
DONE T4_K4_wd0.0001_s0 l2 head 0.5132 probe 0.5169 val 0.7258 ep26 HEALTHY 95.7s
[T4_K4_wd0.0001_s0/l3] ep20 vl 0.7202 va 0.6634 clip 12/12
[T4_K4_wd0.0001_s0/l3] ep40 vl 0.8152 va 0.6725 clip 12/12
[T4_K4_wd0.0001_s0/l3] ep60 vl 0.9592 va 0.6633 clip 12/12
DONE T4_K4_wd0.0001_s0 l3 head 0.6173 probe 0.6327 val 0.6904 ep57 OVERFIT 103.6s
[T4_K4_wd0.0001_s0/l4] ep20 vl 0.7453 va 0.6852 clip 12/12
DONE T4_K4_wd0.0001_s0 l4 head 0.6630 probe 0.6444 val 0.6988 ep19 HEALTHY 94.7s
[T4_K4_wd0.0001_s0/l5] ep20 vl 0.6369 va 0.7023 clip 12/12
DONE T4_K4_wd0.0001_s0 l5 head 0.4682 probe 0.5284 val 0.7086 ep15 HEALTHY 84.9s
[T4_K4_wd0.0001_s0/l6] ep20 vl 0.6762 va 0.6237 clip 10/10
[T4_K4_wd0.0001_s0/l6] ep40 vl 0.8528 va 0.6339 clip 10/10
[T4_K4_wd0.0001_s0/l6] ep60 vl 0.9818 va 0.6455 clip 10/10
DONE T4_K4_wd0.0001_s0 l6 head 0.6871 probe 0.6844 val 0.6609 ep56 OVERFIT 89.0s
[T4_K4_wd0.0001_s0/l7] ep20 vl 0.6969 va 0.6437 clip 12/12
[T4_K4_wd0.0001_s0/l7] ep40 vl 0.9293 va 0.6651 clip 12/12
DONE T4_K4_wd0.0001_s0 l7 head 0.8630 probe 0.8407 val 0.6764 ep32 OVERFIT 99.7s
[T4_K4_wd0.0001_s0/l8] ep20 vl 0.7844 va 0.6598 clip 12/12
[T4_K4_wd0.0001_s0/l8] ep40 vl 0.9040 va 0.6513 clip 12/12
DONE T4_K4_wd0.0001_s0 l8 head 0.6366 probe 0.6194 val 0.6780 ep29 OVERFIT 89.4s
[T4_K4_wd0.0001_s0/l9] ep20 vl 0.6736 va 0.6887 clip 12/12
DONE T4_K4_wd0.0001_s0 l9 head 0.6476 probe 0.6429 val 0.6900 ep19 HEALTHY 84.2s
[T4_K4_wd0.0001_s0/l10] ep20 vl 0.6411 va 0.6802 clip 12/12
[T4_K4_wd0.0001_s0/l10] ep40 vl 0.8235 va 0.6900 clip 12/12
DONE T4_K4_wd0.0001_s0 l10 head 0.6500 probe 0.6773 val 0.7022 ep33 OVERFIT 115.0s
[T4_K4_wd0.0001_s0/l11] ep20 vl 0.6631 va 0.7051 clip 12/12
[T4_K4_wd0.0001_s0/l11] ep40 vl 0.8769 va 0.6901 clip 12/12
DONE T4_K4_wd0.0001_s0 l11 head 0.4053 probe 0.4342 val 0.7243 ep22 HEALTHY 94.9s
[T4_K4_wd0.0001_s0/l12] ep20 vl 0.7583 va 0.6535 clip 12/12
[T4_K4_wd0.0001_s0/l12] ep40 vl 0.8353 va 0.6580 clip 12/12
DONE T4_K4_wd0.0001_s0 l12 head 0.6528 probe 0.6488 val 0.6644 ep32 OVERFIT 106.8s
[T4_K4_wd0.0001_s0/l13] ep20 vl 0.6917 va 0.6573 clip 12/12
[T4_K4_wd0.0001_s0/l13] ep40 vl 0.8725 va 0.6854 clip 12/12
DONE T4_K4_wd0.0001_s0 l13 head 0.7120 probe 0.6925 val 0.6855 ep34 OVERFIT 106.7s
[T4_K4_wd0.0001_s0/l14] ep20 vl 0.6944 va 0.6495 clip 12/12
[T4_K4_wd0.0001_s0/l14] ep40 vl 0.9340 va 0.6695 clip 12/12
DONE T4_K4_wd0.0001_s0 l14 head 0.5308 probe 0.6154 val 0.6868 ep35 OVERFIT 88.1s
[T4_K4_wd0.0001_s0/l15] ep20 vl 0.6574 va 0.6611 clip 10/11
[T4_K4_wd0.0001_s0/l15] ep40 vl 0.8879 va 0.6799 clip 11/11
DONE T4_K4_wd0.0001_s0 l15 head 0.6834 probe 0.6994 val 0.6992 ep31 OVERFIT 85.7s
[T4_K4_wd0.0001_s0/l16] ep20 vl 0.7022 va 0.6834 clip 12/12
[T4_K4_wd0.0001_s0/l16] ep40 vl 0.9653 va 0.6759 clip 12/12
DONE T4_K4_wd0.0001_s0 l16 head 0.7731 probe 0.7538 val 0.6919 ep35 OVERFIT 109.5s
[T4_K4_wd0.0001_s0/l17] ep20 vl 0.7052 va 0.6042 clip 12/12
[T4_K4_wd0.0001_s0/l17] ep40 vl 0.8936 va 0.6362 clip 12/12
[T4_K4_wd0.0001_s0/l17] ep60 vl 1.0273 va 0.6262 clip 12/12
DONE T4_K4_wd0.0001_s0 l17 head 0.7136 probe 0.7173 val 0.6703 ep59 OVERFIT 100.9s
[T4_K4_wd0.0001_s0/l18] ep20 vl 0.6694 va 0.6654 clip 12/12
[T4_K4_wd0.0001_s0/l18] ep40 vl 0.8744 va 0.6619 clip 12/12
DONE T4_K4_wd0.0001_s0 l18 head 0.7553 probe 0.7751 val 0.6762 ep31 OVERFIT 99.7s
UNIT_COMPLETE T4_K4_wd0.0001_s0 total 2237s
