[T4_K4_wd0.0001_s1] arm=T4 K=4 wd=0.0001 seed=20260819 folds=24 host=node15.cognition.gla.alces.network cores=4
[T4_K4_wd0.0001_s1/o0] ep20 vl 0.6853 va 0.6515 clip 10/10
[T4_K4_wd0.0001_s1/o0] ep40 vl 0.8433 va 0.6834 clip 10/10
[T4_K4_wd0.0001_s1/o0] ep60 vl 1.0328 va 0.7108 clip 10/10
DONE T4_K4_wd0.0001_s1 o0 head 0.6616 probe 0.6792 val 0.7293 ep49 OVERFIT 82.1s
[T4_K4_wd0.0001_s1/o1] ep20 vl 0.6870 va 0.5949 clip 10/10
[T4_K4_wd0.0001_s1/o1] ep40 vl 0.8823 va 0.6533 clip 10/10
[T4_K4_wd0.0001_s1/o1] ep60 vl 1.1778 va 0.6478 clip 10/10
DONE T4_K4_wd0.0001_s1 o1 head 0.7282 probe 0.7384 val 0.6534 ep44 OVERFIT 75.3s
[T4_K4_wd0.0001_s1/o2] ep20 vl 0.6907 va 0.6473 clip 10/10
DONE T4_K4_wd0.0001_s1 o2 head 0.6300 probe 0.6229 val 0.6656 ep18 HEALTHY 57.2s
[T4_K4_wd0.0001_s1/o3] ep20 vl 0.7159 va 0.6219 clip 10/10
DONE T4_K4_wd0.0001_s1 o3 head 0.5795 probe 0.5719 val 0.6365 ep14 HEALTHY 64.3s
[T4_K4_wd0.0001_s1/o4] ep20 vl 0.8249 va 0.6295 clip 10/10
DONE T4_K4_wd0.0001_s1 o4 head 0.5980 probe 0.6098 val 0.6408 ep16 HEALTHY 69.5s
[T4_K4_wd0.0001_s1/l0] ep20 vl 0.6576 va 0.6962 clip 12/12
[T4_K4_wd0.0001_s1/l0] ep40 vl 0.8757 va 0.6758 clip 12/12
DONE T4_K4_wd0.0001_s1 l0 head 0.4375 probe 0.5104 val 0.7023 ep23 HEALTHY 74.8s
[T4_K4_wd0.0001_s1/l1] ep20 vl 0.6765 va 0.6457 clip 12/12
[T4_K4_wd0.0001_s1/l1] ep40 vl 0.7982 va 0.6810 clip 12/12
[T4_K4_wd0.0001_s1/l1] ep60 vl 0.8987 va 0.6867 clip 12/12
[T4_K4_wd0.0001_s1/l1] ep80 vl 0.9153 va 0.7268 clip 12/12
DONE T4_K4_wd0.0001_s1 l1 head 0.6566 probe 0.6768 val 0.7295 ep69 OVERFIT 109.7s
[T4_K4_wd0.0001_s1/l2] ep20 vl 0.8406 va 0.6002 clip 12/12
[T4_K4_wd0.0001_s1/l2] ep40 vl 1.0566 va 0.6479 clip 12/12
[T4_K4_wd0.0001_s1/l2] ep60 vl 1.1353 va 0.6652 clip 12/12
[T4_K4_wd0.0001_s1/l2] ep80 vl 0.9983 va 0.6903 clip 12/12
DONE T4_K4_wd0.0001_s1 l2 head 0.4530 probe 0.4793 val 0.6992 ep79 OVERFIT 117.5s
[T4_K4_wd0.0001_s1/l3] ep20 vl 0.6988 va 0.6611 clip 12/12
[T4_K4_wd0.0001_s1/l3] ep40 vl 0.8933 va 0.6715 clip 12/12
DONE T4_K4_wd0.0001_s1 l3 head 0.7704 probe 0.6990 val 0.6900 ep38 OVERFIT 90.1s
[T4_K4_wd0.0001_s1/l4] ep20 vl 0.6728 va 0.6780 clip 12/12
[T4_K4_wd0.0001_s1/l4] ep40 vl 0.8075 va 0.7003 clip 12/12
[T4_K4_wd0.0001_s1/l4] ep60 vl 0.9936 va 0.6996 clip 12/12
DONE T4_K4_wd0.0001_s1 l4 head 0.5074 probe 0.5889 val 0.7085 ep41 OVERFIT 91.7s
[T4_K4_wd0.0001_s1/l5] ep20 vl 0.6884 va 0.6164 clip 12/12
[T4_K4_wd0.0001_s1/l5] ep40 vl 0.8546 va 0.6597 clip 12/12
[T4_K4_wd0.0001_s1/l5] ep60 vl 0.9549 va 0.7129 clip 12/12
[T4_K4_wd0.0001_s1/l5] ep80 vl 0.9473 va 0.7129 clip 12/12
DONE T4_K4_wd0.0001_s1 l5 head 0.5836 probe 0.6020 val 0.7225 ep77 OVERFIT 124.9s
[T4_K4_wd0.0001_s1/l6] ep20 vl 0.6763 va 0.6469 clip 10/10
[T4_K4_wd0.0001_s1/l6] ep40 vl 0.9494 va 0.6157 clip 10/10
DONE T4_K4_wd0.0001_s1 l6 head 0.6779 probe 0.6694 val 0.6713 ep28 OVERFIT 91.1s
[T4_K4_wd0.0001_s1/l7] ep20 vl 0.7212 va 0.6497 clip 12/12
[T4_K4_wd0.0001_s1/l7] ep40 vl 0.8862 va 0.6673 clip 12/12
[T4_K4_wd0.0001_s1/l7] ep60 vl 1.0080 va 0.6823 clip 12/12
[T4_K4_wd0.0001_s1/l7] ep80 vl 0.9701 va 0.6742 clip 12/12
[T4_K4_wd0.0001_s1/l7] ep100 vl 1.0409 va 0.6712 clip 12/12
DONE T4_K4_wd0.0001_s1 l7 head 0.7037 probe 0.7074 val 0.7065 ep91 OVERFIT 133.4s
[T4_K4_wd0.0001_s1/l8] ep20 vl 0.7231 va 0.6298 clip 12/12
[T4_K4_wd0.0001_s1/l8] ep40 vl 0.9139 va 0.6390 clip 12/12
[T4_K4_wd0.0001_s1/l8] ep60 vl 1.0411 va 0.6534 clip 12/12
[T4_K4_wd0.0001_s1/l8] ep80 vl 1.0113 va 0.6970 clip 12/12
[T4_K4_wd0.0001_s1/l8] ep100 vl 0.9432 va 0.6894 clip 12/12
DONE T4_K4_wd0.0001_s1 l8 head 0.7334 probe 0.7997 val 0.7059 ep83 OVERFIT 122.8s
[T4_K4_wd0.0001_s1/l9] ep20 vl 0.7014 va 0.6559 clip 12/12
[T4_K4_wd0.0001_s1/l9] ep40 vl 0.9935 va 0.6531 clip 12/12
[T4_K4_wd0.0001_s1/l9] ep60 vl 1.0512 va 0.6932 clip 12/12
[T4_K4_wd0.0001_s1/l9] ep80 vl 1.1351 va 0.6577 clip 12/12
DONE T4_K4_wd0.0001_s1 l9 head 0.5810 probe 0.5762 val 0.6997 ep72 OVERFIT 117.0s
[T4_K4_wd0.0001_s1/l10] ep20 vl 0.6774 va 0.6476 clip 12/12
[T4_K4_wd0.0001_s1/l10] ep40 vl 0.8056 va 0.6794 clip 12/12
[T4_K4_wd0.0001_s1/l10] ep60 vl 0.9243 va 0.6912 clip 12/12
DONE T4_K4_wd0.0001_s1 l10 head 0.5136 probe 0.5182 val 0.7032 ep53 OVERFIT 93.9s
[T4_K4_wd0.0001_s1/l11] ep20 vl 0.7186 va 0.6683 clip 12/12
[T4_K4_wd0.0001_s1/l11] ep40 vl 0.8157 va 0.6937 clip 12/12
[T4_K4_wd0.0001_s1/l11] ep60 vl 0.9642 va 0.6864 clip 12/12
[T4_K4_wd0.0001_s1/l11] ep80 vl 0.9920 va 0.6784 clip 12/12
DONE T4_K4_wd0.0001_s1 l11 head 0.6053 probe 0.5895 val 0.7099 ep67 OVERFIT 120.8s
[T4_K4_wd0.0001_s1/l12] ep20 vl 0.7260 va 0.6198 clip 12/12
[T4_K4_wd0.0001_s1/l12] ep40 vl 0.8204 va 0.6570 clip 12/12
[T4_K4_wd0.0001_s1/l12] ep60 vl 1.0765 va 0.6711 clip 12/12
[T4_K4_wd0.0001_s1/l12] ep80 vl 0.9976 va 0.6626 clip 12/12
DONE T4_K4_wd0.0001_s1 l12 head 0.5794 probe 0.5516 val 0.6822 ep68 OVERFIT 110.1s
[T4_K4_wd0.0001_s1/l13] ep20 vl 0.7841 va 0.6215 clip 12/12
DONE T4_K4_wd0.0001_s1 l13 head 0.6990 probe 0.7018 val 0.6260 ep19 OVERFIT 90.1s
[T4_K4_wd0.0001_s1/l14] ep20 vl 0.7033 va 0.6074 clip 12/12
[T4_K4_wd0.0001_s1/l14] ep40 vl 1.0371 va 0.6429 clip 12/12
[T4_K4_wd0.0001_s1/l14] ep60 vl 1.0966 va 0.6543 clip 12/12
[T4_K4_wd0.0001_s1/l14] ep80 vl 1.1029 va 0.6544 clip 12/12
[T4_K4_wd0.0001_s1/l14] ep100 vl 1.0028 va 0.6767 clip 11/12
[T4_K4_wd0.0001_s1/l14] ep120 vl 0.9927 va 0.6845 clip 8/12
DONE T4_K4_wd0.0001_s1 l14 head 0.6154 probe 0.5846 val 0.6973 ep105 OVERFIT 154.5s
[T4_K4_wd0.0001_s1/l15] ep20 vl 0.6826 va 0.6400 clip 11/11
[T4_K4_wd0.0001_s1/l15] ep40 vl 1.0154 va 0.6374 clip 11/11
DONE T4_K4_wd0.0001_s1 l15 head 0.7036 probe 0.7107 val 0.6587 ep23 OVERFIT 75.3s
[T4_K4_wd0.0001_s1/l16] ep20 vl 0.7182 va 0.6483 clip 12/12
[T4_K4_wd0.0001_s1/l16] ep40 vl 0.9050 va 0.6724 clip 12/12
[T4_K4_wd0.0001_s1/l16] ep60 vl 1.0990 va 0.6753 clip 12/12
[T4_K4_wd0.0001_s1/l16] ep80 vl 1.1171 va 0.6731 clip 12/12
DONE T4_K4_wd0.0001_s1 l16 head 0.6038 probe 0.6538 val 0.6993 ep70 OVERFIT 114.5s
[T4_K4_wd0.0001_s1/l17] ep20 vl 0.7826 va 0.5878 clip 12/12
[T4_K4_wd0.0001_s1/l17] ep40 vl 0.9806 va 0.6228 clip 12/12
[T4_K4_wd0.0001_s1/l17] ep60 vl 1.0636 va 0.6380 clip 12/12
[T4_K4_wd0.0001_s1/l17] ep80 vl 1.1424 va 0.6451 clip 12/12
[T4_K4_wd0.0001_s1/l17] ep100 vl 0.9853 va 0.6611 clip 12/12
[T4_K4_wd0.0001_s1/l17] ep120 vl 0.9504 va 0.6841 clip 11/12
DONE T4_K4_wd0.0001_s1 l17 head 0.5391 probe 0.7200 val 0.6841 ep120 OVERFIT 163.0s
[T4_K4_wd0.0001_s1/l18] ep20 vl 0.7337 va 0.6061 clip 12/12
[T4_K4_wd0.0001_s1/l18] ep40 vl 1.0767 va 0.6028 clip 12/12
DONE T4_K4_wd0.0001_s1 l18 head 0.7183 probe 0.7235 val 0.6192 ep23 OVERFIT 105.1s
UNIT_COMPLETE T4_K4_wd0.0001_s1 total 2451s
