[T4_K4_wd0.0001_s2] arm=T4 K=4 wd=0.0001 seed=20260820 folds=24 host=node15.cognition.gla.alces.network cores=4
[T4_K4_wd0.0001_s2/o0] ep20 vl 0.6653 va 0.7002 clip 10/10
[T4_K4_wd0.0001_s2/o0] ep40 vl 0.6661 va 0.7591 clip 10/10
DONE T4_K4_wd0.0001_s2 o0 head 0.6645 probe 0.6609 val 0.7735 ep38 HEALTHY 85.5s
[T4_K4_wd0.0001_s2/o1] ep20 vl 0.9199 va 0.6515 clip 10/10
[T4_K4_wd0.0001_s2/o1] ep40 vl 0.7942 va 0.6854 clip 10/10
[T4_K4_wd0.0001_s2/o1] ep60 vl 1.0043 va 0.6827 clip 10/10
DONE T4_K4_wd0.0001_s2 o1 head 0.6920 probe 0.6964 val 0.7045 ep52 OVERFIT 95.2s
[T4_K4_wd0.0001_s2/o2] ep20 vl 0.7810 va 0.6450 clip 10/10
[T4_K4_wd0.0001_s2/o2] ep40 vl 0.9948 va 0.7065 clip 10/10
[T4_K4_wd0.0001_s2/o2] ep60 vl 0.9083 va 0.7187 clip 10/10
[T4_K4_wd0.0001_s2/o2] ep80 vl 0.9869 va 0.7219 clip 10/10
[T4_K4_wd0.0001_s2/o2] ep100 vl 0.9147 va 0.7481 clip 10/10
DONE T4_K4_wd0.0001_s2 o2 head 0.6251 probe 0.6463 val 0.7514 ep99 OVERFIT 116.3s
[T4_K4_wd0.0001_s2/o3] ep20 vl 0.7467 va 0.6993 clip 10/10
[T4_K4_wd0.0001_s2/o3] ep40 vl 0.7235 va 0.7128 clip 10/10
DONE T4_K4_wd0.0001_s2 o3 head 0.6556 probe 0.6656 val 0.7265 ep25 HEALTHY 78.9s
[T4_K4_wd0.0001_s2/o4] ep20 vl 0.7140 va 0.5974 clip 10/10
[T4_K4_wd0.0001_s2/o4] ep40 vl 0.8853 va 0.6579 clip 10/10
DONE T4_K4_wd0.0001_s2 o4 head 0.6455 probe 0.6555 val 0.6747 ep34 OVERFIT 84.7s
[T4_K4_wd0.0001_s2/l0] ep20 vl 0.6679 va 0.6901 clip 12/12
DONE T4_K4_wd0.0001_s2 l0 head 0.4531 probe 0.4792 val 0.6998 ep19 HEALTHY 125.0s
[T4_K4_wd0.0001_s2/l1] ep20 vl 0.6940 va 0.6674 clip 12/12
[T4_K4_wd0.0001_s2/l1] ep40 vl 0.8242 va 0.6638 clip 12/12
DONE T4_K4_wd0.0001_s2 l1 head 0.7879 probe 0.7071 val 0.6841 ep32 OVERFIT 146.7s
[T4_K4_wd0.0001_s2/l2] ep20 vl 0.7062 va 0.6179 clip 12/12
[T4_K4_wd0.0001_s2/l2] ep40 vl 0.8243 va 0.6396 clip 12/12
DONE T4_K4_wd0.0001_s2 l2 head 0.5075 probe 0.5338 val 0.6782 ep37 OVERFIT 135.6s
[T4_K4_wd0.0001_s2/l3] ep20 vl 0.7037 va 0.6579 clip 12/12
[T4_K4_wd0.0001_s2/l3] ep40 vl 0.8146 va 0.6647 clip 12/12
DONE T4_K4_wd0.0001_s2 l3 head 0.6633 probe 0.6582 val 0.6897 ep34 OVERFIT 113.6s
[T4_K4_wd0.0001_s2/l4] ep20 vl 0.6977 va 0.6443 clip 12/12
[T4_K4_wd0.0001_s2/l4] ep40 vl 0.8297 va 0.6162 clip 12/12
DONE T4_K4_wd0.0001_s2 l4 head 0.4926 probe 0.4741 val 0.6607 ep21 HEALTHY 124.3s
[T4_K4_wd0.0001_s2/l5] ep20 vl 0.6808 va 0.6190 clip 12/12
[T4_K4_wd0.0001_s2/l5] ep40 vl 0.8402 va 0.6364 clip 12/12
[T4_K4_wd0.0001_s2/l5] ep60 vl 0.9992 va 0.6381 clip 12/12
DONE T4_K4_wd0.0001_s2 l5 head 0.7090 probe 0.7174 val 0.6460 ep51 OVERFIT 128.1s
[T4_K4_wd0.0001_s2/l6] ep20 vl 0.6970 va 0.6294 clip 10/10
[T4_K4_wd0.0001_s2/l6] ep40 vl 0.7460 va 0.6786 clip 10/10
[T4_K4_wd0.0001_s2/l6] ep60 vl 0.8718 va 0.6782 clip 10/10
[T4_K4_wd0.0001_s2/l6] ep80 vl 0.9891 va 0.6662 clip 10/10
DONE T4_K4_wd0.0001_s2 l6 head 0.6062 probe 0.6237 val 0.6990 ep70 OVERFIT 111.4s
[T4_K4_wd0.0001_s2/l7] ep20 vl 0.6661 va 0.6976 clip 12/12
[T4_K4_wd0.0001_s2/l7] ep40 vl 0.7579 va 0.7457 clip 12/12
[T4_K4_wd0.0001_s2/l7] ep60 vl 0.7279 va 0.7627 clip 12/12
DONE T4_K4_wd0.0001_s2 l7 head 0.7630 probe 0.8000 val 0.7672 ep59 OVERFIT 117.1s
[T4_K4_wd0.0001_s2/l8] ep20 vl 0.6580 va 0.6877 clip 12/12
[T4_K4_wd0.0001_s2/l8] ep40 vl 0.7488 va 0.6965 clip 12/12
[T4_K4_wd0.0001_s2/l8] ep60 vl 0.7857 va 0.7176 clip 12/12
[T4_K4_wd0.0001_s2/l8] ep80 vl 0.9301 va 0.6998 clip 12/12
DONE T4_K4_wd0.0001_s2 l8 head 0.6393 probe 0.6432 val 0.7328 ep67 OVERFIT 118.7s
[T4_K4_wd0.0001_s2/l9] ep20 vl 0.7122 va 0.6354 clip 12/12
[T4_K4_wd0.0001_s2/l9] ep40 vl 0.8166 va 0.6811 clip 12/12
DONE T4_K4_wd0.0001_s2 l9 head 0.5524 probe 0.5429 val 0.6845 ep39 OVERFIT 122.2s
[T4_K4_wd0.0001_s2/l10] ep20 vl 0.6834 va 0.6649 clip 12/12
[T4_K4_wd0.0001_s2/l10] ep40 vl 0.7797 va 0.7198 clip 12/12
[T4_K4_wd0.0001_s2/l10] ep60 vl 0.8436 va 0.7137 clip 12/12
DONE T4_K4_wd0.0001_s2 l10 head 0.6864 probe 0.6818 val 0.7240 ep46 OVERFIT 96.9s
[T4_K4_wd0.0001_s2/l11] ep20 vl 0.6655 va 0.6651 clip 12/12
[T4_K4_wd0.0001_s2/l11] ep40 vl 0.7925 va 0.6734 clip 12/12
DONE T4_K4_wd0.0001_s2 l11 head 0.4526 probe 0.4316 val 0.6907 ep33 OVERFIT 100.1s
[T4_K4_wd0.0001_s2/l12] ep20 vl 0.7384 va 0.6267 clip 12/12
[T4_K4_wd0.0001_s2/l12] ep40 vl 0.7870 va 0.6713 clip 12/12
[T4_K4_wd0.0001_s2/l12] ep60 vl 1.0014 va 0.6907 clip 12/12
[T4_K4_wd0.0001_s2/l12] ep80 vl 0.9383 va 0.6794 clip 12/12
DONE T4_K4_wd0.0001_s2 l12 head 0.6151 probe 0.6528 val 0.7119 ep75 OVERFIT 127.2s
[T4_K4_wd0.0001_s2/l13] ep20 vl 0.6975 va 0.6553 clip 12/12
[T4_K4_wd0.0001_s2/l13] ep40 vl 0.7151 va 0.7042 clip 12/12
[T4_K4_wd0.0001_s2/l13] ep60 vl 0.9218 va 0.7043 clip 12/12
[T4_K4_wd0.0001_s2/l13] ep80 vl 0.8914 va 0.7216 clip 12/12
DONE T4_K4_wd0.0001_s2 l13 head 0.7260 probe 0.7316 val 0.7334 ep65 OVERFIT 110.1s
[T4_K4_wd0.0001_s2/l14] ep20 vl 0.7066 va 0.6200 clip 12/12
[T4_K4_wd0.0001_s2/l14] ep40 vl 0.7686 va 0.6792 clip 12/12
[T4_K4_wd0.0001_s2/l14] ep60 vl 0.8377 va 0.6877 clip 12/12
[T4_K4_wd0.0001_s2/l14] ep80 vl 1.0238 va 0.6740 clip 12/12
DONE T4_K4_wd0.0001_s2 l14 head 0.5385 probe 0.5462 val 0.7021 ep68 OVERFIT 115.3s
[T4_K4_wd0.0001_s2/l15] ep20 vl 0.6959 va 0.6253 clip 11/11
[T4_K4_wd0.0001_s2/l15] ep40 vl 0.7232 va 0.7199 clip 11/11
DONE T4_K4_wd0.0001_s2 l15 head 0.6696 probe 0.6771 val 0.7199 ep40 OVERFIT 100.4s
[T4_K4_wd0.0001_s2/l16] ep20 vl 0.6658 va 0.6952 clip 12/12
[T4_K4_wd0.0001_s2/l16] ep40 vl 0.7254 va 0.7286 clip 12/12
[T4_K4_wd0.0001_s2/l16] ep60 vl 0.8549 va 0.7103 clip 12/12
DONE T4_K4_wd0.0001_s2 l16 head 0.7423 probe 0.7346 val 0.7309 ep41 OVERFIT 92.9s
[T4_K4_wd0.0001_s2/l17] ep20 vl 0.6889 va 0.6181 clip 12/12
[T4_K4_wd0.0001_s2/l17] ep40 vl 1.1403 va 0.6596 clip 12/12
[T4_K4_wd0.0001_s2/l17] ep60 vl 0.8751 va 0.6492 clip 12/12
DONE T4_K4_wd0.0001_s2 l17 head 0.7300 probe 0.7191 val 0.6657 ep57 OVERFIT 101.5s
[T4_K4_wd0.0001_s2/l18] ep20 vl 0.6799 va 0.6797 clip 12/12
[T4_K4_wd0.0001_s2/l18] ep40 vl 0.7874 va 0.7005 clip 12/12
[T4_K4_wd0.0001_s2/l18] ep60 vl 0.9232 va 0.6911 clip 12/12
DONE T4_K4_wd0.0001_s2 l18 head 0.6931 probe 0.7077 val 0.7040 ep43 OVERFIT 103.2s
UNIT_COMPLETE T4_K4_wd0.0001_s2 total 2654s
