[T2_K2_wd0.001_s1] arm=T2 K=2 wd=0.001 seed=20260819 folds=24 host=node04.cognition.gla.alces.network cores=4
[T2_K2_wd0.001_s1/o0] ep20 vl 0.6866 va 0.5911 clip 10/10
[T2_K2_wd0.001_s1/o0] ep40 vl 0.6940 va 0.6733 clip 10/10
[T2_K2_wd0.001_s1/o0] ep60 vl 0.7791 va 0.7110 clip 10/10
[T2_K2_wd0.001_s1/o0] ep80 vl 0.9914 va 0.7050 clip 10/10
DONE T2_K2_wd0.001_s1 o0 head 0.6702 probe 0.6801 val 0.7115 ep78 OVERFIT 101.3s
[T2_K2_wd0.001_s1/o1] ep20 vl 0.6703 va 0.6527 clip 10/10
[T2_K2_wd0.001_s1/o1] ep40 vl 0.6945 va 0.6670 clip 10/10
DONE T2_K2_wd0.001_s1 o1 head 0.7075 probe 0.7144 val 0.6764 ep36 OVERFIT 60.0s
[T2_K2_wd0.001_s1/o2] ep20 vl 0.6681 va 0.6603 clip 10/10
[T2_K2_wd0.001_s1/o2] ep40 vl 0.7449 va 0.6589 clip 10/10
DONE T2_K2_wd0.001_s1 o2 head 0.6342 probe 0.6435 val 0.6906 ep33 OVERFIT 57.4s
[T2_K2_wd0.001_s1/o3] ep20 vl 0.6777 va 0.6192 clip 10/10
[T2_K2_wd0.001_s1/o3] ep40 vl 0.7776 va 0.6298 clip 10/10
[T2_K2_wd0.001_s1/o3] ep60 vl 0.9747 va 0.6134 clip 10/10
DONE T2_K2_wd0.001_s1 o3 head 0.6256 probe 0.6295 val 0.6449 ep42 OVERFIT 66.3s
[T2_K2_wd0.001_s1/o4] ep20 vl 0.6872 va 0.5906 clip 10/10
[T2_K2_wd0.001_s1/o4] ep40 vl 0.8203 va 0.5930 clip 10/10
[T2_K2_wd0.001_s1/o4] ep60 vl 1.0583 va 0.6065 clip 10/10
[T2_K2_wd0.001_s1/o4] ep80 vl 1.2143 va 0.6303 clip 10/10
DONE T2_K2_wd0.001_s1 o4 head 0.6072 probe 0.6126 val 0.6433 ep67 OVERFIT 81.2s
[T2_K2_wd0.001_s1/l0] ep20 vl 0.6760 va 0.6596 clip 12/12
[T2_K2_wd0.001_s1/l0] ep40 vl 0.7435 va 0.6781 clip 12/12
[T2_K2_wd0.001_s1/l0] ep60 vl 0.8548 va 0.6641 clip 12/12
DONE T2_K2_wd0.001_s1 l0 head 0.4948 probe 0.5365 val 0.6914 ep43 OVERFIT 76.5s
[T2_K2_wd0.001_s1/l1] ep20 vl 0.6829 va 0.6238 clip 11/12
[T2_K2_wd0.001_s1/l1] ep40 vl 0.7744 va 0.6875 clip 12/12
[T2_K2_wd0.001_s1/l1] ep60 vl 1.0326 va 0.6603 clip 12/12
DONE T2_K2_wd0.001_s1 l1 head 0.8081 probe 0.8081 val 0.6887 ep46 OVERFIT 74.5s
[T2_K2_wd0.001_s1/l2] ep20 vl 0.7033 va 0.6509 clip 12/12
[T2_K2_wd0.001_s1/l2] ep40 vl 0.8403 va 0.6784 clip 12/12
DONE T2_K2_wd0.001_s1 l2 head 0.5771 probe 0.5733 val 0.6930 ep23 HEALTHY 54.9s
[T2_K2_wd0.001_s1/l3] ep20 vl 0.6996 va 0.6175 clip 12/12
[T2_K2_wd0.001_s1/l3] ep40 vl 0.9154 va 0.6063 clip 12/12
DONE T2_K2_wd0.001_s1 l3 head 0.5204 probe 0.5459 val 0.6420 ep35 OVERFIT 66.1s
[T2_K2_wd0.001_s1/l4] ep20 vl 0.6896 va 0.6036 clip 12/12
[T2_K2_wd0.001_s1/l4] ep40 vl 0.8092 va 0.6409 clip 12/12
DONE T2_K2_wd0.001_s1 l4 head 0.6074 probe 0.6481 val 0.6580 ep31 OVERFIT 60.9s
[T2_K2_wd0.001_s1/l5] ep20 vl 0.7134 va 0.6028 clip 12/12
[T2_K2_wd0.001_s1/l5] ep40 vl 0.7982 va 0.6370 clip 12/12
DONE T2_K2_wd0.001_s1 l5 head 0.6054 probe 0.6421 val 0.6595 ep32 OVERFIT 61.9s
[T2_K2_wd0.001_s1/l6] ep20 vl 0.6848 va 0.5869 clip 10/10
[T2_K2_wd0.001_s1/l6] ep40 vl 0.7814 va 0.6573 clip 10/10
[T2_K2_wd0.001_s1/l6] ep60 vl 0.9372 va 0.6505 clip 10/10
DONE T2_K2_wd0.001_s1 l6 head 0.6328 probe 0.6574 val 0.6635 ep42 OVERFIT 70.7s
[T2_K2_wd0.001_s1/l7] ep20 vl 0.6853 va 0.6034 clip 12/12
[T2_K2_wd0.001_s1/l7] ep40 vl 0.8137 va 0.6276 clip 12/12
DONE T2_K2_wd0.001_s1 l7 head 0.8185 probe 0.7926 val 0.6427 ep37 OVERFIT 66.5s
[T2_K2_wd0.001_s1/l8] ep20 vl 0.6954 va 0.5809 clip 12/12
[T2_K2_wd0.001_s1/l8] ep40 vl 0.8422 va 0.6059 clip 12/12
[T2_K2_wd0.001_s1/l8] ep60 vl 0.9002 va 0.6202 clip 12/12
[T2_K2_wd0.001_s1/l8] ep80 vl 1.1073 va 0.6178 clip 12/12
DONE T2_K2_wd0.001_s1 l8 head 0.5676 probe 0.5955 val 0.6272 ep62 OVERFIT 93.9s
[T2_K2_wd0.001_s1/l9] ep20 vl 0.6905 va 0.5999 clip 12/12
[T2_K2_wd0.001_s1/l9] ep40 vl 0.8129 va 0.6133 clip 12/12
DONE T2_K2_wd0.001_s1 l9 head 0.6619 probe 0.6952 val 0.6262 ep33 OVERFIT 62.6s
[T2_K2_wd0.001_s1/l10] ep20 vl 0.6969 va 0.5877 clip 12/12
[T2_K2_wd0.001_s1/l10] ep40 vl 0.8549 va 0.6136 clip 12/12
DONE T2_K2_wd0.001_s1 l10 head 0.5864 probe 0.6227 val 0.6339 ep38 OVERFIT 68.1s
[T2_K2_wd0.001_s1/l11] ep20 vl 0.6779 va 0.6290 clip 12/12
[T2_K2_wd0.001_s1/l11] ep40 vl 0.7584 va 0.6560 clip 12/12
[T2_K2_wd0.001_s1/l11] ep60 vl 0.8594 va 0.6597 clip 12/12
DONE T2_K2_wd0.001_s1 l11 head 0.5711 probe 0.5658 val 0.6652 ep53 OVERFIT 85.6s
[T2_K2_wd0.001_s1/l12] ep20 vl 0.6898 va 0.5792 clip 12/12
[T2_K2_wd0.001_s1/l12] ep40 vl 0.8180 va 0.6197 clip 12/12
[T2_K2_wd0.001_s1/l12] ep60 vl 1.0081 va 0.6281 clip 12/12
[T2_K2_wd0.001_s1/l12] ep80 vl 1.0890 va 0.6407 clip 12/12
[T2_K2_wd0.001_s1/l12] ep100 vl 1.1621 va 0.6410 clip 12/12
[T2_K2_wd0.001_s1/l12] ep120 vl 1.1103 va 0.6379 clip 10/12
DONE T2_K2_wd0.001_s1 l12 head 0.4742 probe 0.5238 val 0.6619 ep109 OVERFIT 140.7s
[T2_K2_wd0.001_s1/l13] ep20 vl 0.7088 va 0.5931 clip 12/12
[T2_K2_wd0.001_s1/l13] ep40 vl 0.7678 va 0.6370 clip 12/12
[T2_K2_wd0.001_s1/l13] ep60 vl 0.9245 va 0.6449 clip 12/12
DONE T2_K2_wd0.001_s1 l13 head 0.7605 probe 0.7726 val 0.6459 ep41 OVERFIT 70.5s
[T2_K2_wd0.001_s1/l14] ep20 vl 0.7052 va 0.5666 clip 12/12
[T2_K2_wd0.001_s1/l14] ep40 vl 0.8137 va 0.6094 clip 12/12
[T2_K2_wd0.001_s1/l14] ep60 vl 1.1692 va 0.5988 clip 12/12
DONE T2_K2_wd0.001_s1 l14 head 0.6154 probe 0.6692 val 0.6267 ep49 OVERFIT 79.6s
[T2_K2_wd0.001_s1/l15] ep20 vl 0.6880 va 0.6126 clip 11/11
[T2_K2_wd0.001_s1/l15] ep40 vl 0.7774 va 0.6390 clip 11/11
[T2_K2_wd0.001_s1/l15] ep60 vl 0.9399 va 0.6412 clip 11/11
DONE T2_K2_wd0.001_s1 l15 head 0.7371 probe 0.7438 val 0.6808 ep53 OVERFIT 85.1s
[T2_K2_wd0.001_s1/l16] ep20 vl 0.6931 va 0.5754 clip 12/12
[T2_K2_wd0.001_s1/l16] ep40 vl 0.8626 va 0.6196 clip 12/12
[T2_K2_wd0.001_s1/l16] ep60 vl 1.0780 va 0.6135 clip 12/12
[T2_K2_wd0.001_s1/l16] ep80 vl 1.1289 va 0.6009 clip 12/12
DONE T2_K2_wd0.001_s1 l16 head 0.7846 probe 0.8192 val 0.6250 ep71 OVERFIT 110.3s
[T2_K2_wd0.001_s1/l17] ep20 vl 0.7169 va 0.5371 clip 12/12
DONE T2_K2_wd0.001_s1 l17 head 0.5709 probe 0.7109 val 0.5711 ep7 UNDERFIT 31.6s
[T2_K2_wd0.001_s1/l18] ep20 vl 0.7136 va 0.5481 clip 12/12
DONE T2_K2_wd0.001_s1 l18 head 0.6032 probe 0.7235 val 0.5962 ep5 UNDERFIT 31.3s
UNIT_COMPLETE T2_K2_wd0.001_s1 total 1759s
