[T2_K2_wd0.001_s2] arm=T2 K=2 wd=0.001 seed=20260820 folds=24 host=node04.cognition.gla.alces.network cores=4
[T2_K2_wd0.001_s2/o0] ep20 vl 0.6793 va 0.6777 clip 10/10
[T2_K2_wd0.001_s2/o0] ep40 vl 0.8074 va 0.6849 clip 10/10
[T2_K2_wd0.001_s2/o0] ep60 vl 0.9727 va 0.6945 clip 10/10
DONE T2_K2_wd0.001_s2 o0 head 0.6501 probe 0.6281 val 0.7055 ep59 OVERFIT 85.1s
[T2_K2_wd0.001_s2/o1] ep20 vl 0.6592 va 0.6899 clip 10/10
[T2_K2_wd0.001_s2/o1] ep40 vl 0.8648 va 0.6885 clip 10/10
DONE T2_K2_wd0.001_s2 o1 head 0.7218 probe 0.7164 val 0.7099 ep23 HEALTHY 48.1s
[T2_K2_wd0.001_s2/o2] ep20 vl 0.6901 va 0.6481 clip 10/10
[T2_K2_wd0.001_s2/o2] ep40 vl 0.8935 va 0.6471 clip 10/10
DONE T2_K2_wd0.001_s2 o2 head 0.6655 probe 0.6518 val 0.6743 ep30 OVERFIT 56.4s
[T2_K2_wd0.001_s2/o3] ep20 vl 0.6503 va 0.6973 clip 10/10
[T2_K2_wd0.001_s2/o3] ep40 vl 0.9115 va 0.6291 clip 10/10
DONE T2_K2_wd0.001_s2 o3 head 0.6191 probe 0.6271 val 0.7007 ep22 HEALTHY 49.3s
[T2_K2_wd0.001_s2/o4] ep20 vl 0.6540 va 0.6784 clip 10/10
[T2_K2_wd0.001_s2/o4] ep40 vl 0.8760 va 0.6675 clip 10/10
DONE T2_K2_wd0.001_s2 o4 head 0.6145 probe 0.6258 val 0.6896 ep32 OVERFIT 57.5s
[T2_K2_wd0.001_s2/l0] ep20 vl 0.7205 va 0.6642 clip 12/12
DONE T2_K2_wd0.001_s2 l0 head 0.3125 probe 0.3594 val 0.6918 ep19 HEALTHY 48.8s
[T2_K2_wd0.001_s2/l1] ep20 vl 0.6932 va 0.6684 clip 12/12
[T2_K2_wd0.001_s2/l1] ep40 vl 0.8172 va 0.6589 clip 12/12
DONE T2_K2_wd0.001_s2 l1 head 0.8485 probe 0.8586 val 0.6731 ep22 HEALTHY 53.5s
[T2_K2_wd0.001_s2/l2] ep20 vl 0.6848 va 0.6841 clip 12/12
[T2_K2_wd0.001_s2/l2] ep40 vl 0.8597 va 0.6656 clip 12/12
[T2_K2_wd0.001_s2/l2] ep60 vl 1.0021 va 0.6907 clip 12/12
DONE T2_K2_wd0.001_s2 l2 head 0.6523 probe 0.6090 val 0.7105 ep41 OVERFIT 75.3s
[T2_K2_wd0.001_s2/l3] ep20 vl 0.6904 va 0.6662 clip 12/12
[T2_K2_wd0.001_s2/l3] ep40 vl 0.8315 va 0.6654 clip 12/12
DONE T2_K2_wd0.001_s2 l3 head 0.5663 probe 0.6224 val 0.6893 ep31 OVERFIT 63.3s
[T2_K2_wd0.001_s2/l4] ep20 vl 0.6958 va 0.6149 clip 12/12
DONE T2_K2_wd0.001_s2 l4 head 0.6370 probe 0.6963 val 0.6332 ep17 HEALTHY 47.7s
[T2_K2_wd0.001_s2/l5] ep20 vl 0.7327 va 0.6239 clip 12/12
[T2_K2_wd0.001_s2/l5] ep40 vl 0.8808 va 0.6335 clip 12/12
DONE T2_K2_wd0.001_s2 l5 head 0.6338 probe 0.6522 val 0.6453 ep25 OVERFIT 53.1s
[T2_K2_wd0.001_s2/l6] ep20 vl 0.6853 va 0.6601 clip 10/10
DONE T2_K2_wd0.001_s2 l6 head 0.6575 probe 0.6461 val 0.6601 ep20 HEALTHY 50.1s
[T2_K2_wd0.001_s2/l7] ep20 vl 0.6793 va 0.6872 clip 12/12
DONE T2_K2_wd0.001_s2 l7 head 0.6815 probe 0.7667 val 0.7172 ep8 HEALTHY 37.6s
[T2_K2_wd0.001_s2/l8] ep20 vl 0.7659 va 0.6215 clip 12/12
[T2_K2_wd0.001_s2/l8] ep40 vl 0.9396 va 0.6519 clip 12/12
[T2_K2_wd0.001_s2/l8] ep60 vl 1.1094 va 0.6343 clip 12/12
DONE T2_K2_wd0.001_s2 l8 head 0.5822 probe 0.6114 val 0.6585 ep46 OVERFIT 83.1s
[T2_K2_wd0.001_s2/l9] ep20 vl 0.6866 va 0.6702 clip 12/12
[T2_K2_wd0.001_s2/l9] ep40 vl 0.9064 va 0.6874 clip 12/12
DONE T2_K2_wd0.001_s2 l9 head 0.5905 probe 0.5857 val 0.7020 ep35 OVERFIT 67.0s
[T2_K2_wd0.001_s2/l10] ep20 vl 0.7610 va 0.6364 clip 12/12
[T2_K2_wd0.001_s2/l10] ep40 vl 0.8275 va 0.7062 clip 12/12
[T2_K2_wd0.001_s2/l10] ep60 vl 0.9656 va 0.6959 clip 12/12
DONE T2_K2_wd0.001_s2 l10 head 0.6864 probe 0.7136 val 0.7116 ep53 OVERFIT 88.9s
[T2_K2_wd0.001_s2/l11] ep20 vl 0.7038 va 0.6621 clip 12/12
[T2_K2_wd0.001_s2/l11] ep40 vl 0.9086 va 0.6760 clip 12/12
DONE T2_K2_wd0.001_s2 l11 head 0.4868 probe 0.4684 val 0.6868 ep31 OVERFIT 62.8s
[T2_K2_wd0.001_s2/l12] ep20 vl 0.7034 va 0.6432 clip 12/12
[T2_K2_wd0.001_s2/l12] ep40 vl 0.8406 va 0.6738 clip 12/12
[T2_K2_wd0.001_s2/l12] ep60 vl 1.1205 va 0.6477 clip 12/12
DONE T2_K2_wd0.001_s2 l12 head 0.5694 probe 0.5813 val 0.6811 ep52 OVERFIT 87.5s
[T2_K2_wd0.001_s2/l13] ep20 vl 0.7842 va 0.6159 clip 12/12
[T2_K2_wd0.001_s2/l13] ep40 vl 0.9103 va 0.6663 clip 12/12
[T2_K2_wd0.001_s2/l13] ep60 vl 0.9823 va 0.6643 clip 12/12
DONE T2_K2_wd0.001_s2 l13 head 0.7847 probe 0.7679 val 0.6705 ep50 OVERFIT 82.4s
[T2_K2_wd0.001_s2/l14] ep20 vl 0.7242 va 0.6343 clip 12/12
[T2_K2_wd0.001_s2/l14] ep40 vl 0.8157 va 0.6756 clip 12/12
[T2_K2_wd0.001_s2/l14] ep60 vl 1.0172 va 0.6781 clip 12/12
DONE T2_K2_wd0.001_s2 l14 head 0.5615 probe 0.6000 val 0.6856 ep47 OVERFIT 83.7s
[T2_K2_wd0.001_s2/l15] ep20 vl 0.7777 va 0.6068 clip 11/11
[T2_K2_wd0.001_s2/l15] ep40 vl 1.0011 va 0.6560 clip 11/11
[T2_K2_wd0.001_s2/l15] ep60 vl 1.0862 va 0.6641 clip 11/11
[T2_K2_wd0.001_s2/l15] ep80 vl 1.1601 va 0.6699 clip 11/11
DONE T2_K2_wd0.001_s2 l15 head 0.6662 probe 0.6868 val 0.6916 ep74 OVERFIT 103.4s
[T2_K2_wd0.001_s2/l16] ep20 vl 0.7486 va 0.6492 clip 12/12
[T2_K2_wd0.001_s2/l16] ep40 vl 0.9710 va 0.6471 clip 12/12
DONE T2_K2_wd0.001_s2 l16 head 0.5346 probe 0.5692 val 0.6724 ep32 OVERFIT 63.0s
[T2_K2_wd0.001_s2/l17] ep20 vl 0.7599 va 0.5764 clip 12/12
[T2_K2_wd0.001_s2/l17] ep40 vl 1.1275 va 0.6443 clip 12/12
[T2_K2_wd0.001_s2/l17] ep60 vl 1.2476 va 0.6059 clip 12/12
DONE T2_K2_wd0.001_s2 l17 head 0.7773 probe 0.7955 val 0.6479 ep42 OVERFIT 74.2s
[T2_K2_wd0.001_s2/l18] ep20 vl 0.7609 va 0.6303 clip 12/12
[T2_K2_wd0.001_s2/l18] ep40 vl 0.9449 va 0.6588 clip 12/12
DONE T2_K2_wd0.001_s2 l18 head 0.6786 probe 0.7235 val 0.6710 ep37 OVERFIT 69.0s
UNIT_COMPLETE T2_K2_wd0.001_s2 total 1592s
