[T2_K4_wd0.0001_s0] arm=T2 K=4 wd=0.0001 seed=20260818 folds=24 host=node04.cognition.gla.alces.network cores=4
[T2_K4_wd0.0001_s0/o0] ep20 vl 0.6598 va 0.6533 clip 10/10
[T2_K4_wd0.0001_s0/o0] ep40 vl 0.7402 va 0.6748 clip 10/10
[T2_K4_wd0.0001_s0/o0] ep60 vl 0.8082 va 0.7036 clip 10/10
[T2_K4_wd0.0001_s0/o0] ep80 vl 0.8498 va 0.7045 clip 10/10
DONE T2_K4_wd0.0001_s0 o0 head 0.6538 probe 0.6562 val 0.7223 ep72 OVERFIT 98.7s
[T2_K4_wd0.0001_s0/o1] ep20 vl 0.7137 va 0.5858 clip 10/10
[T2_K4_wd0.0001_s0/o1] ep40 vl 0.7940 va 0.6637 clip 10/10
[T2_K4_wd0.0001_s0/o1] ep60 vl 0.9911 va 0.6438 clip 10/10
DONE T2_K4_wd0.0001_s0 o1 head 0.6724 probe 0.6738 val 0.6714 ep58 OVERFIT 97.2s
[T2_K4_wd0.0001_s0/o2] ep20 vl 0.7206 va 0.5656 clip 10/10
DONE T2_K4_wd0.0001_s0 o2 head 0.6215 probe 0.5897 val 0.6010 ep12 HEALTHY 68.0s
[T2_K4_wd0.0001_s0/o3] ep20 vl 0.7102 va 0.6075 clip 10/10
[T2_K4_wd0.0001_s0/o3] ep40 vl 0.9133 va 0.6219 clip 10/10
DONE T2_K4_wd0.0001_s0 o3 head 0.6381 probe 0.6488 val 0.6452 ep29 OVERFIT 79.8s
[T2_K4_wd0.0001_s0/o4] ep20 vl 0.6973 va 0.6491 clip 10/10
[T2_K4_wd0.0001_s0/o4] ep40 vl 0.9074 va 0.6062 clip 10/10
DONE T2_K4_wd0.0001_s0 o4 head 0.6739 probe 0.6812 val 0.6738 ep24 HEALTHY 75.3s
[T2_K4_wd0.0001_s0/l0] ep20 vl 0.6494 va 0.6870 clip 12/12
[T2_K4_wd0.0001_s0/l0] ep40 vl 0.7726 va 0.6670 clip 12/12
DONE T2_K4_wd0.0001_s0 l0 head 0.3490 probe 0.3542 val 0.6936 ep22 HEALTHY 99.7s
[T2_K4_wd0.0001_s0/l1] ep20 vl 0.6674 va 0.6409 clip 12/12
[T2_K4_wd0.0001_s0/l1] ep40 vl 0.8394 va 0.6440 clip 12/12
DONE T2_K4_wd0.0001_s0 l1 head 0.7980 probe 0.7172 val 0.6648 ep27 HEALTHY 118.7s
[T2_K4_wd0.0001_s0/l2] ep20 vl 0.7245 va 0.6641 clip 12/12
[T2_K4_wd0.0001_s0/l2] ep40 vl 0.8356 va 0.7072 clip 12/12
[T2_K4_wd0.0001_s0/l2] ep60 vl 0.8459 va 0.7169 clip 12/12
[T2_K4_wd0.0001_s0/l2] ep80 vl 0.9142 va 0.7095 clip 12/12
DONE T2_K4_wd0.0001_s0 l2 head 0.4474 probe 0.4831 val 0.7247 ep69 OVERFIT 108.7s
[T2_K4_wd0.0001_s0/l3] ep20 vl 0.6759 va 0.6615 clip 12/12
[T2_K4_wd0.0001_s0/l3] ep40 vl 0.8329 va 0.6718 clip 12/12
DONE T2_K4_wd0.0001_s0 l3 head 0.5357 probe 0.5816 val 0.6796 ep37 OVERFIT 105.1s
[T2_K4_wd0.0001_s0/l4] ep20 vl 0.6894 va 0.6162 clip 12/12
[T2_K4_wd0.0001_s0/l4] ep40 vl 0.9518 va 0.5852 clip 12/12
DONE T2_K4_wd0.0001_s0 l4 head 0.5741 probe 0.5667 val 0.6419 ep27 OVERFIT 92.8s
[T2_K4_wd0.0001_s0/l5] ep20 vl 0.6856 va 0.6781 clip 12/12
[T2_K4_wd0.0001_s0/l5] ep40 vl 0.7771 va 0.6851 clip 12/12
DONE T2_K4_wd0.0001_s0 l5 head 0.6288 probe 0.6204 val 0.7058 ep26 HEALTHY 117.4s
[T2_K4_wd0.0001_s0/l6] ep20 vl 0.6866 va 0.6234 clip 10/10
[T2_K4_wd0.0001_s0/l6] ep40 vl 0.7906 va 0.6045 clip 10/10
DONE T2_K4_wd0.0001_s0 l6 head 0.7166 probe 0.7144 val 0.6295 ep22 HEALTHY 74.5s
[T2_K4_wd0.0001_s0/l7] ep20 vl 0.6636 va 0.6714 clip 12/12
[T2_K4_wd0.0001_s0/l7] ep40 vl 0.7830 va 0.7058 clip 12/12
DONE T2_K4_wd0.0001_s0 l7 head 0.8222 probe 0.8815 val 0.7136 ep36 OVERFIT 108.6s
[T2_K4_wd0.0001_s0/l8] ep20 vl 0.6993 va 0.6415 clip 12/12
[T2_K4_wd0.0001_s0/l8] ep40 vl 0.7739 va 0.6879 clip 12/12
[T2_K4_wd0.0001_s0/l8] ep60 vl 0.9429 va 0.6914 clip 12/12
DONE T2_K4_wd0.0001_s0 l8 head 0.5968 probe 0.5796 val 0.6937 ep41 OVERFIT 88.8s
[T2_K4_wd0.0001_s0/l9] ep20 vl 0.6609 va 0.6873 clip 12/12
DONE T2_K4_wd0.0001_s0 l9 head 0.6143 probe 0.6048 val 0.6873 ep20 HEALTHY 94.9s
[T2_K4_wd0.0001_s0/l10] ep20 vl 0.6773 va 0.6706 clip 12/12
[T2_K4_wd0.0001_s0/l10] ep40 vl 0.8172 va 0.6861 clip 12/12
DONE T2_K4_wd0.0001_s0 l10 head 0.6682 probe 0.7000 val 0.6912 ep30 OVERFIT 90.7s
[T2_K4_wd0.0001_s0/l11] ep20 vl 0.6991 va 0.6870 clip 12/12
[T2_K4_wd0.0001_s0/l11] ep40 vl 0.8435 va 0.6734 clip 12/12
DONE T2_K4_wd0.0001_s0 l11 head 0.4079 probe 0.4105 val 0.7141 ep21 HEALTHY 78.8s
[T2_K4_wd0.0001_s0/l12] ep20 vl 0.6966 va 0.6131 clip 12/12
[T2_K4_wd0.0001_s0/l12] ep40 vl 0.8547 va 0.6038 clip 12/12
DONE T2_K4_wd0.0001_s0 l12 head 0.6528 probe 0.6726 val 0.6361 ep24 OVERFIT 80.5s
[T2_K4_wd0.0001_s0/l13] ep20 vl 0.7088 va 0.6304 clip 12/12
[T2_K4_wd0.0001_s0/l13] ep40 vl 0.7825 va 0.6712 clip 12/12
[T2_K4_wd0.0001_s0/l13] ep60 vl 0.9834 va 0.6710 clip 12/12
DONE T2_K4_wd0.0001_s0 l13 head 0.6999 probe 0.7316 val 0.6726 ep52 OVERFIT 99.2s
[T2_K4_wd0.0001_s0/l14] ep20 vl 0.7659 va 0.6204 clip 12/12
[T2_K4_wd0.0001_s0/l14] ep40 vl 0.8532 va 0.6325 clip 12/12
[T2_K4_wd0.0001_s0/l14] ep60 vl 0.9673 va 0.6529 clip 12/12
[T2_K4_wd0.0001_s0/l14] ep80 vl 1.0763 va 0.6403 clip 12/12
DONE T2_K4_wd0.0001_s0 l14 head 0.6692 probe 0.7231 val 0.6536 ep69 OVERFIT 101.8s
[T2_K4_wd0.0001_s0/l15] ep20 vl 0.6658 va 0.6486 clip 11/11
[T2_K4_wd0.0001_s0/l15] ep40 vl 0.8379 va 0.6407 clip 11/11
DONE T2_K4_wd0.0001_s0 l15 head 0.6671 probe 0.6725 val 0.6688 ep25 HEALTHY 73.9s
[T2_K4_wd0.0001_s0/l16] ep20 vl 0.7144 va 0.6120 clip 12/12
[T2_K4_wd0.0001_s0/l16] ep40 vl 0.8645 va 0.6269 clip 12/12
DONE T2_K4_wd0.0001_s0 l16 head 0.6115 probe 0.6038 val 0.6525 ep36 OVERFIT 79.2s
[T2_K4_wd0.0001_s0/l17] ep20 vl 0.7100 va 0.6128 clip 12/12
[T2_K4_wd0.0001_s0/l17] ep40 vl 0.9082 va 0.6100 clip 12/12
DONE T2_K4_wd0.0001_s0 l17 head 0.7473 probe 0.7582 val 0.6427 ep24 OVERFIT 85.6s
[T2_K4_wd0.0001_s0/l18] ep20 vl 0.7025 va 0.6253 clip 12/12
[T2_K4_wd0.0001_s0/l18] ep40 vl 0.8183 va 0.6341 clip 12/12
DONE T2_K4_wd0.0001_s0 l18 head 0.8175 probe 0.8082 val 0.6677 ep28 OVERFIT 85.0s
UNIT_COMPLETE T2_K4_wd0.0001_s0 total 2206s
