host=node14.cognition.gla.alces.network job=1870215 git=f6c49d49761ef3bf82b3d59798ee1e8ace6b62dc seed=20260818 date=2026-08-20T19:09:44+01:00
[C s0] ep10 view=7.2031 model=3.6578 keep=0.1469
[C s0] ep20 view=6.9905 model=3.4126 keep=0.0407
[C s0] ep30 view=6.9122 model=2.8886 keep=0.0316
[C s0] ep40 view=7.4636 model=2.6420 keep=0.0329
[C s0] ep50 view=7.3800 model=2.5159 keep=0.0284
[C s0] ep60 view=7.4588 model=2.0381 keep=0.0431
[C s0] ep70 view=7.0771 model=2.0954 keep=0.0316
[C s0] ep80 view=6.9906 model=1.8210 keep=0.0341
[C s0] ep90 view=6.9514 model=1.8005 keep=0.0313
[C s0] ep100 view=6.8783 model=1.8409 keep=0.0338
[C s0] ep110 view=6.8844 model=2.5368 keep=0.0950
[C s0] ep120 view=7.7038 model=3.0382 keep=0.1423
[C s0] ep130 view=7.0764 model=2.0241 keep=0.1271
[C s0] ep140 view=6.9700 model=1.9987 keep=0.1118
[C s0] ep150 view=7.0883 model=1.9514 keep=0.1138
[C s0] ep160 view=6.7530 model=2.1300 keep=0.1136
[C s0] ep170 view=7.0215 model=1.8839 keep=0.1053
[C s0] ep180 view=6.9565 model=1.9421 keep=0.1121
[C s0] ep190 view=6.9301 model=2.0027 keep=0.0895
[C s0] ep200 view=6.8792 model=1.9505 keep=0.0951
C h: AUC=0.5091 [0.4716,0.5457] bacc=0.5193 sens=0.4615 spec=0.5772
C z: AUC=0.4685 [0.4309,0.5038] bacc=0.4747 sens=0.4264 spec=0.5230
C h_unweighted_origslip: AUC=0.4994 [0.4634,0.5352] bacc=0.4953 sens=0.3934 spec=0.5972
C z_unweighted_origslip: AUC=0.4826 [0.4466,0.5183] bacc=0.4886 sens=0.4000 spec=0.5772
PILOT COMPLETE C 2907.5 s
