21:36:40 | INFO | N=956, ASD=455, NC=501
21:36:40 | INFO | === Old ALFF + JOINT min-max (original pre-fix normalization) | LinearSVC ===
21:36:45 | INFO |   [Old ALFF (joint norm)] fold 1/5: acc=0.5677 auc=0.5983 best_C=0.1
21:36:50 | INFO |   [Old ALFF (joint norm)] fold 2/5: acc=0.5864 auc=0.6308 best_C=0.001
21:36:57 | INFO |   [Old ALFF (joint norm)] fold 3/5: acc=0.5393 auc=0.5638 best_C=100
21:37:00 | INFO |   [Old ALFF (joint norm)] fold 4/5: acc=0.5602 auc=0.5945 best_C=0.001
21:37:04 | INFO |   [Old ALFF (joint norm)] fold 5/5: acc=0.5864 auc=0.6223 best_C=1000
21:37:04 | INFO | [Old ALFF (joint norm)] acc: 0.5680 +- 0.0177 | auc: 0.6019 +- 0.0235
21:37:04 | INFO | === New ALFF + JOINT min-max (original pre-fix normalization) | LinearSVC ===
21:37:15 | INFO |   [New ALFF (joint norm)] fold 1/5: acc=0.5885 auc=0.6108 best_C=0.001
21:37:19 | INFO |   [New ALFF (joint norm)] fold 2/5: acc=0.5393 auc=0.5610 best_C=0.01
21:37:20 | INFO |   [New ALFF (joint norm)] fold 3/5: acc=0.5497 auc=0.5358 best_C=0.1
21:37:23 | INFO |   [New ALFF (joint norm)] fold 4/5: acc=0.6021 auc=0.6216 best_C=0.001
21:37:24 | INFO |   [New ALFF (joint norm)] fold 5/5: acc=0.6073 auc=0.6436 best_C=0.001
21:37:24 | INFO | [New ALFF (joint norm)] acc: 0.5774 +- 0.0277 | auc: 0.5946 +- 0.0400
21:37:24 | INFO | 
21:37:24 | INFO | === FULL 2x2: {joint, per-band} min-max x {old, new} ALFF | LinearSVC ===
21:37:24 | INFO | Features                     | Accuracy             | AUC                 
21:37:24 | INFO | Old ALFF (joint)             | 0.5680 +- 0.0177    | 0.6019 +- 0.0235
21:37:24 | INFO | Old ALFF (per-band)          | 0.5837 +- 0.0102    | 0.6085 +- 0.0250
21:37:24 | INFO | New ALFF (joint)             | 0.5774 +- 0.0277    | 0.5946 +- 0.0400
21:37:24 | INFO | New ALFF (per-band)          | 0.5795 +- 0.0264    | 0.6031 +- 0.0291
21:37:24 | INFO | 
21:37:24 | INFO | Per-band minus joint (isolated joint-vs-per-band effect, holding min-max fixed):
21:37:24 | INFO |   Old ALFF: acc +0.0157, auc +0.0066
21:37:24 | INFO |   New ALFF: acc +0.0021, auc +0.0085
21:37:24 | INFO | Saved: /users/3171356m/A-GCL/layertesting/layer2/normalization_joint_control_results.npz
