08-Aug-26 15:00:56 - Using Device: cuda
08-Aug-26 15:00:56 - Seed: 123
08-Aug-26 15:00:56 - Namespace(name='ABIDE', path='data', template=116, model_lr=0.0005, view_lr=0.0005, num_gc_layers=2, pooling_type='standard', emb_dim=32, mlp_edge_model_dim=64, batch_size=32, drop_ratio=0.3, epochs=1, reg_lambda=2.0, eval_interval=1, downstream_classifier='linear', seed=123)
/users/3171356m/A-GCL/datasets/abideDataset.py:22: FutureWarning: You are using `torch.load` with `weights_only=False` (the current default value), which uses the default pickle module implicitly. It is possible to construct malicious pickle data which will execute arbitrary code during unpickling (See https://github.com/pytorch/pytorch/blob/main/SECURITY.md#untrusted-models for more details). In a future release, the default value for `weights_only` will be flipped to `True`. This limits the functions that could be executed during unpickling. Arbitrary objects will no longer be allowed to be loaded via this mode unless they are explicitly allowlisted by the user via `torch.serialization.add_safe_globals`. We recommend you start setting `weights_only=True` for any use case where you don't have full control of the loaded file. Please open an issue on GitHub for any issues related to this experimental feature.
  self.data, self.slices = torch.load(path)
/users/3171356m/A-GCL/.venv/lib/python3.12/site-packages/torch_geometric/data/in_memory_dataset.py:300: UserWarning: It is not recommended to directly access the internal storage format `data` of an 'InMemoryDataset'. If you are absolutely certain what you are doing, access the internal storage via `InMemoryDataset._data` instead to suppress this warning. Alternatively, you can access stacked individual attributes of every graph via `dataset.{attr_name}`.
  warnings.warn(msg)
/users/3171356m/A-GCL/.venv/lib/python3.12/site-packages/torch_geometric/deprecation.py:26: UserWarning: 'data.DataLoader' is deprecated, use 'loader.DataLoader' instead
  warnings.warn(out)
Traceback (most recent call last):
  File "/users/3171356m/A-GCL/agcl_ABIDE.py", line 349, in <module>
    run(args)
  File "/users/3171356m/A-GCL/agcl_ABIDE.py", line 72, in run
    train_score, val_score, test_score = ee.kf_embedding_evaluation(model.encoder, dataset)
                                         ^^^^^^^^^^^^^^^^^^^^^^^^^^^^^^^^^^^^^^^^^^^^^^^^^^
  File "/users/3171356m/A-GCL/unsupervised/embedding_evaluation.py", line 275, in kf_embedding_evaluation
    running_time) = self.embedding_evaluation(
                    ^^^^^^^^^^^^^^^^^^^^^^^^^^
  File "/users/3171356m/A-GCL/unsupervised/embedding_evaluation.py", line 181, in embedding_evaluation
    train_emb, train_y = get_emb_y(train_loader, encoder, self.device, is_rand_label=self.is_rand_label)
                         ^^^^^^^^^^^^^^^^^^^^^^^^^^^^^^^^^^^^^^^^^^^^^^^^^^^^^^^^^^^^^^^^^^^^^^^^^^^^^^^
  File "/users/3171356m/A-GCL/unsupervised/embedding_evaluation.py", line 28, in get_emb_y
    x, y = encoder.get_embeddings(loader, device, is_rand_label)
           ^^^^^^^^^^^^^^^^^^^^^^^^^^^^^^^^^^^^^^^^^^^^^^^^^^^^^
  File "/users/3171356m/A-GCL/unsupervised/encoder/tu_encoder.py", line 98, in get_embeddings
    x, _ = self.forward(batch, x, edge_index, None, edge_weight)
           ^^^^^^^^^^^^^^^^^^^^^^^^^^^^^^^^^^^^^^^^^^^^^^^^^^^^^
  File "/users/3171356m/A-GCL/unsupervised/encoder/tu_encoder.py", line 60, in forward
    x = self.convs[i](x, edge_index, edge_weight)
        ^^^^^^^^^^^^^^^^^^^^^^^^^^^^^^^^^^^^^^^^^
  File "/users/3171356m/A-GCL/.venv/lib/python3.12/site-packages/torch/nn/modules/module.py", line 1736, in _wrapped_call_impl
    return self._call_impl(*args, **kwargs)
           ^^^^^^^^^^^^^^^^^^^^^^^^^^^^^^^^
  File "/users/3171356m/A-GCL/.venv/lib/python3.12/site-packages/torch/nn/modules/module.py", line 1747, in _call_impl
    return forward_call(*args, **kwargs)
           ^^^^^^^^^^^^^^^^^^^^^^^^^^^^^
  File "/users/3171356m/A-GCL/unsupervised/convs/wgin_conv.py", line 38, in forward
    out = self.propagate(edge_index, x=x, edge_weight=edge_weight, size=size)
          ^^^^^^^^^^^^^^^^^^^^^^^^^^^^^^^^^^^^^^^^^^^^^^^^^^^^^^^^^^^^^^^^^^^
TypeError: propagate() got an unexpected keyword argument 'edge_weight'
