23:29:07 | INFO | Device: cpu | variant=l2norm config={'num_gc_layers': 2, 'pool_type': 'sum', 'post_pool_l2norm': True} | source=new ALFF
/users/3171356m/A-GCL/.venv/lib/python3.12/site-packages/torch_geometric/data/in_memory_dataset.py:300: UserWarning: It is not recommended to directly access the internal storage format `data` of an 'InMemoryDataset'. If you are absolutely certain what you are doing, access the internal storage via `InMemoryDataset._data` instead to suppress this warning. Alternatively, you can access stacked individual attributes of every graph via `dataset.{attr_name}`.
  warnings.warn(msg)
23:29:07 | INFO | Loaded dataset: N=956, ASD=455, NC=501
/users/3171356m/A-GCL/.venv/lib/python3.12/site-packages/torch_geometric/deprecation.py:26: UserWarning: 'data.DataLoader' is deprecated, use 'loader.DataLoader' instead
  warnings.warn(out)
23:29:25 | INFO |   [l2norm/new fold 1/5] stopped at epoch 29 (best val_acc=0.5565 @ epoch 14) | test acc=0.4844 auc=0.4756
/users/3171356m/A-GCL/.venv/lib/python3.12/site-packages/torch_geometric/deprecation.py:26: UserWarning: 'data.DataLoader' is deprecated, use 'loader.DataLoader' instead
  warnings.warn(out)
23:29:45 | INFO |   [l2norm/new fold 2/5] stopped at epoch 27 (best val_acc=0.5478 @ epoch 12) | test acc=0.5288 auc=0.5529
/users/3171356m/A-GCL/.venv/lib/python3.12/site-packages/torch_geometric/deprecation.py:26: UserWarning: 'data.DataLoader' is deprecated, use 'loader.DataLoader' instead
  warnings.warn(out)
23:29:58 | INFO |   [l2norm/new fold 3/5] stopped at epoch 21 (best val_acc=0.5652 @ epoch 6) | test acc=0.5393 auc=0.5744
/users/3171356m/A-GCL/.venv/lib/python3.12/site-packages/torch_geometric/deprecation.py:26: UserWarning: 'data.DataLoader' is deprecated, use 'loader.DataLoader' instead
  warnings.warn(out)
23:30:10 | INFO |   [l2norm/new fold 4/5] stopped at epoch 22 (best val_acc=0.5478 @ epoch 7) | test acc=0.4607 auc=0.4438
/users/3171356m/A-GCL/.venv/lib/python3.12/site-packages/torch_geometric/deprecation.py:26: UserWarning: 'data.DataLoader' is deprecated, use 'loader.DataLoader' instead
  warnings.warn(out)
23:30:27 | INFO |   [l2norm/new fold 5/5] stopped at epoch 26 (best val_acc=0.5565 @ epoch 11) | test acc=0.5131 auc=0.5147
23:30:27 | INFO | ==============================================================================
23:30:27 | INFO | [l2norm/new] acc=0.5053 +- 0.0290 | auc=0.5123 +- 0.0480
23:30:27 | INFO | [l2norm/new] delta vs. known chance-level baseline: acc +0.0136, auc +0.0115
23:30:27 | INFO | Saved: /users/3171356m/A-GCL/layertesting/layer3/pooling_ablation_l2norm_new.npz
