08-Aug-26 17:42:56 - Using Device: cuda
08-Aug-26 17:42:56 - Seed: 123
08-Aug-26 17:42:56 - Namespace(name='ABIDE', path='data', template=116, model_lr=0.0005, view_lr=0.0005, num_gc_layers=2, pooling_type='standard', emb_dim=32, mlp_edge_model_dim=64, batch_size=32, drop_ratio=0.3, epochs=2, reg_lambda=2.0, eval_interval=2, downstream_classifier='linear', max_length=256, cr_lambda=0.4, memory_type='queue', feature_type='instance', seed=123)
/users/3171356m/A-GCL/datasets/abideDataset.py:22: FutureWarning: You are using `torch.load` with `weights_only=False` (the current default value), which uses the default pickle module implicitly. It is possible to construct malicious pickle data which will execute arbitrary code during unpickling (See https://github.com/pytorch/pytorch/blob/main/SECURITY.md#untrusted-models for more details). In a future release, the default value for `weights_only` will be flipped to `True`. This limits the functions that could be executed during unpickling. Arbitrary objects will no longer be allowed to be loaded via this mode unless they are explicitly allowlisted by the user via `torch.serialization.add_safe_globals`. We recommend you start setting `weights_only=True` for any use case where you don't have full control of the loaded file. Please open an issue on GitHub for any issues related to this experimental feature.
  self.data, self.slices = torch.load(path)
/users/3171356m/A-GCL/.venv/lib/python3.12/site-packages/torch_geometric/data/in_memory_dataset.py:300: UserWarning: It is not recommended to directly access the internal storage format `data` of an 'InMemoryDataset'. If you are absolutely certain what you are doing, access the internal storage via `InMemoryDataset._data` instead to suppress this warning. Alternatively, you can access stacked individual attributes of every graph via `dataset.{attr_name}`.
  warnings.warn(msg)
Traceback (most recent call last):
  File "/users/3171356m/A-GCL/agcl_ABIDE_queue.py", line 410, in <module>
    run(args)
  File "/users/3171356m/A-GCL/agcl_ABIDE_queue.py", line 87, in run
    memory_bank = MemoryBank_Q(max_length=args.max_length, feature_dim=args.emb_dim, device=device)
                  ^^^^^^^^^^^^^^^^^^^^^^^^^^^^^^^^^^^^^^^^^^^^^^^^^^^^^^^^^^^^^^^^^^^^^^^^^^^^^^^^^
  File "/users/3171356m/A-GCL/agcl_ABIDE_queue.py", line 51, in __init__
    self.memory = torch.zeros((max_length, feature_dim), requires_grad=True).to(device)
                  ^^^^^^^^^^^^^^^^^^^^^^^^^^^^^^^^^^^^^^^^^^^^^^^^^^^^^^^^^^^^^^^^^^^^^
RuntimeError: CUDA error: uncorrectable ECC error encountered
CUDA kernel errors might be asynchronously reported at some other API call, so the stacktrace below might be incorrect.
For debugging consider passing CUDA_LAUNCH_BLOCKING=1
Compile with `TORCH_USE_CUDA_DSA` to enable device-side assertions.

