23:29:06 | INFO | Device: cpu | variant=mean_pool config={'num_gc_layers': 2, 'pool_type': 'mean', 'post_pool_l2norm': False} | source=new ALFF
/users/3171356m/A-GCL/.venv/lib/python3.12/site-packages/torch_geometric/data/in_memory_dataset.py:300: UserWarning: It is not recommended to directly access the internal storage format `data` of an 'InMemoryDataset'. If you are absolutely certain what you are doing, access the internal storage via `InMemoryDataset._data` instead to suppress this warning. Alternatively, you can access stacked individual attributes of every graph via `dataset.{attr_name}`.
  warnings.warn(msg)
23:29:06 | INFO | Loaded dataset: N=956, ASD=455, NC=501
/users/3171356m/A-GCL/.venv/lib/python3.12/site-packages/torch_geometric/deprecation.py:26: UserWarning: 'data.DataLoader' is deprecated, use 'loader.DataLoader' instead
  warnings.warn(out)
23:29:23 | INFO |   [mean_pool/new fold 1/5] stopped at epoch 28 (best val_acc=0.5739 @ epoch 13) | test acc=0.5052 auc=0.4696
/users/3171356m/A-GCL/.venv/lib/python3.12/site-packages/torch_geometric/deprecation.py:26: UserWarning: 'data.DataLoader' is deprecated, use 'loader.DataLoader' instead
  warnings.warn(out)
23:29:39 | INFO |   [mean_pool/new fold 2/5] stopped at epoch 29 (best val_acc=0.5652 @ epoch 14) | test acc=0.5445 auc=0.5730
/users/3171356m/A-GCL/.venv/lib/python3.12/site-packages/torch_geometric/deprecation.py:26: UserWarning: 'data.DataLoader' is deprecated, use 'loader.DataLoader' instead
  warnings.warn(out)
23:29:51 | INFO |   [mean_pool/new fold 3/5] stopped at epoch 21 (best val_acc=0.5826 @ epoch 6) | test acc=0.5654 auc=0.5509
/users/3171356m/A-GCL/.venv/lib/python3.12/site-packages/torch_geometric/deprecation.py:26: UserWarning: 'data.DataLoader' is deprecated, use 'loader.DataLoader' instead
  warnings.warn(out)
23:30:02 | INFO |   [mean_pool/new fold 4/5] stopped at epoch 19 (best val_acc=0.5478 @ epoch 4) | test acc=0.4921 auc=0.4904
/users/3171356m/A-GCL/.venv/lib/python3.12/site-packages/torch_geometric/deprecation.py:26: UserWarning: 'data.DataLoader' is deprecated, use 'loader.DataLoader' instead
  warnings.warn(out)
23:30:22 | INFO |   [mean_pool/new fold 5/5] stopped at epoch 36 (best val_acc=0.5913 @ epoch 21) | test acc=0.5026 auc=0.5112
23:30:22 | INFO | ==============================================================================
23:30:22 | INFO | [mean_pool/new] acc=0.5220 +- 0.0281 | auc=0.5190 +- 0.0381
23:30:22 | INFO | [mean_pool/new] delta vs. known chance-level baseline: acc +0.0303, auc +0.0182
23:30:22 | INFO | Saved: /users/3171356m/A-GCL/layertesting/layer3/pooling_ablation_mean_pool_new.npz
