23:29:06 | INFO | Device: cpu | variant=1layer config={'num_gc_layers': 1, 'pool_type': 'sum', 'post_pool_l2norm': False} | source=new ALFF
/users/3171356m/A-GCL/.venv/lib/python3.12/site-packages/torch_geometric/data/in_memory_dataset.py:300: UserWarning: It is not recommended to directly access the internal storage format `data` of an 'InMemoryDataset'. If you are absolutely certain what you are doing, access the internal storage via `InMemoryDataset._data` instead to suppress this warning. Alternatively, you can access stacked individual attributes of every graph via `dataset.{attr_name}`.
  warnings.warn(msg)
23:29:06 | INFO | Loaded dataset: N=956, ASD=455, NC=501
/users/3171356m/A-GCL/.venv/lib/python3.12/site-packages/torch_geometric/deprecation.py:26: UserWarning: 'data.DataLoader' is deprecated, use 'loader.DataLoader' instead
  warnings.warn(out)
23:29:16 | INFO |   [1layer/new fold 1/5] stopped at epoch 37 (best val_acc=0.5826 @ epoch 22) | test acc=0.5677 auc=0.5730
/users/3171356m/A-GCL/.venv/lib/python3.12/site-packages/torch_geometric/deprecation.py:26: UserWarning: 'data.DataLoader' is deprecated, use 'loader.DataLoader' instead
  warnings.warn(out)
23:29:23 | INFO |   [1layer/new fold 2/5] stopped at epoch 26 (best val_acc=0.5652 @ epoch 11) | test acc=0.4869 auc=0.5369
/users/3171356m/A-GCL/.venv/lib/python3.12/site-packages/torch_geometric/deprecation.py:26: UserWarning: 'data.DataLoader' is deprecated, use 'loader.DataLoader' instead
  warnings.warn(out)
23:29:29 | INFO |   [1layer/new fold 3/5] stopped at epoch 23 (best val_acc=0.5826 @ epoch 8) | test acc=0.5550 auc=0.5724
/users/3171356m/A-GCL/.venv/lib/python3.12/site-packages/torch_geometric/deprecation.py:26: UserWarning: 'data.DataLoader' is deprecated, use 'loader.DataLoader' instead
  warnings.warn(out)
23:29:38 | INFO |   [1layer/new fold 4/5] stopped at epoch 39 (best val_acc=0.5565 @ epoch 24) | test acc=0.5183 auc=0.5700
/users/3171356m/A-GCL/.venv/lib/python3.12/site-packages/torch_geometric/deprecation.py:26: UserWarning: 'data.DataLoader' is deprecated, use 'loader.DataLoader' instead
  warnings.warn(out)
23:29:43 | INFO |   [1layer/new fold 5/5] stopped at epoch 19 (best val_acc=0.5565 @ epoch 4) | test acc=0.5026 auc=0.4865
23:29:43 | INFO | ==============================================================================
23:29:43 | INFO | [1layer/new] acc=0.5261 +- 0.0307 | auc=0.5478 +- 0.0335
23:29:43 | INFO | [1layer/new] delta vs. known chance-level baseline: acc +0.0344, auc +0.0470
23:29:43 | INFO | Saved: /users/3171356m/A-GCL/layertesting/layer3/pooling_ablation_1layer_new.npz
