08-Aug-26 18:36:04 - Using Device: cpu
08-Aug-26 18:36:04 - Seed: 123
08-Aug-26 18:36:04 - Namespace(name='ABIDE', path='data', template=116, model_lr=0.0005, view_lr=0.0005, num_gc_layers=2, pooling_type='standard', emb_dim=32, mlp_edge_model_dim=64, batch_size=32, drop_ratio=0.3, epochs=2, reg_lambda=2.0, eval_interval=2, downstream_classifier='linear', max_length=256, cr_lambda=0.4, memory_type='queue', feature_type='instance', seed=123)
/users/3171356m/A-GCL/datasets/abideDataset.py:22: FutureWarning: You are using `torch.load` with `weights_only=False` (the current default value), which uses the default pickle module implicitly. It is possible to construct malicious pickle data which will execute arbitrary code during unpickling (See https://github.com/pytorch/pytorch/blob/main/SECURITY.md#untrusted-models for more details). In a future release, the default value for `weights_only` will be flipped to `True`. This limits the functions that could be executed during unpickling. Arbitrary objects will no longer be allowed to be loaded via this mode unless they are explicitly allowlisted by the user via `torch.serialization.add_safe_globals`. We recommend you start setting `weights_only=True` for any use case where you don't have full control of the loaded file. Please open an issue on GitHub for any issues related to this experimental feature.
  self.data, self.slices = torch.load(path)
/users/3171356m/A-GCL/.venv/lib/python3.12/site-packages/torch_geometric/data/in_memory_dataset.py:300: UserWarning: It is not recommended to directly access the internal storage format `data` of an 'InMemoryDataset'. If you are absolutely certain what you are doing, access the internal storage via `InMemoryDataset._data` instead to suppress this warning. Alternatively, you can access stacked individual attributes of every graph via `dataset.{attr_name}`.
  warnings.warn(msg)
08-Aug-26 18:36:05 - N = 956 (ASD = 455, NC = 501)
/users/3171356m/A-GCL/.venv/lib/python3.12/site-packages/torch_geometric/deprecation.py:26: UserWarning: 'data.DataLoader' is deprecated, use 'loader.DataLoader' instead
  warnings.warn(out)
/users/3171356m/A-GCL/.venv/lib/python3.12/site-packages/torch_geometric/deprecation.py:26: UserWarning: 'data.DataLoader' is deprecated, use 'loader.DataLoader' instead
  warnings.warn(out)
/users/3171356m/A-GCL/.venv/lib/python3.12/site-packages/torch_geometric/deprecation.py:26: UserWarning: 'data.DataLoader' is deprecated, use 'loader.DataLoader' instead
  warnings.warn(out)
/users/3171356m/A-GCL/.venv/lib/python3.12/site-packages/torch_geometric/deprecation.py:26: UserWarning: 'data.DataLoader' is deprecated, use 'loader.DataLoader' instead
  warnings.warn(out)
/users/3171356m/A-GCL/.venv/lib/python3.12/site-packages/torch_geometric/deprecation.py:26: UserWarning: 'data.DataLoader' is deprecated, use 'loader.DataLoader' instead
  warnings.warn(out)
08-Aug-26 18:37:09 - Before training Embedding Eval Scores: Train: [0.5469170865291015, 0.01183637925348192, 0.36874819366842887, 0.07624367166448354, 0.28595409421457085, 0.08311736704015694, 0.7846151670710266, 0.07676655541719472, 0.5643006496710574, 0.019777907408922293] Val: [0.542483660130719, 0.03788595227761942, 0.33025870339168184, 0.07803107348116751, 0.250136401975325, 0.07376983471927416, 0.8040608574367841, 0.09504688871912928, 0.5257914830870902, 0.05352763808007097] Test: [0.508426047120419, 0.028696449974265396, 0.31065831545290085, 0.10087098512950717, 0.24714197231430662, 0.10207659082666816, 0.7476234634220315, 0.08398468474095798, 0.5062827496954715, 0.03655794261805325]
08-Aug-26 18:39:47 - Epoch 1, Model Loss 5.962424508456526, View Loss 5.315291454052103, Reg 0.4690903106640125
08-Aug-26 18:42:47 - Epoch 2, Model Loss 5.756864712156099, View Loss 4.876292393125337, Reg 0.4172577529117979
/users/3171356m/A-GCL/.venv/lib/python3.12/site-packages/torch_geometric/deprecation.py:26: UserWarning: 'data.DataLoader' is deprecated, use 'loader.DataLoader' instead
  warnings.warn(out)
mean validation time 10.46278:

validation time cost : 5.28284 sec
/users/3171356m/A-GCL/.venv/lib/python3.12/site-packages/torch_geometric/deprecation.py:26: UserWarning: 'data.DataLoader' is deprecated, use 'loader.DataLoader' instead
  warnings.warn(out)
/users/3171356m/A-GCL/.venv/lib/python3.12/site-packages/torch_geometric/deprecation.py:26: UserWarning: 'data.DataLoader' is deprecated, use 'loader.DataLoader' instead
  warnings.warn(out)
/users/3171356m/A-GCL/.venv/lib/python3.12/site-packages/torch_geometric/deprecation.py:26: UserWarning: 'data.DataLoader' is deprecated, use 'loader.DataLoader' instead
  warnings.warn(out)
/users/3171356m/A-GCL/.venv/lib/python3.12/site-packages/torch_geometric/deprecation.py:26: UserWarning: 'data.DataLoader' is deprecated, use 'loader.DataLoader' instead
  warnings.warn(out)
08-Aug-26 18:43:58 - Metric: accuracy Train_mean: 0.5308863643657136 Val_mean: 0.5137254901960784 Test_mean: 0.49684227748691095
08-Aug-26 18:43:58 - Metric: accuracy Train_std: 0.01105619482232584 Val_std: 0.03977810210379853 Test_std: 0.023424588754336884
08-Aug-26 18:43:58 - Metric: f1 Train_mean: 0.38423852623466365 Val_mean: 0.3720623021400532 Test_mean: 0.35177801675051146
08-Aug-26 18:43:58 - Metric: f1 Train_std: 0.19469891141284093 Val_std: 0.19370626248786424 Test_std: 0.1913547216568805
08-Aug-26 18:43:58 - Metric: sen Train_mean: 0.3702382991716312 Val_mean: 0.36421489111436844 Test_mean: 0.354148667080178
08-Aug-26 18:43:58 - Metric: sen Train_std: 0.20049203526603884 Val_std: 0.2039462878071226 Test_std: 0.2156883363398843
08-Aug-26 18:43:58 - Metric: spe Train_mean: 0.6698351380596559 Val_mean: 0.6674491842471852 Test_mean: 0.6378128251100459
08-Aug-26 18:43:58 - Metric: spe Train_std: 0.1863672756607938 Val_std: 0.21483681988315992 Test_std: 0.20761160695767752
08-Aug-26 18:43:58 - Metric: auc Train_mean: 0.5380672750481588 Val_mean: 0.5058982176820901 Test_mean: 0.5013405035739951
08-Aug-26 18:43:58 - Metric: auc Train_std: 0.01982362630034731 Val_std: 0.017430252654384134 Test_std: 0.03503592177041426
08-Aug-26 18:43:58 - FinishedTraining!
08-Aug-26 18:43:58 - BestEpoch: 0
08-Aug-26 18:43:58 - BestTrainScore: acc_mean: 0.5469170865291015 acc_std: 0.01183637925348192 f1_mean: 0.38423852623466365 f1_std: 0.19469891141284093 sen_mean: 0.3702382991716312 sen_std: 0.20049203526603884 spe_mean: 0.7846151670710266 spe_std: 0.07676655541719472 auc_mean: 0.5643006496710574 auc_std: 0.019777907408922293
08-Aug-26 18:43:58 - BestValidationScore: acc_mean: 0.542483660130719 acc_std: 0.03788595227761942 f1_mean: 0.3720623021400532 f1_std: 0.19370626248786424 sen_mean: 0.36421489111436844 sen_std: 0.2039462878071226 spe_mean: 0.8040608574367841 spe_std: 0.09504688871912928 auc_mean: 0.5257914830870902 auc_std: 0.05352763808007097
08-Aug-26 18:43:58 - BestTestScore: acc_mean: 0.508426047120419 acc_std: 0.028696449974265396 f1_mean: 0.35177801675051146 f1_std: 0.1913547216568805 sen_mean: 0.354148667080178 sen_std: 0.2156883363398843 spe_mean: 0.7476234634220315 spe_std: 0.08398468474095798 auc_mean: 0.5062827496954715 auc_std: 0.03655794261805325
validation time cost : 8.29943 sec
validation time cost : 21.98512 sec
validation time cost : 12.59287 sec
validation time cost : 11.23376 sec
mean validation time 11.87880:


real	8m0.233s
user	30m17.524s
sys	1m3.760s
