18:58:17 | INFO | Pipeline: cpac | Strategy: nofilt_noglobal | Derivative: rois_aal.1D
18:58:17 | INFO | Subjects to download: 956 (from data/raw)
18:58:18 | INFO | [1/956] CMU_a_0050646 | downloaded | 269.7 KiB
18:58:18 | INFO | [2/956] CMU_a_0050642 | downloaded | 268.3 KiB
18:58:18 | INFO | [3/956] CMU_a_0050647 | downloaded | 230.6 KiB
18:58:18 | INFO | [4/956] CMU_a_0050649 | downloaded | 267.0 KiB
18:58:19 | INFO | [5/956] CMU_b_0050644 | downloaded | 343.0 KiB
18:58:19 | INFO | [6/956] CMU_a_0050654 | downloaded | 270.9 KiB
18:58:19 | INFO | [7/956] CMU_b_0050645 | downloaded | 334.9 KiB
18:58:19 | INFO | [8/956] CMU_b_0050652 | downloaded | 343.6 KiB
18:58:19 | INFO | [9/956] CMU_b_0050655 | downloaded | 338.7 KiB
18:58:20 | INFO | [10/956] Caltech_0051458 | downloaded | 158.2 KiB
18:58:20 | INFO | [11/956] Caltech_0051456 | downloaded | 162.4 KiB
18:58:20 | INFO | [12/956] Caltech_0051459 | downloaded | 161.1 KiB
18:58:20 | INFO | [13/956] Caltech_0051461 | downloaded | 166.9 KiB
18:58:20 | INFO | [14/956] Caltech_0051462 | downloaded | 164.1 KiB
18:58:20 | INFO | [15/956] Caltech_0051463 | downloaded | 163.3 KiB
18:58:21 | INFO | [16/956] Caltech_0051465 | downloaded | 164.6 KiB
18:58:21 | INFO | [17/956] Caltech_0051468 | downloaded | 159.9 KiB
18:58:21 | INFO | [18/956] Caltech_0051470 | downloaded | 162.4 KiB
18:58:21 | INFO | [19/956] Caltech_0051472 | downloaded | 163.4 KiB
18:58:21 | INFO | [20/956] Caltech_0051474 | downloaded | 163.9 KiB
18:58:21 | INFO | [21/956] Caltech_0051473 | downloaded | 162.3 KiB
18:58:22 | INFO | [22/956] KKI_0050791 | downloaded | 141.6 KiB
18:58:22 | INFO | [23/956] KKI_0050792 | downloaded | 141.8 KiB
18:58:22 | INFO | [24/956] KKI_0050794 | downloaded | 142.5 KiB
18:58:22 | INFO | [25/956] KKI_0050793 | downloaded | 140.3 KiB
18:58:22 | INFO | [26/956] KKI_0050795 | downloaded | 173.7 KiB
18:58:23 | INFO | [27/956] KKI_0050796 | downloaded | 175.7 KiB
18:58:23 | INFO | [28/956] KKI_0050797 | downloaded | 177.6 KiB
18:58:23 | INFO | [29/956] KKI_0050798 | downloaded | 174.3 KiB
18:58:23 | INFO | [30/956] KKI_0050799 | downloaded | 172.4 KiB
18:58:23 | INFO | [31/956] KKI_0050800 | downloaded | 174.6 KiB
18:58:24 | INFO | [32/956] KKI_0050802 | downloaded | 173.9 KiB
18:58:24 | INFO | [33/956] KKI_0050801 | downloaded | 174.4 KiB
18:58:24 | INFO | [34/956] KKI_0050803 | downloaded | 173.4 KiB
18:58:24 | INFO | [35/956] KKI_0050804 | downloaded | 174.5 KiB
18:58:24 | INFO | [36/956] KKI_0050823 | downloaded | 173.3 KiB
18:58:24 | INFO | [37/956] KKI_0050815 | downloaded | 174.3 KiB
18:58:24 | INFO | [38/956] KKI_0050807 | downloaded | 175.5 KiB
18:58:25 | INFO | [39/956] KKI_0050824 | downloaded | 172.8 KiB
18:58:25 | INFO | [40/956] KKI_0050825 | downloaded | 172.4 KiB
18:58:25 | INFO | [41/956] Leuven_1_0050686 | downloaded | 281.5 KiB
18:58:25 | INFO | [42/956] Leuven_1_0050689 | downloaded | 278.8 KiB
18:58:25 | INFO | [43/956] Leuven_1_0050690 | downloaded | 283.1 KiB
18:58:26 | INFO | [44/956] Leuven_1_0050694 | downloaded | 280.2 KiB
18:58:26 | INFO | [45/956] Leuven_1_0050695 | downloaded | 281.5 KiB
18:58:26 | INFO | [46/956] Leuven_1_0050693 | downloaded | 281.4 KiB
18:58:26 | INFO | [47/956] Leuven_1_0050696 | downloaded | 279.6 KiB
18:58:26 | INFO | [48/956] Leuven_1_0050697 | downloaded | 284.7 KiB
18:58:27 | INFO | [49/956] Leuven_1_0050702 | downloaded | 280.9 KiB
18:58:27 | INFO | [50/956] Leuven_1_0050700 | downloaded | 289.9 KiB
18:58:27 | INFO | [51/956] Leuven_1_0050704 | downloaded | 279.3 KiB
18:58:27 | INFO | [52/956] Leuven_1_0050708 | downloaded | 277.3 KiB
18:58:27 | INFO | [53/956] Leuven_1_0050711 | downloaded | 281.1 KiB
18:58:27 | INFO | [54/956] Leuven_1_0050705 | downloaded | 281.5 KiB
18:58:27 | INFO | [55/956] Leuven_2_0050743 | downloaded | 281.1 KiB
18:58:28 | INFO | [56/956] Leuven_2_0050744 | downloaded | 284.0 KiB
18:58:28 | INFO | [57/956] Leuven_2_0050747 | downloaded | 283.3 KiB
18:58:28 | INFO | [58/956] Leuven_2_0050745 | downloaded | 280.7 KiB
18:58:28 | INFO | [59/956] Leuven_2_0050746 | downloaded | 280.6 KiB
18:58:29 | INFO | [60/956] Leuven_2_0050749 | downloaded | 277.0 KiB
18:58:29 | INFO | [61/956] Leuven_2_0050748 | downloaded | 279.1 KiB
18:58:29 | INFO | [62/956] Leuven_2_0050750 | downloaded | 282.4 KiB
18:58:29 | INFO | [63/956] Leuven_2_0050751 | downloaded | 282.5 KiB
18:58:30 | INFO | [64/956] Leuven_2_0050754 | downloaded | 278.2 KiB
18:58:30 | INFO | [65/956] Leuven_2_0050753 | downloaded | 279.1 KiB
18:58:30 | INFO | [66/956] Leuven_2_0050752 | downloaded | 279.4 KiB
18:58:30 | INFO | [67/956] Leuven_2_0050755 | downloaded | 280.0 KiB
18:58:30 | INFO | [68/956] MaxMun_a_0051318 | downloaded | 131.2 KiB
18:58:30 | INFO | [69/956] Leuven_2_0050756 | downloaded | 280.4 KiB
18:58:30 | INFO | [70/956] Leuven_2_0050757 | downloaded | 281.1 KiB
18:58:31 | INFO | [71/956] MaxMun_a_0051319 | downloaded | 129.5 KiB
18:58:31 | INFO | [72/956] MaxMun_a_0051320 | downloaded | 129.8 KiB
18:58:31 | INFO | [73/956] MaxMun_a_0051606 | downloaded | 129.3 KiB
18:58:31 | INFO | [74/956] MaxMun_a_0051321 | downloaded | 130.5 KiB
18:58:31 | INFO | [75/956] MaxMun_b_0051322 | downloaded | 131.1 KiB
18:58:31 | INFO | [76/956] MaxMun_b_0051324 | downloaded | 130.7 KiB
18:58:32 | INFO | [77/956] MaxMun_a_0051607 | downloaded | 131.1 KiB
18:58:32 | INFO | [78/956] MaxMun_b_0051323 | downloaded | 129.6 KiB
18:58:32 | INFO | [79/956] MaxMun_b_0051325 | downloaded | 128.8 KiB
18:58:32 | INFO | [80/956] MaxMun_b_0051326 | downloaded | 131.2 KiB
18:58:32 | INFO | [81/956] MaxMun_b_0051327 | downloaded | 130.8 KiB
18:58:32 | INFO | [82/956] MaxMun_c_0051328 | downloaded | 130.7 KiB
18:58:33 | INFO | [83/956] MaxMun_c_0051348 | downloaded | 132.7 KiB
18:58:33 | INFO | [84/956] MaxMun_d_0051329 | downloaded | 224.1 KiB
18:58:33 | INFO | [85/956] MaxMun_d_0051330 | downloaded | 223.7 KiB
18:58:33 | INFO | [86/956] MaxMun_d_0051331 | downloaded | 223.9 KiB
18:58:33 | INFO | [87/956] MaxMun_d_0051349 | downloaded | 224.7 KiB
18:58:34 | INFO | [88/956] MaxMun_d_0051350 | downloaded | 226.9 KiB
18:58:34 | INFO | [89/956] MaxMun_d_0051351 | downloaded | 224.2 KiB
18:58:34 | INFO | [90/956] MaxMun_d_0051352 | downloaded | 227.9 KiB
18:58:34 | INFO | [91/956] MaxMun_d_0051355 | downloaded | 225.9 KiB
18:58:34 | INFO | [92/956] NYU_0050952 | downloaded | 203.6 KiB
18:58:34 | INFO | [93/956] MaxMun_d_0051354 | downloaded | 226.4 KiB
18:58:35 | INFO | [94/956] NYU_0050954 | downloaded | 199.7 KiB
18:58:35 | INFO | [95/956] NYU_0050956 | downloaded | 200.5 KiB
18:58:35 | INFO | [96/956] NYU_0050957 | downloaded | 201.1 KiB
18:58:35 | INFO | [97/956] NYU_0050955 | downloaded | 200.6 KiB
18:58:35 | INFO | [98/956] NYU_0050958 | downloaded | 202.4 KiB
18:58:36 | INFO | [99/956] NYU_0050959 | downloaded | 201.8 KiB
18:58:36 | INFO | [100/956] NYU_0050960 | downloaded | 199.7 KiB
18:58:36 | INFO | [101/956] NYU_0050961 | downloaded | 200.0 KiB
18:58:36 | INFO | [102/956] NYU_0050962 | downloaded | 201.4 KiB
18:58:36 | INFO | [103/956] NYU_0050964 | downloaded | 201.1 KiB
18:58:36 | INFO | [104/956] NYU_0050965 | downloaded | 200.8 KiB
18:58:36 | INFO | [105/956] NYU_0050966 | downloaded | 200.8 KiB
18:58:37 | INFO | [106/956] NYU_0050968 | downloaded | 201.1 KiB
18:58:37 | INFO | [107/956] NYU_0050967 | downloaded | 200.9 KiB
18:58:37 | INFO | [108/956] NYU_0050969 | downloaded | 202.6 KiB
18:58:37 | INFO | [109/956] NYU_0050970 | downloaded | 200.3 KiB
18:58:38 | INFO | [110/956] NYU_0050972 | downloaded | 201.2 KiB
18:58:38 | INFO | [111/956] NYU_0050973 | downloaded | 199.9 KiB
18:58:38 | INFO | [112/956] NYU_0050974 | downloaded | 200.4 KiB
18:58:38 | INFO | [113/956] NYU_0050976 | downloaded | 201.6 KiB
18:58:38 | INFO | [114/956] NYU_0050977 | downloaded | 201.0 KiB
18:58:38 | INFO | [115/956] NYU_0050978 | downloaded | 199.6 KiB
18:58:38 | INFO | [116/956] NYU_0050979 | downloaded | 202.0 KiB
18:58:39 | INFO | [117/956] NYU_0050981 | downloaded | 202.1 KiB
18:58:39 | INFO | [118/956] NYU_0050982 | downloaded | 200.6 KiB
18:58:39 | INFO | [119/956] NYU_0050984 | downloaded | 204.0 KiB
18:58:39 | INFO | [120/956] NYU_0050983 | downloaded | 201.7 KiB
18:58:39 | INFO | [121/956] NYU_0050985 | downloaded | 200.2 KiB
18:58:40 | INFO | [122/956] NYU_0050987 | downloaded | 200.7 KiB
18:58:40 | INFO | [123/956] NYU_0050986 | downloaded | 200.4 KiB
18:58:40 | INFO | [124/956] NYU_0050988 | downloaded | 199.2 KiB
18:58:40 | INFO | [125/956] NYU_0050989 | downloaded | 200.6 KiB
18:58:41 | INFO | [126/956] NYU_0050990 | downloaded | 200.0 KiB
18:58:41 | INFO | [127/956] NYU_0050991 | downloaded | 199.6 KiB
18:58:41 | INFO | [128/956] NYU_0050993 | downloaded | 201.4 KiB
18:58:41 | INFO | [129/956] NYU_0050992 | downloaded | 201.9 KiB
18:58:41 | INFO | [130/956] NYU_0050994 | downloaded | 199.8 KiB
18:58:41 | INFO | [131/956] NYU_0050995 | downloaded | 201.0 KiB
18:58:42 | INFO | [132/956] NYU_0050996 | downloaded | 201.6 KiB
18:58:42 | INFO | [133/956] NYU_0050997 | downloaded | 201.7 KiB
18:58:42 | INFO | [134/956] NYU_0050998 | downloaded | 201.2 KiB
18:58:42 | INFO | [135/956] NYU_0050999 | downloaded | 201.3 KiB
18:58:42 | INFO | [136/956] NYU_0051001 | downloaded | 201.3 KiB
18:58:43 | INFO | [137/956] NYU_0051000 | downloaded | 201.3 KiB
18:58:43 | INFO | [138/956] NYU_0051003 | downloaded | 199.9 KiB
18:58:43 | INFO | [139/956] NYU_0051002 | downloaded | 203.6 KiB
18:58:43 | INFO | [140/956] NYU_0051006 | downloaded | 200.2 KiB
18:58:43 | INFO | [141/956] NYU_0051008 | downloaded | 203.1 KiB
18:58:43 | INFO | [142/956] NYU_0051007 | downloaded | 201.5 KiB
18:58:44 | INFO | [143/956] NYU_0051009 | downloaded | 201.5 KiB
18:58:44 | INFO | [144/956] NYU_0051010 | downloaded | 202.5 KiB
18:58:44 | INFO | [145/956] NYU_0051011 | downloaded | 201.7 KiB
18:58:44 | INFO | [146/956] NYU_0051012 | downloaded | 202.3 KiB
18:58:44 | INFO | [147/956] NYU_0051013 | downloaded | 201.5 KiB
18:58:45 | INFO | [148/956] NYU_0051014 | downloaded | 201.8 KiB
18:58:45 | INFO | [149/956] NYU_0051016 | downloaded | 200.6 KiB
18:58:45 | INFO | [150/956] NYU_0051015 | downloaded | 198.5 KiB
18:58:45 | INFO | [151/956] NYU_0051017 | downloaded | 201.3 KiB
18:58:45 | INFO | [152/956] NYU_0051018 | downloaded | 200.3 KiB
18:58:46 | INFO | [153/956] NYU_0051021 | downloaded | 201.6 KiB
18:58:46 | INFO | [154/956] NYU_0051019 | downloaded | 200.6 KiB
18:58:46 | INFO | [155/956] NYU_0051023 | downloaded | 199.6 KiB
18:58:46 | INFO | [156/956] NYU_0051024 | downloaded | 199.4 KiB
18:58:46 | INFO | [157/956] NYU_0051026 | downloaded | 200.2 KiB
18:58:46 | INFO | [158/956] NYU_0051025 | downloaded | 200.5 KiB
18:58:47 | INFO | [159/956] NYU_0051027 | downloaded | 200.4 KiB
18:58:47 | INFO | [160/956] NYU_0051029 | downloaded | 201.0 KiB
18:58:47 | INFO | [161/956] NYU_0051028 | downloaded | 200.0 KiB
18:58:47 | INFO | [162/956] NYU_0051030 | downloaded | 204.1 KiB
18:58:47 | INFO | [163/956] NYU_0051032 | downloaded | 200.8 KiB
18:58:47 | INFO | [164/956] NYU_0051033 | downloaded | 200.8 KiB
18:58:48 | INFO | [165/956] NYU_0051035 | downloaded | 203.4 KiB
18:58:48 | INFO | [166/956] NYU_0051034 | downloaded | 202.2 KiB
18:58:48 | INFO | [167/956] Olin_0050118 | downloaded | 235.0 KiB
18:58:48 | INFO | [168/956] Olin_0050120 | downloaded | 236.9 KiB
18:58:48 | INFO | [169/956] Olin_0050119 | downloaded | 235.1 KiB
18:58:49 | INFO | [170/956] Olin_0050121 | downloaded | 237.4 KiB
18:58:49 | INFO | [171/956] Olin_0050122 | downloaded | 235.6 KiB
18:58:49 | INFO | [172/956] Olin_0050125 | downloaded | 232.1 KiB
18:58:49 | INFO | [173/956] Olin_0050124 | downloaded | 236.4 KiB
18:58:49 | INFO | [174/956] Olin_0050127 | downloaded | 236.5 KiB
18:58:50 | INFO | [175/956] Olin_0050126 | downloaded | 237.3 KiB
18:58:50 | INFO | [176/956] Olin_0050128 | downloaded | 235.8 KiB
18:58:50 | INFO | [177/956] Olin_0050129 | downloaded | 236.6 KiB
18:58:50 | INFO | [178/956] Olin_0050130 | downloaded | 233.2 KiB
18:58:50 | INFO | [179/956] Olin_0050131 | downloaded | 233.4 KiB
18:58:51 | INFO | [180/956] Olin_0050132 | downloaded | 234.4 KiB
18:58:51 | INFO | [181/956] Olin_0050134 | downloaded | 235.4 KiB
18:58:51 | INFO | [182/956] Olin_0050133 | downloaded | 236.6 KiB
18:58:51 | INFO | [183/956] Olin_0050135 | downloaded | 239.1 KiB
18:58:51 | INFO | [184/956] Olin_0050136 | downloaded | 236.2 KiB
18:58:51 | INFO | [185/956] Pitt_0050004 | downloaded | 220.3 KiB
18:58:52 | INFO | [186/956] Pitt_0050003 | downloaded | 224.8 KiB
18:58:52 | INFO | [187/956] Pitt_0050005 | downloaded | 223.1 KiB
18:58:52 | INFO | [188/956] Pitt_0050006 | downloaded | 221.5 KiB
18:58:52 | INFO | [189/956] Pitt_0050008 | downloaded | 222.4 KiB
18:58:52 | INFO | [190/956] Pitt_0050007 | downloaded | 222.6 KiB
18:58:53 | INFO | [191/956] Pitt_0050009 | downloaded | 222.9 KiB
18:58:53 | INFO | [192/956] Pitt_0050010 | downloaded | 219.7 KiB
18:58:53 | INFO | [193/956] Pitt_0050011 | downloaded | 214.8 KiB
18:58:53 | INFO | [194/956] Pitt_0050012 | downloaded | 222.9 KiB
18:58:53 | INFO | [195/956] Pitt_0050013 | downloaded | 223.8 KiB
18:58:53 | INFO | [196/956] Pitt_0050015 | downloaded | 221.1 KiB
18:58:53 | INFO | [197/956] Pitt_0050014 | downloaded | 220.7 KiB
18:58:54 | INFO | [198/956] Pitt_0050016 | downloaded | 219.2 KiB
18:58:54 | INFO | [199/956] Pitt_0050017 | downloaded | 221.2 KiB
18:58:54 | INFO | [200/956] Pitt_0050020 | downloaded | 222.4 KiB
18:58:54 | INFO | [201/956] Pitt_0050022 | downloaded | 221.5 KiB
18:58:54 | INFO | [202/956] Pitt_0050019 | downloaded | 222.2 KiB
18:58:54 | INFO | [203/956] Pitt_0050023 | downloaded | 223.4 KiB
18:58:55 | INFO | [204/956] Pitt_0050024 | downloaded | 217.9 KiB
18:58:55 | INFO | [205/956] Pitt_0050025 | downloaded | 221.1 KiB
18:58:55 | INFO | [206/956] Pitt_0050026 | downloaded | 223.5 KiB
18:58:55 | INFO | [207/956] Pitt_0050027 | downloaded | 222.0 KiB
18:58:55 | INFO | [208/956] Pitt_0050029 | downloaded | 222.2 KiB
18:58:56 | INFO | [209/956] Pitt_0050053 | downloaded | 224.3 KiB
18:58:56 | INFO | [210/956] Pitt_0050028 | downloaded | 223.5 KiB
18:58:56 | INFO | [211/956] Pitt_0050055 | downloaded | 219.9 KiB
18:58:56 | INFO | [212/956] Pitt_0050056 | downloaded | 224.3 KiB
18:58:56 | INFO | [213/956] SBL_0051572 | downloaded | 219.0 KiB
18:58:56 | INFO | [214/956] Pitt_0050057 | downloaded | 221.3 KiB
18:58:56 | INFO | [215/956] SBL_0051571 | downloaded | 218.7 KiB
18:58:57 | INFO | [216/956] SBL_0051573 | downloaded | 219.4 KiB
18:58:57 | INFO | [217/956] SBL_0051576 | downloaded | 222.1 KiB
18:58:57 | INFO | [218/956] SBL_0051575 | downloaded | 209.3 KiB
18:58:57 | INFO | [219/956] SBL_0051574 | downloaded | 222.1 KiB
18:58:57 | INFO | [220/956] SBL_0051577 | downloaded | 218.7 KiB
18:58:58 | INFO | [221/956] SBL_0051578 | downloaded | 218.6 KiB
18:58:58 | INFO | [222/956] SBL_0051581 | downloaded | 221.8 KiB
18:58:58 | INFO | [223/956] SBL_0051579 | downloaded | 219.9 KiB
18:58:58 | INFO | [224/956] SBL_0051580 | downloaded | 221.7 KiB
18:58:58 | INFO | [225/956] SBL_0051582 | downloaded | 218.7 KiB
18:58:59 | INFO | [226/956] SBL_0051585 | downloaded | 221.7 KiB
18:58:59 | INFO | [227/956] SBL_0051584 | downloaded | 219.4 KiB
18:58:59 | INFO | [228/956] SBL_0051583 | downloaded | 220.5 KiB
18:58:59 | INFO | [229/956] SDSU_0050182 | downloaded | 199.0 KiB
18:59:00 | INFO | [230/956] SDSU_0050183 | downloaded | 197.6 KiB
18:59:00 | INFO | [231/956] SDSU_0050186 | downloaded | 200.9 KiB
18:59:00 | INFO | [232/956] SDSU_0050185 | downloaded | 204.9 KiB
18:59:00 | INFO | [233/956] SDSU_0050187 | downloaded | 197.7 KiB
18:59:00 | INFO | [234/956] SDSU_0050188 | downloaded | 199.5 KiB
18:59:00 | INFO | [235/956] SDSU_0050190 | downloaded | 197.8 KiB
18:59:01 | INFO | [236/956] SDSU_0050189 | downloaded | 198.1 KiB
18:59:01 | INFO | [237/956] SDSU_0050191 | downloaded | 201.1 KiB
18:59:01 | INFO | [238/956] SDSU_0050207 | downloaded | 201.6 KiB
18:59:01 | INFO | [239/956] SDSU_0050212 | downloaded | 199.6 KiB
18:59:01 | INFO | [240/956] Stanford_0051161 | downloaded | 206.1 KiB
18:59:01 | INFO | [241/956] Stanford_0051160 | downloaded | 202.5 KiB
18:59:02 | INFO | [242/956] Stanford_0051162 | downloaded | 200.6 KiB
18:59:02 | INFO | [243/956] Stanford_0051164 | downloaded | 201.3 KiB
18:59:02 | INFO | [244/956] Stanford_0051163 | downloaded | 202.0 KiB
18:59:02 | INFO | [245/956] Stanford_0051165 | downloaded | 202.1 KiB
18:59:03 | INFO | [246/956] Stanford_0051166 | downloaded | 276.0 KiB
18:59:03 | INFO | [247/956] Stanford_0051168 | downloaded | 203.0 KiB
18:59:03 | INFO | [248/956] Stanford_0051167 | downloaded | 204.6 KiB
18:59:03 | INFO | [249/956] Stanford_0051169 | downloaded | 202.4 KiB
18:59:03 | INFO | [250/956] Stanford_0051170 | downloaded | 200.8 KiB
18:59:03 | INFO | [251/956] Stanford_0051171 | downloaded | 201.6 KiB
18:59:03 | INFO | [252/956] Stanford_0051173 | downloaded | 200.0 KiB
18:59:03 | INFO | [253/956] Stanford_0051172 | downloaded | 203.2 KiB
18:59:04 | INFO | [254/956] Stanford_0051177 | downloaded | 200.1 KiB
18:59:04 | INFO | [255/956] Stanford_0051178 | downloaded | 203.2 KiB
18:59:04 | INFO | [256/956] Stanford_0051174 | downloaded | 269.3 KiB
18:59:04 | INFO | [257/956] Stanford_0051175 | downloaded | 205.1 KiB
18:59:05 | INFO | [258/956] Trinity_0050233 | downloaded | 165.3 KiB
18:59:05 | INFO | [259/956] Trinity_0050234 | downloaded | 166.7 KiB
18:59:05 | INFO | [260/956] Stanford_0051179 | downloaded | 201.7 KiB
18:59:05 | INFO | [261/956] Trinity_0050232 | downloaded | 168.1 KiB
18:59:06 | INFO | [262/956] Trinity_0050237 | downloaded | 165.1 KiB
18:59:06 | INFO | [263/956] Trinity_0050239 | downloaded | 167.4 KiB
18:59:06 | INFO | [264/956] Trinity_0050236 | downloaded | 165.6 KiB
18:59:06 | INFO | [265/956] Trinity_0050235 | downloaded | 167.8 KiB
18:59:06 | INFO | [266/956] Trinity_0050240 | downloaded | 166.2 KiB
18:59:06 | INFO | [267/956] Trinity_0050243 | downloaded | 167.2 KiB
18:59:06 | INFO | [268/956] Trinity_0050245 | downloaded | 166.6 KiB
18:59:06 | INFO | [269/956] Trinity_0050241 | downloaded | 166.7 KiB
18:59:07 | INFO | [270/956] Trinity_0050247 | downloaded | 168.7 KiB
18:59:07 | INFO | [271/956] Trinity_0050249 | downloaded | 165.9 KiB
18:59:07 | INFO | [272/956] Trinity_0050246 | downloaded | 167.3 KiB
18:59:07 | INFO | [273/956] Trinity_0050248 | downloaded | 163.6 KiB
18:59:07 | INFO | [274/956] Trinity_0050251 | downloaded | 167.9 KiB
18:59:08 | INFO | [275/956] Trinity_0050250 | downloaded | 167.6 KiB
18:59:08 | INFO | [276/956] Trinity_0050253 | downloaded | 166.5 KiB
18:59:08 | INFO | [277/956] Trinity_0050252 | downloaded | 167.1 KiB
18:59:08 | INFO | [278/956] Trinity_0050254 | downloaded | 166.5 KiB
18:59:08 | INFO | [279/956] Trinity_0050255 | downloaded | 166.8 KiB
18:59:08 | INFO | [280/956] UCLA_1_0051201 | downloaded | 133.2 KiB
18:59:09 | INFO | [281/956] UCLA_1_0051204 | downloaded | 135.3 KiB
18:59:09 | INFO | [282/956] UCLA_1_0051202 | downloaded | 133.5 KiB
18:59:09 | INFO | [283/956] UCLA_1_0051206 | downloaded | 131.0 KiB
18:59:09 | INFO | [284/956] UCLA_1_0051205 | downloaded | 130.9 KiB
18:59:09 | INFO | [285/956] UCLA_1_0051208 | downloaded | 131.5 KiB
18:59:09 | INFO | [286/956] UCLA_1_0051207 | downloaded | 132.9 KiB
18:59:10 | INFO | [287/956] UCLA_1_0051209 | downloaded | 134.5 KiB
18:59:10 | INFO | [288/956] UCLA_1_0051210 | downloaded | 132.1 KiB
18:59:10 | INFO | [289/956] UCLA_1_0051211 | downloaded | 131.5 KiB
18:59:10 | INFO | [290/956] UCLA_1_0051212 | downloaded | 131.4 KiB
18:59:10 | INFO | [291/956] UCLA_1_0051214 | downloaded | 131.8 KiB
18:59:11 | INFO | [292/956] UCLA_1_0051216 | downloaded | 131.4 KiB
18:59:11 | INFO | [293/956] UCLA_1_0051217 | downloaded | 130.7 KiB
18:59:11 | INFO | [294/956] UCLA_1_0051215 | downloaded | 131.7 KiB
18:59:11 | INFO | [295/956] UCLA_1_0051218 | downloaded | 130.4 KiB
18:59:11 | INFO | [296/956] UCLA_1_0051220 | downloaded | 131.6 KiB
18:59:12 | INFO | [297/956] UCLA_1_0051221 | downloaded | 131.1 KiB
18:59:12 | INFO | [298/956] UCLA_1_0051219 | downloaded | 131.1 KiB
18:59:12 | INFO | [299/956] UCLA_1_0051222 | downloaded | 131.0 KiB
18:59:12 | INFO | [300/956] UCLA_1_0051223 | downloaded | 131.4 KiB
18:59:12 | INFO | [301/956] UCLA_1_0051224 | downloaded | 130.0 KiB
18:59:12 | INFO | [302/956] UCLA_1_0051226 | downloaded | 132.0 KiB
18:59:12 | INFO | [303/956] UCLA_1_0051225 | downloaded | 131.8 KiB
18:59:13 | INFO | [304/956] UCLA_1_0051229 | downloaded | 130.3 KiB
18:59:13 | INFO | [305/956] UCLA_1_0051227 | downloaded | 133.4 KiB
18:59:13 | INFO | [306/956] UCLA_1_0051230 | downloaded | 131.0 KiB
18:59:13 | INFO | [307/956] UCLA_1_0051231 | downloaded | 132.6 KiB
18:59:13 | INFO | [308/956] UCLA_1_0051236 | downloaded | 132.7 KiB
18:59:13 | INFO | [309/956] UCLA_1_0051237 | downloaded | 128.4 KiB
18:59:13 | INFO | [310/956] UCLA_1_0051235 | downloaded | 130.1 KiB
18:59:13 | INFO | [311/956] UCLA_1_0051234 | downloaded | 130.4 KiB
18:59:14 | INFO | [312/956] UCLA_1_0051239 | downloaded | 131.8 KiB
18:59:14 | INFO | [313/956] UCLA_1_0051240 | downloaded | 131.9 KiB
18:59:14 | INFO | [314/956] UCLA_1_0051248 | downloaded | 131.6 KiB
18:59:14 | INFO | [315/956] UCLA_1_0051241 | downloaded | 130.9 KiB
18:59:15 | INFO | [316/956] UCLA_2_0051291 | downloaded | 131.1 KiB
18:59:15 | INFO | [317/956] UCLA_2_0051294 | downloaded | 133.0 KiB
18:59:15 | INFO | [318/956] UCLA_2_0051293 | downloaded | 131.7 KiB
18:59:15 | INFO | [319/956] UCLA_1_0051249 | downloaded | 130.9 KiB
18:59:15 | INFO | [320/956] UCLA_2_0051298 | downloaded | 132.2 KiB
18:59:15 | INFO | [321/956] UCLA_2_0051299 | downloaded | 132.9 KiB
18:59:15 | INFO | [322/956] UCLA_2_0051295 | downloaded | 131.7 KiB
18:59:16 | INFO | [323/956] UCLA_2_0051297 | downloaded | 133.0 KiB
18:59:16 | INFO | [324/956] UCLA_2_0051301 | downloaded | 133.2 KiB
18:59:16 | INFO | [325/956] UCLA_2_0051302 | downloaded | 132.2 KiB
18:59:16 | INFO | [326/956] UCLA_2_0051317 | downloaded | 132.0 KiB
18:59:16 | INFO | [327/956] UM_1_0050272 | downloaded | 342.4 KiB
18:59:17 | INFO | [328/956] UM_1_0050274 | downloaded | 342.0 KiB
18:59:17 | INFO | [329/956] UM_1_0050273 | downloaded | 337.1 KiB
18:59:17 | INFO | [330/956] UM_1_0050276 | downloaded | 337.8 KiB
18:59:17 | INFO | [331/956] UM_1_0050275 | downloaded | 341.1 KiB
18:59:17 | INFO | [332/956] UM_1_0050278 | downloaded | 345.2 KiB
18:59:18 | INFO | [333/956] UM_1_0050277 | downloaded | 342.9 KiB
18:59:18 | INFO | [334/956] UM_1_0050280 | downloaded | 336.4 KiB
18:59:18 | INFO | [335/956] UM_1_0050282 | downloaded | 339.2 KiB
18:59:18 | INFO | [336/956] UM_1_0050283 | downloaded | 345.5 KiB
18:59:18 | INFO | [337/956] UM_1_0050284 | downloaded | 345.1 KiB
18:59:19 | INFO | [338/956] UM_1_0050285 | downloaded | 340.3 KiB
18:59:19 | INFO | [339/956] UM_1_0050287 | downloaded | 339.1 KiB
18:59:19 | INFO | [340/956] UM_1_0050288 | downloaded | 344.0 KiB
18:59:19 | INFO | [341/956] UM_1_0050290 | downloaded | 340.3 KiB
18:59:19 | INFO | [342/956] UM_1_0050289 | downloaded | 342.2 KiB
18:59:19 | INFO | [343/956] UM_1_0050291 | downloaded | 339.7 KiB
18:59:20 | INFO | [344/956] UM_1_0050292 | downloaded | 343.3 KiB
18:59:20 | INFO | [345/956] UM_1_0050293 | downloaded | 336.3 KiB
18:59:20 | INFO | [346/956] UM_1_0050294 | downloaded | 339.3 KiB
18:59:20 | INFO | [347/956] UM_1_0050295 | downloaded | 338.9 KiB
18:59:21 | INFO | [348/956] UM_1_0050296 | downloaded | 353.2 KiB
18:59:21 | INFO | [349/956] UM_1_0050297 | downloaded | 344.1 KiB
18:59:21 | INFO | [350/956] UM_1_0050298 | downloaded | 340.1 KiB
18:59:21 | INFO | [351/956] UM_1_0050300 | downloaded | 344.9 KiB
18:59:21 | INFO | [352/956] UM_1_0050301 | downloaded | 337.0 KiB
18:59:22 | INFO | [353/956] UM_1_0050304 | downloaded | 346.2 KiB
18:59:22 | INFO | [354/956] UM_1_0050302 | downloaded | 342.8 KiB
18:59:22 | INFO | [355/956] UM_1_0050305 | downloaded | 348.3 KiB
18:59:22 | INFO | [356/956] UM_1_0050307 | downloaded | 337.1 KiB
18:59:22 | INFO | [357/956] UM_1_0050306 | downloaded | 347.5 KiB
18:59:22 | INFO | [358/956] UM_1_0050310 | downloaded | 337.7 KiB
18:59:22 | INFO | [359/956] UM_1_0050311 | downloaded | 345.5 KiB
18:59:23 | INFO | [360/956] UM_1_0050312 | downloaded | 345.9 KiB
18:59:23 | INFO | [361/956] UM_1_0050315 | downloaded | 338.4 KiB
18:59:23 | INFO | [362/956] UM_1_0050314 | downloaded | 339.0 KiB
18:59:23 | INFO | [363/956] UM_1_0050316 | downloaded | 345.7 KiB
18:59:24 | INFO | [364/956] UM_1_0050318 | downloaded | 341.2 KiB
18:59:24 | INFO | [365/956] UM_1_0050319 | downloaded | 337.7 KiB
18:59:24 | INFO | [366/956] UM_1_0050320 | downloaded | 340.1 KiB
18:59:24 | INFO | [367/956] UM_1_0050321 | downloaded | 336.5 KiB
18:59:25 | INFO | [368/956] UM_1_0050322 | downloaded | 346.5 KiB
18:59:25 | INFO | [369/956] UM_1_0050325 | downloaded | 343.2 KiB
18:59:25 | INFO | [370/956] UM_1_0050326 | downloaded | 340.9 KiB
18:59:25 | INFO | [371/956] UM_1_0050324 | downloaded | 338.4 KiB
18:59:25 | INFO | [372/956] UM_2_0050397 | downloaded | 336.0 KiB
18:59:26 | INFO | [373/956] UM_2_0050402 | downloaded | 339.2 KiB
18:59:26 | INFO | [374/956] UM_2_0050403 | downloaded | 345.1 KiB
18:59:26 | INFO | [375/956] UM_2_0050399 | downloaded | 340.7 KiB
18:59:26 | INFO | [376/956] UM_2_0050404 | downloaded | 340.2 KiB
18:59:26 | INFO | [377/956] UM_2_0050405 | downloaded | 338.8 KiB
18:59:26 | INFO | [378/956] UM_2_0050406 | downloaded | 340.6 KiB
18:59:27 | INFO | [379/956] UM_2_0050407 | downloaded | 338.6 KiB
18:59:27 | INFO | [380/956] UM_2_0050408 | downloaded | 338.0 KiB
18:59:27 | INFO | [381/956] UM_2_0050411 | downloaded | 344.5 KiB
18:59:27 | INFO | [382/956] UM_2_0050410 | downloaded | 343.3 KiB
18:59:28 | INFO | [383/956] UM_2_0050412 | downloaded | 338.6 KiB
18:59:28 | INFO | [384/956] USM_0050477 | downloaded | 271.3 KiB
18:59:28 | INFO | [385/956] UM_2_0050413 | downloaded | 339.7 KiB
18:59:28 | INFO | [386/956] USM_0050480 | downloaded | 270.7 KiB
18:59:28 | INFO | [387/956] USM_0050482 | downloaded | 268.5 KiB
18:59:28 | INFO | [388/956] USM_0050483 | downloaded | 272.6 KiB
18:59:29 | INFO | [389/956] USM_0050481 | downloaded | 273.5 KiB
18:59:29 | INFO | [390/956] USM_0050485 | downloaded | 269.6 KiB
18:59:29 | INFO | [391/956] USM_0050486 | downloaded | 273.1 KiB
18:59:29 | INFO | [392/956] USM_0050487 | downloaded | 272.4 KiB
18:59:29 | INFO | [393/956] USM_0050488 | downloaded | 271.6 KiB
18:59:30 | INFO | [394/956] USM_0050490 | downloaded | 273.0 KiB
18:59:30 | INFO | [395/956] USM_0050491 | downloaded | 267.5 KiB
18:59:30 | INFO | [396/956] USM_0050493 | downloaded | 269.1 KiB
18:59:30 | INFO | [397/956] USM_0050492 | downloaded | 269.8 KiB
18:59:30 | INFO | [398/956] USM_0050494 | downloaded | 268.6 KiB
18:59:31 | INFO | [399/956] USM_0050496 | downloaded | 273.1 KiB
18:59:31 | INFO | [400/956] USM_0050497 | downloaded | 269.6 KiB
18:59:31 | INFO | [401/956] USM_0050499 | downloaded | 270.2 KiB
18:59:31 | INFO | [402/956] USM_0050498 | downloaded | 271.1 KiB
18:59:31 | INFO | [403/956] USM_0050500 | downloaded | 269.0 KiB
18:59:32 | INFO | [404/956] USM_0050502 | downloaded | 270.3 KiB
18:59:32 | INFO | [405/956] USM_0050503 | downloaded | 270.1 KiB
18:59:32 | INFO | [406/956] USM_0050501 | downloaded | 272.3 KiB
18:59:32 | INFO | [407/956] USM_0050504 | downloaded | 270.6 KiB
18:59:32 | INFO | [408/956] USM_0050505 | downloaded | 268.2 KiB
18:59:33 | INFO | [409/956] USM_0050507 | downloaded | 273.5 KiB
18:59:33 | INFO | [410/956] USM_0050509 | downloaded | 274.5 KiB
18:59:33 | INFO | [411/956] USM_0050510 | downloaded | 276.6 KiB
18:59:33 | INFO | [412/956] USM_0050511 | downloaded | 272.9 KiB
18:59:33 | INFO | [413/956] USM_0050514 | downloaded | 268.9 KiB
18:59:33 | INFO | [414/956] USM_0050515 | downloaded | 270.6 KiB
18:59:34 | INFO | [415/956] USM_0050516 | downloaded | 268.1 KiB
18:59:34 | INFO | [416/956] USM_0050518 | downloaded | 269.0 KiB
18:59:34 | INFO | [417/956] USM_0050520 | downloaded | 270.9 KiB
18:59:34 | INFO | [418/956] USM_0050519 | downloaded | 270.7 KiB
18:59:35 | INFO | [419/956] USM_0050521 | downloaded | 271.4 KiB
18:59:35 | INFO | [420/956] USM_0050524 | downloaded | 271.0 KiB
18:59:35 | INFO | [421/956] USM_0050523 | downloaded | 274.1 KiB
18:59:35 | INFO | [422/956] USM_0050525 | downloaded | 267.4 KiB
18:59:35 | INFO | [423/956] USM_0050526 | downloaded | 264.3 KiB
18:59:35 | INFO | [424/956] USM_0050527 | downloaded | 268.2 KiB
18:59:36 | INFO | [425/956] USM_0050528 | downloaded | 269.3 KiB
18:59:36 | INFO | [426/956] USM_0050529 | downloaded | 271.5 KiB
18:59:36 | INFO | [427/956] USM_0050532 | downloaded | 272.2 KiB
18:59:36 | INFO | [428/956] USM_0050530 | downloaded | 270.9 KiB
18:59:36 | INFO | [429/956] Yale_0050601 | downloaded | 222.4 KiB
18:59:36 | INFO | [430/956] Yale_0050602 | downloaded | 225.1 KiB
18:59:37 | INFO | [431/956] Yale_0050603 | downloaded | 220.6 KiB
18:59:37 | INFO | [432/956] Yale_0050605 | downloaded | 218.2 KiB
18:59:37 | INFO | [433/956] Yale_0050606 | downloaded | 221.9 KiB
18:59:37 | INFO | [434/956] Yale_0050604 | downloaded | 219.1 KiB
18:59:37 | INFO | [435/956] Yale_0050607 | downloaded | 223.0 KiB
18:59:38 | INFO | [436/956] Yale_0050608 | downloaded | 222.9 KiB
18:59:38 | INFO | [437/956] Yale_0050609 | downloaded | 223.2 KiB
18:59:38 | INFO | [438/956] Yale_0050611 | downloaded | 220.9 KiB
18:59:38 | INFO | [439/956] Yale_0050612 | downloaded | 221.5 KiB
18:59:39 | INFO | [440/956] Yale_0050613 | downloaded | 220.4 KiB
18:59:39 | INFO | [441/956] Yale_0050614 | downloaded | 223.1 KiB
18:59:39 | INFO | [442/956] Yale_0050615 | downloaded | 223.9 KiB
18:59:39 | INFO | [443/956] Yale_0050616 | downloaded | 222.2 KiB
18:59:39 | INFO | [444/956] Yale_0050617 | downloaded | 219.1 KiB
18:59:40 | INFO | [445/956] Yale_0050619 | downloaded | 219.8 KiB
18:59:40 | INFO | [446/956] Yale_0050618 | downloaded | 224.6 KiB
18:59:40 | INFO | [447/956] Yale_0050620 | downloaded | 220.4 KiB
18:59:40 | INFO | [448/956] Yale_0050621 | downloaded | 221.9 KiB
18:59:40 | INFO | [449/956] Yale_0050623 | downloaded | 220.4 KiB
18:59:40 | INFO | [450/956] Yale_0050622 | downloaded | 222.5 KiB
18:59:41 | INFO | [451/956] Yale_0050624 | downloaded | 222.8 KiB
18:59:41 | INFO | [452/956] Yale_0050626 | downloaded | 222.2 KiB
18:59:41 | INFO | [453/956] Yale_0050625 | downloaded | 218.2 KiB
18:59:41 | INFO | [454/956] Yale_0050627 | downloaded | 219.0 KiB
18:59:41 | INFO | [455/956] Yale_0050628 | downloaded | 220.8 KiB
18:59:42 | INFO | [456/956] CMU_a_0050659 | downloaded | 271.4 KiB
18:59:42 | INFO | [457/956] CMU_a_0050656 | downloaded | 270.8 KiB
18:59:42 | INFO | [458/956] CMU_a_0050660 | downloaded | 270.9 KiB
18:59:42 | INFO | [459/956] CMU_a_0050663 | downloaded | 268.9 KiB
18:59:42 | INFO | [460/956] CMU_a_0050664 | downloaded | 268.5 KiB
18:59:42 | INFO | [461/956] CMU_a_0050665 | downloaded | 270.1 KiB
18:59:43 | INFO | [462/956] CMU_a_0050666 | downloaded | 268.3 KiB
18:59:43 | INFO | [463/956] CMU_a_0050668 | downloaded | 270.0 KiB
18:59:43 | INFO | [464/956] CMU_b_0050658 | downloaded | 331.8 KiB
18:59:43 | INFO | [465/956] CMU_b_0050661 | downloaded | 356.1 KiB
18:59:44 | INFO | [466/956] CMU_b_0050667 | downloaded | 344.3 KiB
18:59:44 | INFO | [467/956] CMU_b_0050669 | downloaded | 347.5 KiB
18:59:44 | INFO | [468/956] Caltech_0051476 | downloaded | 163.7 KiB
18:59:44 | INFO | [469/956] Caltech_0051477 | downloaded | 164.6 KiB
18:59:44 | INFO | [470/956] Caltech_0051479 | downloaded | 163.9 KiB
18:59:44 | INFO | [471/956] Caltech_0051480 | downloaded | 162.1 KiB
18:59:44 | INFO | [472/956] Caltech_0051481 | downloaded | 164.5 KiB
18:59:45 | INFO | [473/956] Caltech_0051482 | downloaded | 163.6 KiB
18:59:45 | INFO | [474/956] Caltech_0051484 | downloaded | 164.1 KiB
18:59:45 | INFO | [475/956] Caltech_0051485 | downloaded | 158.8 KiB
18:59:45 | INFO | [476/956] Caltech_0051486 | downloaded | 163.4 KiB
18:59:45 | INFO | [477/956] Caltech_0051487 | downloaded | 162.9 KiB
18:59:46 | INFO | [478/956] Caltech_0051489 | downloaded | 162.1 KiB
18:59:46 | INFO | [479/956] Caltech_0051490 | downloaded | 161.0 KiB
18:59:46 | INFO | [480/956] Caltech_0051488 | downloaded | 164.9 KiB
18:59:46 | INFO | [481/956] Caltech_0051491 | downloaded | 162.8 KiB
18:59:47 | INFO | [482/956] Caltech_0051493 | downloaded | 162.2 KiB
18:59:47 | INFO | [483/956] KKI_0050773 | downloaded | 173.3 KiB
18:59:47 | INFO | [484/956] Caltech_0051492 | downloaded | 163.9 KiB
18:59:47 | INFO | [485/956] KKI_0050772 | downloaded | 173.3 KiB
18:59:47 | INFO | [486/956] KKI_0050774 | downloaded | 171.2 KiB
18:59:47 | INFO | [487/956] KKI_0050775 | downloaded | 174.4 KiB
18:59:47 | INFO | [488/956] KKI_0050777 | downloaded | 173.3 KiB
18:59:47 | INFO | [489/956] KKI_0050776 | downloaded | 173.7 KiB
18:59:48 | INFO | [490/956] KKI_0050778 | downloaded | 174.8 KiB
18:59:48 | INFO | [491/956] KKI_0050779 | downloaded | 172.9 KiB
18:59:48 | INFO | [492/956] KKI_0050780 | downloaded | 174.4 KiB
18:59:48 | INFO | [493/956] KKI_0050781 | downloaded | 174.6 KiB
18:59:49 | INFO | [494/956] KKI_0050783 | downloaded | 172.2 KiB
18:59:49 | INFO | [495/956] KKI_0050782 | downloaded | 172.7 KiB
18:59:49 | INFO | [496/956] KKI_0050784 | downloaded | 174.3 KiB
18:59:49 | INFO | [497/956] KKI_0050785 | downloaded | 174.7 KiB
18:59:49 | INFO | [498/956] KKI_0050786 | downloaded | 173.3 KiB
18:59:49 | INFO | [499/956] KKI_0050787 | downloaded | 174.9 KiB
18:59:49 | INFO | [500/956] KKI_0050788 | downloaded | 173.7 KiB
18:59:50 | INFO | [501/956] KKI_0050789 | downloaded | 174.7 KiB
18:59:50 | INFO | [502/956] KKI_0050812 | downloaded | 174.3 KiB
18:59:50 | INFO | [503/956] KKI_0050814 | downloaded | 172.9 KiB
18:59:50 | INFO | [504/956] KKI_0050790 | downloaded | 171.1 KiB
18:59:50 | INFO | [505/956] KKI_0050816 | downloaded | 141.9 KiB
18:59:51 | INFO | [506/956] KKI_0050817 | downloaded | 141.5 KiB
18:59:51 | INFO | [507/956] KKI_0050818 | downloaded | 170.3 KiB
18:59:51 | INFO | [508/956] KKI_0050819 | downloaded | 173.0 KiB
18:59:51 | INFO | [509/956] KKI_0050820 | downloaded | 173.1 KiB
18:59:51 | INFO | [510/956] KKI_0050821 | downloaded | 175.1 KiB
18:59:51 | INFO | [511/956] Leuven_1_0050682 | downloaded | 281.8 KiB
18:59:52 | INFO | [512/956] Leuven_1_0050683 | downloaded | 280.8 KiB
18:59:52 | INFO | [513/956] KKI_0050822 | downloaded | 172.9 KiB
18:59:52 | INFO | [514/956] Leuven_1_0050687 | downloaded | 280.7 KiB
18:59:52 | INFO | [515/956] Leuven_1_0050685 | downloaded | 282.1 KiB
18:59:52 | INFO | [516/956] Leuven_1_0050688 | downloaded | 280.5 KiB
18:59:53 | INFO | [517/956] Leuven_1_0050691 | downloaded | 278.1 KiB
18:59:53 | INFO | [518/956] Leuven_1_0050692 | downloaded | 278.5 KiB
18:59:53 | INFO | [519/956] Leuven_1_0050699 | downloaded | 281.7 KiB
18:59:53 | INFO | [520/956] Leuven_1_0050698 | downloaded | 279.1 KiB
18:59:53 | INFO | [521/956] Leuven_1_0050701 | downloaded | 282.8 KiB
18:59:53 | INFO | [522/956] Leuven_1_0050703 | downloaded | 279.8 KiB
18:59:54 | INFO | [523/956] Leuven_1_0050707 | downloaded | 280.6 KiB
18:59:54 | INFO | [524/956] Leuven_1_0050706 | downloaded | 279.4 KiB
18:59:54 | INFO | [525/956] Leuven_1_0050709 | downloaded | 282.7 KiB
18:59:54 | INFO | [526/956] Leuven_1_0050710 | downloaded | 279.5 KiB
18:59:54 | INFO | [527/956] Leuven_2_0050722 | downloaded | 279.2 KiB
18:59:55 | INFO | [528/956] Leuven_2_0050724 | downloaded | 278.5 KiB
18:59:55 | INFO | [529/956] Leuven_2_0050723 | downloaded | 281.9 KiB
18:59:55 | INFO | [530/956] Leuven_2_0050725 | downloaded | 280.8 KiB
18:59:55 | INFO | [531/956] Leuven_2_0050728 | downloaded | 281.6 KiB
18:59:55 | INFO | [532/956] Leuven_2_0050726 | downloaded | 280.0 KiB
18:59:55 | INFO | [533/956] Leuven_2_0050730 | downloaded | 282.1 KiB
18:59:56 | INFO | [534/956] Leuven_2_0050731 | downloaded | 278.5 KiB
18:59:56 | INFO | [535/956] Leuven_2_0050735 | downloaded | 280.1 KiB
18:59:56 | INFO | [536/956] Leuven_2_0050733 | downloaded | 279.8 KiB
18:59:56 | INFO | [537/956] Leuven_2_0050732 | downloaded | 281.1 KiB
18:59:56 | INFO | [538/956] Leuven_2_0050736 | downloaded | 280.2 KiB
18:59:57 | INFO | [539/956] Leuven_2_0050738 | downloaded | 280.6 KiB
18:59:57 | INFO | [540/956] Leuven_2_0050737 | downloaded | 281.2 KiB
18:59:57 | INFO | [541/956] Leuven_2_0050739 | downloaded | 282.3 KiB
18:59:57 | INFO | [542/956] Leuven_2_0050740 | downloaded | 280.9 KiB
18:59:57 | INFO | [543/956] Leuven_2_0050741 | downloaded | 278.8 KiB
18:59:58 | INFO | [544/956] MaxMun_a_0051362 | downloaded | 129.9 KiB
18:59:58 | INFO | [545/956] MaxMun_a_0051363 | downloaded | 130.4 KiB
18:59:58 | INFO | [546/956] Leuven_2_0050742 | downloaded | 282.8 KiB
18:59:58 | INFO | [547/956] MaxMun_a_0051364 | downloaded | 130.2 KiB
18:59:58 | INFO | [548/956] MaxMun_a_0051365 | downloaded | 131.3 KiB
18:59:58 | INFO | [549/956] MaxMun_a_0051369 | downloaded | 129.8 KiB
18:59:58 | INFO | [550/956] MaxMun_a_0051370 | downloaded | 128.8 KiB
18:59:59 | INFO | [551/956] MaxMun_a_0051373 | downloaded | 129.5 KiB
18:59:59 | INFO | [552/956] MaxMun_c_0051332 | downloaded | 131.2 KiB
18:59:59 | INFO | [553/956] MaxMun_c_0051333 | downloaded | 132.3 KiB
18:59:59 | INFO | [554/956] MaxMun_c_0051334 | downloaded | 131.9 KiB
18:59:59 | INFO | [555/956] MaxMun_c_0051335 | downloaded | 131.2 KiB
19:00:00 | INFO | [556/956] MaxMun_c_0051336 | downloaded | 133.0 KiB
19:00:00 | INFO | [557/956] MaxMun_c_0051338 | downloaded | 132.0 KiB
19:00:00 | INFO | [558/956] MaxMun_c_0051339 | downloaded | 129.9 KiB
19:00:00 | INFO | [559/956] MaxMun_c_0051340 | downloaded | 130.4 KiB
19:00:00 | INFO | [560/956] MaxMun_c_0051341 | downloaded | 133.0 KiB
19:00:00 | INFO | [561/956] MaxMun_c_0051342 | downloaded | 130.8 KiB
19:00:00 | INFO | [562/956] MaxMun_c_0051343 | downloaded | 131.9 KiB
19:00:01 | INFO | [563/956] MaxMun_c_0051344 | downloaded | 132.3 KiB
19:00:01 | INFO | [564/956] MaxMun_c_0051345 | downloaded | 130.7 KiB
19:00:01 | INFO | [565/956] MaxMun_c_0051346 | downloaded | 131.2 KiB
19:00:01 | INFO | [566/956] MaxMun_c_0051347 | downloaded | 132.7 KiB
19:00:01 | INFO | [567/956] MaxMun_d_0051356 | downloaded | 222.7 KiB
19:00:02 | INFO | [568/956] MaxMun_d_0051357 | downloaded | 223.6 KiB
19:00:02 | INFO | [569/956] MaxMun_d_0051360 | downloaded | 224.2 KiB
19:00:02 | INFO | [570/956] MaxMun_d_0051361 | downloaded | 225.2 KiB
19:00:02 | INFO | [571/956] NYU_0051036 | downloaded | 198.8 KiB
19:00:02 | INFO | [572/956] NYU_0051038 | downloaded | 199.8 KiB
19:00:02 | INFO | [573/956] NYU_0051039 | downloaded | 202.9 KiB
19:00:03 | INFO | [574/956] NYU_0051040 | downloaded | 200.4 KiB
19:00:03 | INFO | [575/956] NYU_0051041 | downloaded | 200.1 KiB
19:00:03 | INFO | [576/956] NYU_0051042 | downloaded | 200.6 KiB
19:00:03 | INFO | [577/956] NYU_0051044 | downloaded | 199.7 KiB
19:00:04 | INFO | [578/956] NYU_0051047 | downloaded | 199.7 KiB
19:00:04 | INFO | [579/956] NYU_0051045 | downloaded | 201.9 KiB
19:00:04 | INFO | [580/956] NYU_0051046 | downloaded | 199.3 KiB
19:00:04 | INFO | [581/956] NYU_0051048 | downloaded | 200.2 KiB
19:00:04 | INFO | [582/956] NYU_0051050 | downloaded | 199.0 KiB
19:00:04 | INFO | [583/956] NYU_0051049 | downloaded | 199.7 KiB
19:00:05 | INFO | [584/956] NYU_0051051 | downloaded | 199.4 KiB
19:00:05 | INFO | [585/956] NYU_0051052 | downloaded | 200.4 KiB
19:00:05 | INFO | [586/956] NYU_0051054 | downloaded | 201.7 KiB
19:00:05 | INFO | [587/956] NYU_0051055 | downloaded | 200.3 KiB
19:00:05 | INFO | [588/956] NYU_0051053 | downloaded | 200.4 KiB
19:00:05 | INFO | [589/956] NYU_0051056 | downloaded | 200.7 KiB
19:00:06 | INFO | [590/956] NYU_0051057 | downloaded | 199.5 KiB
19:00:06 | INFO | [591/956] NYU_0051059 | downloaded | 199.4 KiB
19:00:06 | INFO | [592/956] NYU_0051058 | downloaded | 198.7 KiB
19:00:06 | INFO | [593/956] NYU_0051060 | downloaded | 201.2 KiB
19:00:06 | INFO | [594/956] NYU_0051061 | downloaded | 199.7 KiB
19:00:06 | INFO | [595/956] NYU_0051062 | downloaded | 199.5 KiB
19:00:07 | INFO | [596/956] NYU_0051064 | downloaded | 203.0 KiB
19:00:07 | INFO | [597/956] NYU_0051063 | downloaded | 200.3 KiB
19:00:07 | INFO | [598/956] NYU_0051065 | downloaded | 200.1 KiB
19:00:07 | INFO | [599/956] NYU_0051066 | downloaded | 201.0 KiB
19:00:07 | INFO | [600/956] NYU_0051068 | downloaded | 200.0 KiB
19:00:07 | INFO | [601/956] NYU_0051067 | downloaded | 200.5 KiB
19:00:08 | INFO | [602/956] NYU_0051070 | downloaded | 201.9 KiB
19:00:08 | INFO | [603/956] NYU_0051071 | downloaded | 199.9 KiB
19:00:08 | INFO | [604/956] NYU_0051072 | downloaded | 199.8 KiB
19:00:08 | INFO | [605/956] NYU_0051069 | downloaded | 199.8 KiB
19:00:09 | INFO | [606/956] NYU_0051074 | downloaded | 199.3 KiB
19:00:09 | INFO | [607/956] NYU_0051073 | downloaded | 200.5 KiB
19:00:09 | INFO | [608/956] NYU_0051076 | downloaded | 200.8 KiB
19:00:09 | INFO | [609/956] NYU_0051075 | downloaded | 202.1 KiB
19:00:09 | INFO | [610/956] NYU_0051078 | downloaded | 201.0 KiB
19:00:09 | INFO | [611/956] NYU_0051079 | downloaded | 201.3 KiB
19:00:09 | INFO | [612/956] NYU_0051080 | downloaded | 201.5 KiB
19:00:10 | INFO | [613/956] NYU_0051077 | downloaded | 202.3 KiB
19:00:10 | INFO | [614/956] NYU_0051081 | downloaded | 200.5 KiB
19:00:10 | INFO | [615/956] NYU_0051084 | downloaded | 202.4 KiB
19:00:10 | INFO | [616/956] NYU_0051082 | downloaded | 202.7 KiB
19:00:10 | INFO | [617/956] NYU_0051083 | downloaded | 201.8 KiB
19:00:11 | INFO | [618/956] NYU_0051085 | downloaded | 202.0 KiB
19:00:11 | INFO | [619/956] NYU_0051086 | downloaded | 202.2 KiB
19:00:11 | INFO | [620/956] NYU_0051088 | downloaded | 200.9 KiB
19:00:11 | INFO | [621/956] NYU_0051087 | downloaded | 201.1 KiB
19:00:11 | INFO | [622/956] NYU_0051089 | downloaded | 201.3 KiB
19:00:11 | INFO | [623/956] NYU_0051090 | downloaded | 201.2 KiB
19:00:12 | INFO | [624/956] NYU_0051091 | downloaded | 201.5 KiB
19:00:12 | INFO | [625/956] NYU_0051093 | downloaded | 201.7 KiB
19:00:12 | INFO | [626/956] NYU_0051094 | downloaded | 201.6 KiB
19:00:12 | INFO | [627/956] NYU_0051096 | downloaded | 199.6 KiB
19:00:12 | INFO | [628/956] NYU_0051095 | downloaded | 201.2 KiB
19:00:12 | INFO | [629/956] NYU_0051097 | downloaded | 202.1 KiB
19:00:13 | INFO | [630/956] NYU_0051098 | downloaded | 201.2 KiB
19:00:13 | INFO | [631/956] NYU_0051099 | downloaded | 200.6 KiB
19:00:13 | INFO | [632/956] NYU_0051100 | downloaded | 200.8 KiB
19:00:13 | INFO | [633/956] NYU_0051101 | downloaded | 200.1 KiB
19:00:13 | INFO | [634/956] NYU_0051102 | downloaded | 201.8 KiB
19:00:14 | INFO | [635/956] NYU_0051104 | downloaded | 200.1 KiB
19:00:14 | INFO | [636/956] NYU_0051103 | downloaded | 200.5 KiB
19:00:14 | INFO | [637/956] NYU_0051106 | downloaded | 199.6 KiB
19:00:14 | INFO | [638/956] NYU_0051105 | downloaded | 199.9 KiB
19:00:14 | INFO | [639/956] NYU_0051109 | downloaded | 201.2 KiB
19:00:15 | INFO | [640/956] NYU_0051107 | downloaded | 200.6 KiB
19:00:15 | INFO | [641/956] NYU_0051110 | downloaded | 199.8 KiB
19:00:15 | INFO | [642/956] NYU_0051111 | downloaded | 201.4 KiB
19:00:15 | INFO | [643/956] NYU_0051112 | downloaded | 200.8 KiB
19:00:15 | INFO | [644/956] NYU_0051113 | downloaded | 199.9 KiB
19:00:16 | INFO | [645/956] NYU_0051114 | downloaded | 199.7 KiB
19:00:16 | INFO | [646/956] NYU_0051116 | downloaded | 199.8 KiB
19:00:16 | INFO | [647/956] NYU_0051117 | downloaded | 199.7 KiB
19:00:16 | INFO | [648/956] NYU_0051121 | downloaded | 201.0 KiB
19:00:16 | INFO | [649/956] NYU_0051122 | downloaded | 202.5 KiB
19:00:16 | INFO | [650/956] NYU_0051123 | downloaded | 201.6 KiB
19:00:17 | INFO | [651/956] NYU_0051124 | downloaded | 200.5 KiB
19:00:17 | INFO | [652/956] NYU_0051127 | downloaded | 202.9 KiB
19:00:17 | INFO | [653/956] NYU_0051126 | downloaded | 201.8 KiB
19:00:17 | INFO | [654/956] NYU_0051128 | downloaded | 199.9 KiB
19:00:17 | INFO | [655/956] NYU_0051129 | downloaded | 200.2 KiB
19:00:18 | INFO | [656/956] NYU_0051130 | downloaded | 201.3 KiB
19:00:18 | INFO | [657/956] NYU_0051146 | downloaded | 199.9 KiB
19:00:18 | INFO | [658/956] NYU_0051131 | downloaded | 202.0 KiB
19:00:18 | INFO | [659/956] NYU_0051147 | downloaded | 201.8 KiB
19:00:18 | INFO | [660/956] NYU_0051148 | downloaded | 201.0 KiB
19:00:18 | INFO | [661/956] NYU_0051149 | downloaded | 200.2 KiB
19:00:19 | INFO | [662/956] NYU_0051150 | downloaded | 201.3 KiB
19:00:19 | INFO | [663/956] NYU_0051151 | downloaded | 200.5 KiB
19:00:19 | INFO | [664/956] NYU_0051152 | downloaded | 201.3 KiB
19:00:19 | INFO | [665/956] NYU_0051153 | downloaded | 200.2 KiB
19:00:19 | INFO | [666/956] NYU_0051155 | downloaded | 199.4 KiB
19:00:19 | INFO | [667/956] NYU_0051154 | downloaded | 200.6 KiB
19:00:19 | INFO | [668/956] NYU_0051156 | downloaded | 201.0 KiB
19:00:20 | INFO | [669/956] NYU_0051159 | downloaded | 203.2 KiB
19:00:20 | INFO | [670/956] Olin_0050102 | downloaded | 234.7 KiB
19:00:20 | INFO | [671/956] Olin_0050103 | downloaded | 239.1 KiB
19:00:20 | INFO | [672/956] Olin_0050104 | downloaded | 233.2 KiB
19:00:20 | INFO | [673/956] Olin_0050105 | downloaded | 235.7 KiB
19:00:21 | INFO | [674/956] Olin_0050107 | downloaded | 233.4 KiB
19:00:21 | INFO | [675/956] Olin_0050106 | downloaded | 238.4 KiB
19:00:21 | INFO | [676/956] Olin_0050110 | downloaded | 236.8 KiB
19:00:21 | INFO | [677/956] Olin_0050109 | downloaded | 238.9 KiB
19:00:22 | INFO | [678/956] Olin_0050112 | downloaded | 237.4 KiB
19:00:22 | INFO | [679/956] Olin_0050111 | downloaded | 235.3 KiB
19:00:22 | INFO | [680/956] Olin_0050113 | downloaded | 233.9 KiB
19:00:22 | INFO | [681/956] Olin_0050114 | downloaded | 234.8 KiB
19:00:22 | INFO | [682/956] Olin_0050116 | downloaded | 235.9 KiB
19:00:22 | INFO | [683/956] Olin_0050115 | downloaded | 235.1 KiB
19:00:23 | INFO | [684/956] Olin_0050117 | downloaded | 234.7 KiB
19:00:23 | INFO | [685/956] Pitt_0050030 | downloaded | 220.7 KiB
19:00:23 | INFO | [686/956] Pitt_0050031 | downloaded | 224.4 KiB
19:00:23 | INFO | [687/956] Pitt_0050032 | downloaded | 218.6 KiB
19:00:23 | INFO | [688/956] Pitt_0050033 | downloaded | 223.7 KiB
19:00:23 | INFO | [689/956] Pitt_0050034 | downloaded | 222.3 KiB
19:00:24 | INFO | [690/956] Pitt_0050036 | downloaded | 221.3 KiB
19:00:24 | INFO | [691/956] Pitt_0050035 | downloaded | 220.8 KiB
19:00:24 | INFO | [692/956] Pitt_0050037 | downloaded | 220.4 KiB
19:00:24 | INFO | [693/956] Pitt_0050038 | downloaded | 221.8 KiB
19:00:24 | INFO | [694/956] Pitt_0050040 | downloaded | 221.0 KiB
19:00:25 | INFO | [695/956] Pitt_0050041 | downloaded | 218.8 KiB
19:00:25 | INFO | [696/956] Pitt_0050042 | downloaded | 222.7 KiB
19:00:25 | INFO | [697/956] Pitt_0050043 | downloaded | 221.1 KiB
19:00:25 | INFO | [698/956] Pitt_0050044 | downloaded | 221.4 KiB
19:00:25 | INFO | [699/956] Pitt_0050045 | downloaded | 209.4 KiB
19:00:25 | INFO | [700/956] Pitt_0050046 | downloaded | 223.2 KiB
19:00:26 | INFO | [701/956] Pitt_0050047 | downloaded | 221.8 KiB
19:00:26 | INFO | [702/956] Pitt_0050048 | downloaded | 222.9 KiB
19:00:26 | INFO | [703/956] Pitt_0050049 | downloaded | 224.6 KiB
19:00:26 | INFO | [704/956] Pitt_0050050 | downloaded | 219.4 KiB
19:00:26 | INFO | [705/956] Pitt_0050051 | downloaded | 221.9 KiB
19:00:26 | INFO | [706/956] Pitt_0050052 | downloaded | 219.0 KiB
19:00:27 | INFO | [707/956] Pitt_0050054 | downloaded | 228.0 KiB
19:00:27 | INFO | [708/956] Pitt_0050059 | downloaded | 222.3 KiB
19:00:27 | INFO | [709/956] Pitt_0050058 | downloaded | 221.8 KiB
19:00:27 | INFO | [710/956] Pitt_0050060 | downloaded | 219.1 KiB
19:00:28 | INFO | [711/956] SBL_0051556 | downloaded | 226.5 KiB
19:00:28 | INFO | [712/956] SBL_0051557 | downloaded | 223.2 KiB
19:00:28 | INFO | [713/956] SBL_0051559 | downloaded | 224.5 KiB
19:00:28 | INFO | [714/956] SBL_0051560 | downloaded | 218.1 KiB
19:00:28 | INFO | [715/956] SBL_0051562 | downloaded | 221.8 KiB
19:00:28 | INFO | [716/956] SBL_0051563 | downloaded | 223.6 KiB
19:00:29 | INFO | [717/956] SBL_0051561 | downloaded | 223.5 KiB
19:00:29 | INFO | [718/956] SBL_0051564 | downloaded | 222.0 KiB
19:00:29 | INFO | [719/956] SBL_0051565 | downloaded | 219.2 KiB
19:00:29 | INFO | [720/956] SBL_0051567 | downloaded | 218.7 KiB
19:00:29 | INFO | [721/956] SBL_0051566 | downloaded | 214.6 KiB
19:00:30 | INFO | [722/956] SBL_0051568 | downloaded | 222.9 KiB
19:00:30 | INFO | [723/956] SDSU_0050193 | downloaded | 198.4 KiB
19:00:30 | INFO | [724/956] SBL_0051569 | downloaded | 219.6 KiB
19:00:30 | INFO | [725/956] SBL_0051570 | downloaded | 222.7 KiB
19:00:30 | INFO | [726/956] SDSU_0050194 | downloaded | 200.7 KiB
19:00:31 | INFO | [727/956] SDSU_0050198 | downloaded | 199.7 KiB
19:00:31 | INFO | [728/956] SDSU_0050196 | downloaded | 199.0 KiB
19:00:31 | INFO | [729/956] SDSU_0050197 | downloaded | 201.0 KiB
19:00:31 | INFO | [730/956] SDSU_0050199 | downloaded | 197.8 KiB
19:00:31 | INFO | [731/956] SDSU_0050201 | downloaded | 201.0 KiB
19:00:31 | INFO | [732/956] SDSU_0050200 | downloaded | 198.6 KiB
19:00:32 | INFO | [733/956] SDSU_0050202 | downloaded | 201.9 KiB
19:00:32 | INFO | [734/956] SDSU_0050205 | downloaded | 197.5 KiB
19:00:32 | INFO | [735/956] SDSU_0050203 | downloaded | 199.2 KiB
19:00:32 | INFO | [736/956] SDSU_0050204 | downloaded | 198.4 KiB
19:00:33 | INFO | [737/956] SDSU_0050208 | downloaded | 199.9 KiB
19:00:33 | INFO | [738/956] SDSU_0050206 | downloaded | 201.0 KiB
19:00:33 | INFO | [739/956] SDSU_0050210 | downloaded | 195.2 KiB
19:00:33 | INFO | [740/956] SDSU_0050211 | downloaded | 199.4 KiB
19:00:33 | INFO | [741/956] SDSU_0050213 | downloaded | 201.7 KiB
19:00:33 | INFO | [742/956] SDSU_0050215 | downloaded | 199.2 KiB
19:00:34 | INFO | [743/956] SDSU_0050217 | downloaded | 198.6 KiB
19:00:34 | INFO | [744/956] SDSU_0050214 | downloaded | 200.2 KiB
19:00:34 | INFO | [745/956] Stanford_0051180 | downloaded | 270.1 KiB
19:00:34 | INFO | [746/956] Stanford_0051181 | downloaded | 270.5 KiB
19:00:34 | INFO | [747/956] Stanford_0051182 | downloaded | 267.5 KiB
19:00:35 | INFO | [748/956] Stanford_0051184 | downloaded | 270.6 KiB
19:00:35 | INFO | [749/956] Stanford_0051183 | downloaded | 272.6 KiB
19:00:35 | INFO | [750/956] Stanford_0051185 | downloaded | 273.7 KiB
19:00:35 | INFO | [751/956] Stanford_0051186 | downloaded | 273.1 KiB
19:00:35 | INFO | [752/956] Stanford_0051188 | downloaded | 274.4 KiB
19:00:36 | INFO | [753/956] Stanford_0051190 | downloaded | 270.8 KiB
19:00:36 | INFO | [754/956] Stanford_0051187 | downloaded | 274.8 KiB
19:00:36 | INFO | [755/956] Stanford_0051189 | downloaded | 270.8 KiB
19:00:36 | INFO | [756/956] Stanford_0051191 | downloaded | 272.9 KiB
19:00:36 | INFO | [757/956] Stanford_0051193 | downloaded | 272.1 KiB
19:00:37 | INFO | [758/956] Stanford_0051192 | downloaded | 271.6 KiB
19:00:37 | INFO | [759/956] Stanford_0051194 | downloaded | 269.6 KiB
19:00:37 | INFO | [760/956] Stanford_0051196 | downloaded | 269.4 KiB
19:00:37 | INFO | [761/956] Stanford_0051195 | downloaded | 273.8 KiB
19:00:37 | INFO | [762/956] Stanford_0051197 | downloaded | 271.2 KiB
19:00:37 | INFO | [763/956] Stanford_0051198 | downloaded | 268.5 KiB
19:00:38 | INFO | [764/956] Stanford_0051199 | downloaded | 269.5 KiB
19:00:38 | INFO | [765/956] Trinity_0050257 | downloaded | 165.6 KiB
19:00:38 | INFO | [766/956] Trinity_0050260 | downloaded | 165.7 KiB
19:00:38 | INFO | [767/956] Trinity_0050261 | downloaded | 165.7 KiB
19:00:38 | INFO | [768/956] Trinity_0050262 | downloaded | 169.7 KiB
19:00:38 | INFO | [769/956] Trinity_0050263 | downloaded | 166.0 KiB
19:00:39 | INFO | [770/956] Trinity_0050264 | downloaded | 165.3 KiB
19:00:39 | INFO | [771/956] Trinity_0050265 | downloaded | 170.2 KiB
19:00:39 | INFO | [772/956] Trinity_0050267 | downloaded | 166.2 KiB
19:00:39 | INFO | [773/956] Trinity_0050266 | downloaded | 166.2 KiB
19:00:39 | INFO | [774/956] Trinity_0050268 | downloaded | 168.4 KiB
19:00:40 | INFO | [775/956] Trinity_0050269 | downloaded | 167.0 KiB
19:00:40 | INFO | [776/956] Trinity_0050270 | downloaded | 167.8 KiB
19:00:40 | INFO | [777/956] Trinity_0051132 | downloaded | 166.7 KiB
19:00:40 | INFO | [778/956] Trinity_0050271 | downloaded | 166.6 KiB
19:00:40 | INFO | [779/956] Trinity_0051133 | downloaded | 166.3 KiB
19:00:41 | INFO | [780/956] Trinity_0051134 | downloaded | 166.1 KiB
19:00:41 | INFO | [781/956] Trinity_0051136 | downloaded | 171.2 KiB
19:00:41 | INFO | [782/956] Trinity_0051135 | downloaded | 167.0 KiB
19:00:41 | INFO | [783/956] Trinity_0051137 | downloaded | 167.4 KiB
19:00:41 | INFO | [784/956] Trinity_0051138 | downloaded | 166.1 KiB
19:00:41 | INFO | [785/956] Trinity_0051139 | downloaded | 165.1 KiB
19:00:41 | INFO | [786/956] Trinity_0051140 | downloaded | 165.6 KiB
19:00:42 | INFO | [787/956] Trinity_0051141 | downloaded | 168.0 KiB
19:00:42 | INFO | [788/956] UCLA_1_0051250 | downloaded | 130.8 KiB
19:00:42 | INFO | [789/956] Trinity_0051142 | downloaded | 166.5 KiB
19:00:42 | INFO | [790/956] UCLA_1_0051251 | downloaded | 133.8 KiB
19:00:42 | INFO | [791/956] UCLA_1_0051253 | downloaded | 130.2 KiB
19:00:43 | INFO | [792/956] UCLA_1_0051252 | downloaded | 131.2 KiB
19:00:43 | INFO | [793/956] UCLA_1_0051255 | downloaded | 132.0 KiB
19:00:43 | INFO | [794/956] UCLA_1_0051254 | downloaded | 131.3 KiB
19:00:43 | INFO | [795/956] UCLA_1_0051260 | downloaded | 131.2 KiB
19:00:43 | INFO | [796/956] UCLA_1_0051256 | downloaded | 131.1 KiB
19:00:43 | INFO | [797/956] UCLA_1_0051257 | downloaded | 131.9 KiB
19:00:43 | INFO | [798/956] UCLA_1_0051261 | downloaded | 132.1 KiB
19:00:44 | INFO | [799/956] UCLA_1_0051262 | downloaded | 131.1 KiB
19:00:44 | INFO | [800/956] UCLA_1_0051264 | downloaded | 130.4 KiB
19:00:44 | INFO | [801/956] UCLA_1_0051266 | downloaded | 132.8 KiB
19:00:44 | INFO | [802/956] UCLA_1_0051265 | downloaded | 129.9 KiB
19:00:44 | INFO | [803/956] UCLA_1_0051267 | downloaded | 131.1 KiB
19:00:44 | INFO | [804/956] UCLA_1_0051268 | downloaded | 131.3 KiB
19:00:45 | INFO | [805/956] UCLA_1_0051269 | downloaded | 130.9 KiB
19:00:45 | INFO | [806/956] UCLA_1_0051272 | downloaded | 130.8 KiB
19:00:45 | INFO | [807/956] UCLA_1_0051271 | downloaded | 130.4 KiB
19:00:45 | INFO | [808/956] UCLA_1_0051274 | downloaded | 134.3 KiB
19:00:45 | INFO | [809/956] UCLA_1_0051273 | downloaded | 130.1 KiB
19:00:46 | INFO | [810/956] UCLA_1_0051276 | downloaded | 130.5 KiB
19:00:46 | INFO | [811/956] UCLA_1_0051277 | downloaded | 130.1 KiB
19:00:46 | INFO | [812/956] UCLA_1_0051278 | downloaded | 133.3 KiB
19:00:46 | INFO | [813/956] UCLA_1_0051275 | downloaded | 132.1 KiB
19:00:46 | INFO | [814/956] UCLA_1_0051279 | downloaded | 129.4 KiB
19:00:46 | INFO | [815/956] UCLA_1_0051281 | downloaded | 130.4 KiB
19:00:47 | INFO | [816/956] UCLA_1_0051282 | downloaded | 132.5 KiB
19:00:47 | INFO | [817/956] UCLA_1_0051280 | downloaded | 130.9 KiB
19:00:47 | INFO | [818/956] UCLA_2_0051303 | downloaded | 130.4 KiB
19:00:47 | INFO | [819/956] UCLA_2_0051306 | downloaded | 131.6 KiB
19:00:47 | INFO | [820/956] UCLA_2_0051304 | downloaded | 133.6 KiB
19:00:47 | INFO | [821/956] UCLA_2_0051305 | downloaded | 129.2 KiB
19:00:48 | INFO | [822/956] UCLA_2_0051307 | downloaded | 132.7 KiB
19:00:48 | INFO | [823/956] UCLA_2_0051309 | downloaded | 131.8 KiB
19:00:48 | INFO | [824/956] UCLA_2_0051311 | downloaded | 131.7 KiB
19:00:48 | INFO | [825/956] UCLA_2_0051308 | downloaded | 130.8 KiB
19:00:48 | INFO | [826/956] UCLA_2_0051312 | downloaded | 131.3 KiB
19:00:48 | INFO | [827/956] UCLA_2_0051314 | downloaded | 130.6 KiB
19:00:48 | INFO | [828/956] UCLA_2_0051313 | downloaded | 130.4 KiB
19:00:49 | INFO | [829/956] UCLA_2_0051315 | downloaded | 132.0 KiB
19:00:49 | INFO | [830/956] UCLA_2_0051316 | downloaded | 131.5 KiB
19:00:49 | INFO | [831/956] UM_1_0050327 | downloaded | 338.9 KiB
19:00:49 | INFO | [832/956] UM_1_0050329 | downloaded | 335.2 KiB
19:00:50 | INFO | [833/956] UM_1_0050331 | downloaded | 340.4 KiB
19:00:50 | INFO | [834/956] UM_1_0050330 | downloaded | 339.8 KiB
19:00:50 | INFO | [835/956] UM_1_0050332 | downloaded | 342.8 KiB
19:00:50 | INFO | [836/956] UM_1_0050333 | downloaded | 345.0 KiB
19:00:50 | INFO | [837/956] UM_1_0050334 | downloaded | 338.5 KiB
19:00:50 | INFO | [838/956] UM_1_0050335 | downloaded | 337.1 KiB
19:00:51 | INFO | [839/956] UM_1_0050336 | downloaded | 335.5 KiB
19:00:51 | INFO | [840/956] UM_1_0050337 | downloaded | 339.6 KiB
19:00:51 | INFO | [841/956] UM_1_0050338 | downloaded | 340.4 KiB
19:00:51 | INFO | [842/956] UM_1_0050339 | downloaded | 335.8 KiB
19:00:52 | INFO | [843/956] UM_1_0050340 | downloaded | 337.2 KiB
19:00:52 | INFO | [844/956] UM_1_0050342 | downloaded | 341.9 KiB
19:00:52 | INFO | [845/956] UM_1_0050341 | downloaded | 335.5 KiB
19:00:52 | INFO | [846/956] UM_1_0050343 | downloaded | 342.0 KiB
19:00:52 | INFO | [847/956] UM_1_0050345 | downloaded | 338.8 KiB
19:00:52 | INFO | [848/956] UM_1_0050346 | downloaded | 338.8 KiB
19:00:52 | INFO | [849/956] UM_1_0050344 | downloaded | 338.4 KiB
19:00:53 | INFO | [850/956] UM_1_0050347 | downloaded | 338.9 KiB
19:00:53 | INFO | [851/956] UM_1_0050349 | downloaded | 337.4 KiB
19:00:53 | INFO | [852/956] UM_1_0050348 | downloaded | 340.4 KiB
19:00:53 | INFO | [853/956] UM_1_0050350 | downloaded | 337.9 KiB
19:00:53 | INFO | [854/956] UM_1_0050351 | downloaded | 337.3 KiB
19:00:54 | INFO | [855/956] UM_1_0050353 | downloaded | 340.1 KiB
19:00:54 | INFO | [856/956] UM_1_0050354 | downloaded | 348.2 KiB
19:00:54 | INFO | [857/956] UM_1_0050352 | downloaded | 342.8 KiB
19:00:54 | INFO | [858/956] UM_1_0050355 | downloaded | 340.8 KiB
19:00:54 | INFO | [859/956] UM_1_0050356 | downloaded | 336.5 KiB
19:00:55 | INFO | [860/956] UM_1_0050358 | downloaded | 338.2 KiB
19:00:55 | INFO | [861/956] UM_1_0050357 | downloaded | 337.1 KiB
19:00:55 | INFO | [862/956] UM_1_0050359 | downloaded | 347.7 KiB
19:00:55 | INFO | [863/956] UM_1_0050360 | downloaded | 337.4 KiB
19:00:55 | INFO | [864/956] UM_1_0050362 | downloaded | 339.4 KiB
19:00:56 | INFO | [865/956] UM_1_0050361 | downloaded | 339.0 KiB
19:00:56 | INFO | [866/956] UM_1_0050363 | downloaded | 341.9 KiB
19:00:56 | INFO | [867/956] UM_1_0050365 | downloaded | 339.1 KiB
19:00:56 | INFO | [868/956] UM_1_0050366 | downloaded | 344.2 KiB
19:00:56 | INFO | [869/956] UM_1_0050364 | downloaded | 344.1 KiB
19:00:57 | INFO | [870/956] UM_1_0050367 | downloaded | 337.7 KiB
19:00:57 | INFO | [871/956] UM_1_0050368 | downloaded | 340.2 KiB
19:00:57 | INFO | [872/956] UM_1_0050369 | downloaded | 337.7 KiB
19:00:57 | INFO | [873/956] UM_1_0050370 | downloaded | 343.0 KiB
19:00:58 | INFO | [874/956] UM_1_0050371 | downloaded | 346.8 KiB
19:00:58 | INFO | [875/956] UM_1_0050373 | downloaded | 339.9 KiB
19:00:58 | INFO | [876/956] UM_1_0050372 | downloaded | 339.2 KiB
19:00:58 | INFO | [877/956] UM_1_0050374 | downloaded | 339.5 KiB
19:00:58 | INFO | [878/956] UM_1_0050375 | downloaded | 336.2 KiB
19:00:58 | INFO | [879/956] UM_1_0050376 | downloaded | 346.3 KiB
19:00:59 | INFO | [880/956] UM_1_0050379 | downloaded | 339.8 KiB
19:00:59 | INFO | [881/956] UM_1_0050377 | downloaded | 339.0 KiB
19:00:59 | INFO | [882/956] UM_1_0050380 | downloaded | 343.3 KiB
19:00:59 | INFO | [883/956] UM_1_0050381 | downloaded | 342.1 KiB
19:00:59 | INFO | [884/956] UM_2_0050382 | downloaded | 339.2 KiB
19:00:59 | INFO | [885/956] UM_2_0050385 | downloaded | 338.8 KiB
19:01:00 | INFO | [886/956] UM_2_0050386 | downloaded | 336.0 KiB
19:01:00 | INFO | [887/956] UM_2_0050388 | downloaded | 340.5 KiB
19:01:00 | INFO | [888/956] UM_2_0050390 | downloaded | 339.7 KiB
19:01:00 | INFO | [889/956] UM_2_0050387 | downloaded | 341.2 KiB
19:01:01 | INFO | [890/956] UM_2_0050391 | downloaded | 343.1 KiB
19:01:01 | INFO | [891/956] UM_2_0050416 | downloaded | 343.2 KiB
19:01:01 | INFO | [892/956] UM_2_0050414 | downloaded | 337.2 KiB
19:01:01 | INFO | [893/956] UM_2_0050415 | downloaded | 339.0 KiB
19:01:01 | INFO | [894/956] UM_2_0050417 | downloaded | 335.8 KiB
19:01:02 | INFO | [895/956] UM_2_0050418 | downloaded | 339.3 KiB
19:01:02 | INFO | [896/956] UM_2_0050421 | downloaded | 341.8 KiB
19:01:02 | INFO | [897/956] UM_2_0050419 | downloaded | 338.8 KiB
19:01:02 | INFO | [898/956] UM_2_0050424 | downloaded | 339.2 KiB
19:01:02 | INFO | [899/956] UM_2_0050422 | downloaded | 347.0 KiB
19:01:02 | INFO | [900/956] UM_2_0050425 | downloaded | 339.2 KiB
19:01:03 | INFO | [901/956] UM_2_0050426 | downloaded | 338.8 KiB
19:01:03 | INFO | [902/956] USM_0050433 | downloaded | 268.8 KiB
19:01:03 | INFO | [903/956] UM_2_0050427 | downloaded | 338.6 KiB
19:01:03 | INFO | [904/956] UM_2_0050428 | downloaded | 337.6 KiB
19:01:03 | INFO | [905/956] USM_0050434 | downloaded | 270.7 KiB
19:01:04 | INFO | [906/956] USM_0050435 | downloaded | 271.4 KiB
19:01:04 | INFO | [907/956] USM_0050436 | downloaded | 271.1 KiB
19:01:04 | INFO | [908/956] USM_0050437 | downloaded | 271.5 KiB
19:01:04 | INFO | [909/956] USM_0050438 | downloaded | 270.8 KiB
19:01:04 | INFO | [910/956] USM_0050440 | downloaded | 271.1 KiB
19:01:05 | INFO | [911/956] USM_0050439 | downloaded | 270.8 KiB
19:01:05 | INFO | [912/956] USM_0050441 | downloaded | 268.8 KiB
19:01:05 | INFO | [913/956] USM_0050442 | downloaded | 267.8 KiB
19:01:05 | INFO | [914/956] USM_0050443 | downloaded | 269.1 KiB
19:01:05 | INFO | [915/956] USM_0050444 | downloaded | 272.1 KiB
19:01:06 | INFO | [916/956] USM_0050447 | downloaded | 270.1 KiB
19:01:06 | INFO | [917/956] USM_0050446 | downloaded | 269.6 KiB
19:01:06 | INFO | [918/956] USM_0050445 | downloaded | 269.3 KiB
19:01:06 | INFO | [919/956] USM_0050448 | downloaded | 273.4 KiB
19:01:06 | INFO | [920/956] USM_0050449 | downloaded | 270.5 KiB
19:01:06 | INFO | [921/956] USM_0050455 | downloaded | 271.3 KiB
19:01:07 | INFO | [922/956] USM_0050453 | downloaded | 277.1 KiB
19:01:07 | INFO | [923/956] USM_0050463 | downloaded | 269.9 KiB
19:01:07 | INFO | [924/956] USM_0050466 | downloaded | 268.9 KiB
19:01:07 | INFO | [925/956] USM_0050467 | downloaded | 270.5 KiB
19:01:07 | INFO | [926/956] USM_0050468 | downloaded | 267.4 KiB
19:01:08 | INFO | [927/956] USM_0050469 | downloaded | 267.1 KiB
19:01:08 | INFO | [928/956] Yale_0050551 | downloaded | 218.7 KiB
19:01:08 | INFO | [929/956] USM_0050470 | downloaded | 273.6 KiB
19:01:08 | INFO | [930/956] Yale_0050552 | downloaded | 220.1 KiB
19:01:08 | INFO | [931/956] Yale_0050554 | downloaded | 221.4 KiB
19:01:08 | INFO | [932/956] Yale_0050553 | downloaded | 222.8 KiB
19:01:09 | INFO | [933/956] Yale_0050556 | downloaded | 220.9 KiB
19:01:09 | INFO | [934/956] Yale_0050555 | downloaded | 219.9 KiB
19:01:09 | INFO | [935/956] Yale_0050557 | downloaded | 223.9 KiB
19:01:09 | INFO | [936/956] Yale_0050558 | downloaded | 220.6 KiB
19:01:09 | INFO | [937/956] Yale_0050559 | downloaded | 223.6 KiB
19:01:09 | INFO | [938/956] Yale_0050560 | downloaded | 221.9 KiB
19:01:10 | INFO | [939/956] Yale_0050562 | downloaded | 223.3 KiB
19:01:10 | INFO | [940/956] Yale_0050563 | downloaded | 222.3 KiB
19:01:10 | INFO | [941/956] Yale_0050561 | downloaded | 221.0 KiB
19:01:10 | INFO | [942/956] Yale_0050564 | downloaded | 219.6 KiB
19:01:11 | INFO | [943/956] Yale_0050565 | downloaded | 224.4 KiB
19:01:11 | INFO | [944/956] Yale_0050567 | downloaded | 221.2 KiB
19:01:11 | INFO | [945/956] Yale_0050566 | downloaded | 220.5 KiB
19:01:11 | INFO | [946/956] Yale_0050568 | downloaded | 218.9 KiB
19:01:11 | INFO | [947/956] Yale_0050570 | downloaded | 218.0 KiB
19:01:11 | INFO | [948/956] Yale_0050569 | downloaded | 220.2 KiB
19:01:11 | INFO | [949/956] Yale_0050571 | downloaded | 223.6 KiB
19:01:12 | INFO | [950/956] Yale_0050572 | downloaded | 220.3 KiB
19:01:12 | INFO | [951/956] Yale_0050573 | downloaded | 222.1 KiB
19:01:12 | INFO | [952/956] Yale_0050574 | downloaded | 220.1 KiB
19:01:12 | INFO | [953/956] Yale_0050575 | downloaded | 220.0 KiB
19:01:12 | INFO | [954/956] Yale_0050577 | downloaded | 221.5 KiB
19:01:12 | INFO | [955/956] Yale_0050576 | downloaded | 220.2 KiB
19:01:13 | INFO | [956/956] Yale_0050578 | downloaded | 224.3 KiB
19:01:13 | INFO | Download finished: 956 successful, 0 failed.
19:01:13 | INFO | Manifest: /mnt/scratch/users/3171356m/A-GCL/data/ALFF_need/download_manifest.csv
19:01:13 | INFO | Output: /mnt/scratch/users/3171356m/A-GCL/data/ALFF_need/rois_aal
