/users/3171356m/A-GCL/.venv/lib/python3.12/site-packages/torch_geometric/data/in_memory_dataset.py:300: UserWarning: It is not recommended to directly access the internal storage format `data` of an 'InMemoryDataset'. If you are absolutely certain what you are doing, access the internal storage via `InMemoryDataset._data` instead to suppress this warning. Alternatively, you can access stacked individual attributes of every graph via `dataset.{attr_name}`.
  warnings.warn(msg)
00:31:07 | INFO | Loaded dataset: N=956, ASD=455, NC=501
/users/3171356m/A-GCL/.venv/lib/python3.12/site-packages/torch_geometric/deprecation.py:26: UserWarning: 'data.DataLoader' is deprecated, use 'loader.DataLoader' instead
  warnings.warn(out)
00:31:07 | INFO | ==============================================================================
00:31:07 | INFO | SOURCE: NEW ALFF -- signal localization, stage by stage
00:31:07 | INFO | ==============================================================================
00:33:41 | INFO | [raw_edges       ] acc=0.6569 +- 0.0237 | auc=0.7057 +- 0.0242
00:33:41 | INFO | [agg1_pre_mlp    ] acc=0.5293 +- 0.0189 | auc=0.5261 +- 0.0319
00:33:42 | INFO | [gin1_post_mlp   ] acc=0.5146 +- 0.0277 | auc=0.5171 +- 0.0224
00:33:42 | INFO | [gin1_post_bn    ] acc=0.5063 +- 0.0298 | auc=0.4959 +- 0.0556
00:33:43 | INFO | [agg2_pre_mlp    ] acc=0.5063 +- 0.0347 | auc=0.5021 +- 0.0393
00:33:43 | INFO | [gin2_post_mlp   ] acc=0.5147 +- 0.0134 | auc=0.5031 +- 0.0236
00:33:44 | INFO | [gin2_post_bn    ] acc=0.5147 +- 0.0134 | auc=0.5031 +- 0.0236
00:33:44 | INFO | [h               ] acc=0.5209 +- 0.0221 | auc=0.5117 +- 0.0201
00:33:44 | INFO | Saved: /users/3171356m/A-GCL/layertesting/layer3/signal_localization_results_new.npz
00:33:44 | INFO | ==============================================================================
00:33:44 | INFO | SUMMARY: accuracy by stage, new ALFF
00:33:44 | INFO | ==============================================================================
00:33:44 | INFO | Stage            | Accuracy  
00:33:44 | INFO | raw_edges        | 0.6569
00:33:44 | INFO | agg1_pre_mlp     | 0.5293
00:33:44 | INFO | gin1_post_mlp    | 0.5146
00:33:44 | INFO | gin1_post_bn     | 0.5063
00:33:44 | INFO | agg2_pre_mlp     | 0.5063
00:33:44 | INFO | gin2_post_mlp    | 0.5147
00:33:44 | INFO | gin2_post_bn     | 0.5147
00:33:44 | INFO | h                | 0.5209
