host=node16.cognition.gla.alces.network job=1869349 arr=5 git=72accecb86b496557734031a1ba1a9e0825f79c6 date=2026-08-19T02:56:11+01:00
total units 330, this task 33, device cpu
done emb_s000_O_D 0.9s
done emb_s001_C_B 0.9s
done emb_s002_C_C 0.9s
done emb_s003_C_D 0.9s
done emb_s005_P_B 0.7s
done emb_s006_P_C 0.7s
done emb_s007_P_D 0.7s
done emb_s008_O_B 0.9s
done emb_s009_O_C 0.9s
done emb_s010_O_D 0.9s
done emb_s011_C_B 0.9s
done emb_s012_C_C 0.9s
done emb_s013_C_D 0.9s
done emb_s015_P_B 0.7s
done emb_s016_P_C 0.7s
done emb_s017_P_D 0.7s
done emb_s018_O_B 0.9s
done emb_s019_O_C 0.9s
done emb_s020_O_D 0.9s
done emb_s021_C_B 0.9s
done emb_s022_C_C 0.9s
done emb_s023_C_D 0.9s
done emb_s025_P_B 0.7s
done emb_s026_P_C 0.7s
done emb_s027_P_D 0.7s
done emb_s028_O_B 0.9s
done emb_s029_O_C 0.9s
done emb_s031_C_B 0.8s
done emb_s035_P_B 0.7s
done emb_s038_O_B 0.9s
done emb_s041_C_B 0.8s
done emb_s045_P_B 0.7s
done emb_s048_O_B 0.9s
J3a TASK COMPLETE
