host=node10.cognition.gla.alces.network job=1869311 arr=0 git=72accecb86b496557734031a1ba1a9e0825f79c6 date=2026-08-19T02:44:10+01:00
total units 330, this task 33, device cpu
done emb_s000_P_B 0.9s
done emb_s001_P_C 0.7s
done emb_s002_P_D 0.8s
done emb_s003_O_B 0.9s
done emb_s004_O_C 0.9s
done emb_s005_O_D 1.2s
done emb_s006_C_B 0.9s
done emb_s007_C_C 0.9s
done emb_s008_C_D 0.9s
done emb_s010_P_B 0.7s
done emb_s011_P_C 0.8s
done emb_s012_P_D 0.8s
done emb_s013_O_B 0.9s
done emb_s014_O_C 0.9s
done emb_s015_O_D 0.9s
done emb_s016_C_B 0.9s
done emb_s017_C_C 1.0s
done emb_s018_C_D 0.9s
done emb_s020_P_B 0.7s
done emb_s021_P_C 0.7s
done emb_s022_P_D 0.7s
done emb_s023_O_B 1.5s
done emb_s024_O_C 1.1s
done emb_s025_O_D 1.2s
done emb_s026_C_B 1.0s
done emb_s027_C_C 1.0s
done emb_s028_C_D 1.0s
done emb_s030_P_B 0.8s
done emb_s033_O_B 1.1s
done emb_s036_C_B 1.5s
done emb_s040_P_B 0.9s
done emb_s043_O_B 1.4s
done emb_s046_C_B 1.4s
J3a TASK COMPLETE
