host=node15.cognition.gla.alces.network job=1869350 arr=6 git=72accecb86b496557734031a1ba1a9e0825f79c6 date=2026-08-19T02:56:11+01:00
total units 330, this task 33, device cpu
done emb_s000_C_B 1.1s
done emb_s001_C_C 1.0s
done emb_s002_C_D 1.0s
done emb_s004_P_B 0.8s
done emb_s005_P_C 0.8s
done emb_s006_P_D 0.8s
done emb_s007_O_B 1.0s
done emb_s008_O_C 1.0s
done emb_s009_O_D 1.0s
done emb_s010_C_B 1.0s
done emb_s011_C_C 1.0s
done emb_s012_C_D 1.0s
done emb_s014_P_B 0.8s
done emb_s015_P_C 0.8s
done emb_s016_P_D 0.8s
done emb_s017_O_B 1.0s
done emb_s018_O_C 1.0s
done emb_s019_O_D 0.9s
done emb_s020_C_B 1.0s
done emb_s021_C_C 1.0s
done emb_s022_C_D 1.0s
done emb_s024_P_B 0.8s
done emb_s025_P_C 0.8s
done emb_s026_P_D 0.8s
done emb_s027_O_B 1.0s
done emb_s028_O_C 1.0s
done emb_s029_O_D 1.0s
done emb_s032_P_B 0.8s
done emb_s035_O_B 1.0s
done emb_s038_C_B 0.9s
done emb_s042_P_B 0.8s
done emb_s045_O_B 1.0s
done emb_s048_C_B 1.0s
J3a TASK COMPLETE
