host=node14.cognition.gla.alces.network job=1869366 arr=13 git=72accecb86b496557734031a1ba1a9e0825f79c6 date=2026-08-19T02:57:41+01:00
330 embeddings, this task 20
done probe_emb_s001_O_C 0.4639
done probe_emb_s003_C_D 0.5317
done probe_emb_s005_C_B 0.4939
done probe_emb_s006_P_C 0.5043
done probe_emb_s008_O_D 0.5209
done probe_emb_s010_O_B 0.4785
done probe_emb_s012_C_C 0.4865
done probe_emb_s013_P_D 0.5043
done probe_emb_s015_P_B 0.4879
done probe_emb_s017_O_C 0.4798
done probe_emb_s019_C_D 0.5361
done probe_emb_s021_C_B 0.5173
done probe_emb_s022_P_C 0.4491
done probe_emb_s024_O_D 0.5083
done probe_emb_s026_O_B 0.503
done probe_emb_s028_C_C 0.46
done probe_emb_s029_P_D 0.5082
done probe_emb_s035_C_B 0.4935
done probe_emb_s040_O_B 0.5185
done probe_emb_s045_P_B 0.5082
J3b TASK COMPLETE
