host=node16.cognition.gla.alces.network job=1869362 arr=9 git=72accecb86b496557734031a1ba1a9e0825f79c6 date=2026-08-19T02:57:41+01:00
330 embeddings, this task 21
done probe_emb_s001_C_B 0.4965
done probe_emb_s002_P_C 0.4709
done probe_emb_s004_O_D 0.5154
done probe_emb_s006_O_B 0.4734
done probe_emb_s008_C_C 0.4777
done probe_emb_s009_P_D 0.4939
done probe_emb_s011_P_B 0.5083
done probe_emb_s013_O_C 0.4488
done probe_emb_s015_C_D 0.499
done probe_emb_s017_C_B 0.5025
done probe_emb_s018_P_C 0.5
done probe_emb_s020_O_D 0.4977
done probe_emb_s022_O_B 0.5199
done probe_emb_s024_C_C 0.4911
done probe_emb_s025_P_D 0.5237
done probe_emb_s027_P_B 0.4806
done probe_emb_s029_O_C 0.4832
done probe_emb_s033_P_B 0.5065
done probe_emb_s039_C_B 0.4813
done probe_emb_s044_O_B 0.5056
done probe_emb_s049_P_B 0.4838
J3b TASK COMPLETE
