host=node09.cognition.gla.alces.network job=1869359 arr=6 git=72accecb86b496557734031a1ba1a9e0825f79c6 date=2026-08-19T02:57:41+01:00
330 embeddings, this task 21
done probe_emb_s000_P_B 0.505
done probe_emb_s002_O_C 0.4769
done probe_emb_s004_C_D 0.5154
done probe_emb_s006_C_B 0.4734
done probe_emb_s007_P_C 0.4462
done probe_emb_s009_O_D 0.5242
done probe_emb_s011_O_B 0.522
done probe_emb_s013_C_C 0.4488
done probe_emb_s014_P_D 0.5491
done probe_emb_s016_P_B 0.4961
done probe_emb_s018_O_C 0.4541
done probe_emb_s020_C_D 0.4977
done probe_emb_s022_C_B 0.5199
done probe_emb_s023_P_C 0.464
done probe_emb_s025_O_D 0.5236
done probe_emb_s027_O_B 0.5073
done probe_emb_s029_C_C 0.4832
done probe_emb_s032_P_B 0.4818
done probe_emb_s038_C_B 0.4962
done probe_emb_s043_O_B 0.5067
done probe_emb_s048_P_B 0.4845
J3b TASK COMPLETE
