host=node14.cognition.gla.alces.network job=1869285 git=72accecb86b496557734031a1ba1a9e0825f79c6 date=2026-08-19T04:26:43+01:00
J1A done
J1B done
J1C done
J1D done
J1 COMPLETE
traced P B
traced P C
traced P D
traced O B
traced O C
traced O D
traced C B
traced C C
traced C D
estimated full-tensor storage: 0.00 GB
J2 COMPLETE
total units 21, this task 21, device cuda
done emb_s000_P_B 0.3s
done emb_s000_P_C 0.0s
done emb_s000_P_D 0.0s
done emb_s000_O_B 0.0s
done emb_s000_O_C 0.0s
done emb_s000_O_D 0.0s
done emb_s000_C_B 0.0s
done emb_s000_C_C 0.0s
done emb_s000_C_D 0.0s
done emb_s001_P_B 0.0s
done emb_s001_P_C 0.0s
done emb_s001_P_D 0.0s
done emb_s001_O_B 0.0s
done emb_s001_O_C 0.0s
done emb_s001_O_D 0.0s
done emb_s001_C_B 0.0s
done emb_s001_C_C 0.0s
done emb_s001_C_D 0.0s
done emb_s002_P_B 0.0s
done emb_s002_O_B 0.0s
done emb_s002_C_B 0.0s
J3a TASK COMPLETE
21 embeddings, this task 21
done probe_emb_s000_C_B 1.0
done probe_emb_s000_C_C 0.7333
done probe_emb_s000_C_D 0.5333
done probe_emb_s000_O_B 1.0
done probe_emb_s000_O_C 0.7333
done probe_emb_s000_O_D 0.5333
done probe_emb_s000_P_B 0.8667
done probe_emb_s000_P_C 1.0
done probe_emb_s000_P_D 0.6667
done probe_emb_s001_C_B 1.0
done probe_emb_s001_C_C 0.8
done probe_emb_s001_C_D 0.4
done probe_emb_s001_O_B 1.0
done probe_emb_s001_O_C 0.8
done probe_emb_s001_O_D 0.4
done probe_emb_s001_P_B 0.8667
done probe_emb_s001_P_C 0.9333
done probe_emb_s001_P_D 0.7333
done probe_emb_s002_C_B 1.0
done probe_emb_s002_O_B 1.0
done probe_emb_s002_P_B 0.8667
J3b TASK COMPLETE
--- determinism: identical rerun of one J3a unit ---
GPU rerun bitwise identical: False
GPU rerun max_abs_diff: 0.001953125 max_rel_diff: 3.7883652112213895e-05
NOTE: CUDA scatter_add uses atomics -> run-to-run non-determinism is EXPECTED and is
      recorded as evidence. CPU remains the bitwise-reproducible reference and is the
      resource chosen for all real S7 units.
--- benchmark: ONE FULL 954-subject random-encoder unit on CPU ---
BENCH_GPU {"device": "cuda", "forward_s": 0.43, "serialize_s": 0.01, "probe_s": 0.63, "total_s": 1.07, "h_shape": [954, 32], "z_shape": [954, 32]}
--- CPU vs GPU numerical agreement (section 16) ---
CPU_GPU_NUMERICAL {"h": {"max_abs": 1.71661376953125e-05, "max_rel": 0.034017425030469894}, "h_vs_refcpu": {"max_abs": 1.71661376953125e-05}, "z": {"max_abs": 1.52587890625e-05, "max_rel": 0.009124089032411575}, "z_vs_refcpu": {"max_abs": 1.52587890625e-05}}
SMOKE_GPU_PASS
